 simple_sfun

 Timestamp is 55167d77 (Sat Mar 28 15:37:51 2015)

 Preferred load address is 0000000180000000

 Start         Length     Name                   Class
 0001:00000000 00039c34H .text                   CODE
 0001:00039c40 00000092H .text$x                 CODE
 0002:00000000 00000488H .idata$5                DATA
 0002:00000488 00000008H .CRT$XCA                DATA
 0002:00000490 00000008H .CRT$XCZ                DATA
 0002:00000498 00000008H .CRT$XIA                DATA
 0002:000004a0 00000008H .CRT$XIAA               DATA
 0002:000004a8 00000008H .CRT$XIZ                DATA
 0002:000004b0 00004b8cH .rdata                  DATA
 0002:00005040 00000008H .rtc$IAA                DATA
 0002:00005048 00000008H .rtc$IZZ                DATA
 0002:00005050 00000008H .rtc$TAA                DATA
 0002:00005058 00000008H .rtc$TZZ                DATA
 0002:00005060 000042a4H .xdata                  DATA
 0002:00009304 0000008cH .idata$2                DATA
 0002:00009390 00000014H .idata$3                DATA
 0002:000093a8 00000488H .idata$4                DATA
 0002:00009830 00000a9eH .idata$6                DATA
 0002:0000a2d0 00000051H .edata                  DATA
 0003:00000000 00001b28H .data                   DATA
 0003:00001b40 00002418H .bss                    DATA
 0004:00000000 000032f4H .pdata                  DATA

  Address         Publics by Value              Rva+Base               Lib:Object

 0000:00000000       ___safe_se_handler_count   0000000000000000     <absolute>
 0000:00000000       ___safe_se_handler_table   0000000000000000     <absolute>
 0000:00000000       __ImageBase                0000000180000000     <linker-defined>
 0001:00000000       sf_c1_simple_get_eml_resolved_functions_info 0000000180001000 f   c1_simple.obj
 0001:00000080       sf_c1_simple_get_check_sum 0000000180001080 f   c1_simple.obj
 0001:00000100       sf_c1_simple_get_autoinheritance_info 0000000180001100 f   c1_simple.obj
 0001:00000520       sf_c1_simple_third_party_uses_info 0000000180001520 f   c1_simple.obj
 0001:00000550       sf_internal_get_sim_state_c1_simple 0000000180001550 f   c1_simple.obj
 0001:00000a90       sf_internal_set_sim_state_c1_simple 0000000180001a90 f   c1_simple.obj
 0001:000015d0       c1_simple_method_dispatcher 00000001800025d0 f   c1_simple.obj
 0001:00005470       sf_c2_simple_get_eml_resolved_functions_info 0000000180006470 f   c2_simple.obj
 0001:000054f0       sf_c2_simple_get_check_sum 00000001800064f0 f   c2_simple.obj
 0001:00005570       sf_c2_simple_get_autoinheritance_info 0000000180006570 f   c2_simple.obj
 0001:00005810       sf_c2_simple_third_party_uses_info 0000000180006810 f   c2_simple.obj
 0001:00005840       sf_internal_get_sim_state_c2_simple 0000000180006840 f   c2_simple.obj
 0001:00005ae0       sf_internal_set_sim_state_c2_simple 0000000180006ae0 f   c2_simple.obj
 0001:00005d90       c2_simple_method_dispatcher 0000000180006d90 f   c2_simple.obj
 0001:000079d0       sf_process_check_sum_call  00000001800089d0 f   simple_sfun_registry.obj
 0001:00007a20       sf_process_autoinheritance_call 0000000180008a20 f   simple_sfun_registry.obj
 0001:00007bc0       sf_process_get_third_party_uses_info_call 0000000180008bc0 f   simple_sfun_registry.obj
 0001:00007d60       sf_process_get_eml_resolved_functions_info_call 0000000180008d60 f   simple_sfun_registry.obj
 0001:00007ee0       sf_mex_unlock_call         0000000180008ee0 f   simple_sfun_registry.obj
 0001:00007f90       sf_machine_global_initializer_called 0000000180008f90 f   simple_sfun_registry.obj
 0001:00007fc0       sf_machine_global_method_dispatcher 0000000180008fc0 f   simple_sfun_registry.obj
 0001:00008020       sf_machine_global_terminator 0000000180009020 f   simple_sfun_registry.obj
 0001:00008070       sf_register_machine_exported_symbols 0000000180009070 f   simple_sfun_registry.obj
 0001:00008090       callCustomFcn              0000000180009090 f   simple_sfun_registry.obj
 0001:000080a0       sf_machine_global_initializer 00000001800090a0 f   simple_sfun_registry.obj
 0001:00008120       _ssSetStateAbsTol          0000000180009120 f   simple_sfun_registry.obj
 0001:00008200       _ssGetAbsTol               0000000180009200 f   simple_sfun_registry.obj
 0001:00008270       _ssSetInputPortMatrixDimensions 0000000180009270 f   simple_sfun_registry.obj
 0001:00008380       _ssSetOutputPortMatrixDimensions 0000000180009380 f   simple_sfun_registry.obj
 0001:00008490       _ssSetInputPortVectorDimension 0000000180009490 f   simple_sfun_registry.obj
 0001:00008560       _ssSetOutputPortVectorDimension 0000000180009560 f   simple_sfun_registry.obj
 0001:00008630       ssIsRunTimeParamTunable    0000000180009630 f   simple_sfun_registry.obj
 0001:000086a0       ssGetSFuncBlockHandle      00000001800096a0 f   simple_sfun_registry.obj
 0001:00008710       _ssGetCurrentInputPortWidth 0000000180009710 f   simple_sfun_registry.obj
 0001:00008830       _ssGetCurrentOutputPortWidth 0000000180009830 f   simple_sfun_registry.obj
 0001:00008950       _ssGetCallSystemNumFcnCallDestinations 0000000180009950 f   simple_sfun_registry.obj
 0001:000089c0       ssWarning                  00000001800099c0 f   simple_sfun_registry.obj
 0001:00008ad0       ssGetIsZeroCrossControlDisabled 0000000180009ad0 f   simple_sfun_registry.obj
 0001:00008b40       ssSetIsInputPortUsedForContZcSignal 0000000180009b40 f   simple_sfun_registry.obj
 0001:00008bb0       ssSetZcSignalIsZcElementDisc 0000000180009bb0 f   simple_sfun_registry.obj
 0001:00008c60       ssSetZcSignalName          0000000180009c60 f   simple_sfun_registry.obj
 0001:00008cd0       ssSetZcSignalWidth         0000000180009cd0 f   simple_sfun_registry.obj
 0001:00008d40       ssSetZcSignalZcEventType   0000000180009d40 f   simple_sfun_registry.obj
 0001:00008db0       ssSetZcSignalType          0000000180009db0 f   simple_sfun_registry.obj
 0001:00008e20       ssSetZcSignalZcTol         0000000180009e20 f   simple_sfun_registry.obj
 0001:00008e90       ssSetZcSignalNeedsEventNotification 0000000180009e90 f   simple_sfun_registry.obj
 0001:00008f00       ssCreateAndAddZcSignalInfo 0000000180009f00 f   simple_sfun_registry.obj
 0001:00008f70       ssCloneAndAddZcSignalInfo  0000000180009f70 f   simple_sfun_registry.obj
 0001:00008fe0       ssGetNumZcSignals          0000000180009fe0 f   simple_sfun_registry.obj
 0001:00009050       ssGetZcSignalVector        000000018000a050 f   simple_sfun_registry.obj
 0001:000090c0       ssGetZcSignalZcEvents      000000018000a0c0 f   simple_sfun_registry.obj
 0001:00009130       ssGetZcSignalName          000000018000a130 f   simple_sfun_registry.obj
 0001:000091a0       ssGetZcSignalWidth         000000018000a1a0 f   simple_sfun_registry.obj
 0001:00009210       ssGetZcSignalZcEventType   000000018000a210 f   simple_sfun_registry.obj
 0001:00009280       ssGetZcSignalType          000000018000a280 f   simple_sfun_registry.obj
 0001:000092f0       ssGetZcSignalZcTol         000000018000a2f0 f   simple_sfun_registry.obj
 0001:00009370       ssGetZcSignalNeedsEventNotification 000000018000a370 f   simple_sfun_registry.obj
 0001:000093e0       ssGetZcSignalIsZcElementDisc 000000018000a3e0 f   simple_sfun_registry.obj
 0001:00009480       ssGetIsInputPortElementContinuous 000000018000a480 f   simple_sfun_registry.obj
 0001:00009520       _ssGetInputPortSignalPtrsFcn 000000018000a520 f   simple_sfun_registry.obj
 0001:000097e0       _ssGetInputPortSignalFcn   000000018000a7e0 f   simple_sfun_registry.obj
 0001:00009a00       _ssSetInputPortDirectFeedThroughFcn 000000018000aa00 f   simple_sfun_registry.obj
 0001:00009b60       _ssSetInputPortReusableFcn 000000018000ab60 f   simple_sfun_registry.obj
 0001:00009c50       _ssSetOutputPortReusableFcn 000000018000ac50 f   simple_sfun_registry.obj
 0001:00009d30       ssGetDTypeIdFromMxArray    000000018000ad30 f   simple_sfun_registry.obj
 0001:00009e50       ssWriteRTWStr              000000018000ae50 f   simple_sfun_registry.obj
 0001:00009eb0       ssWriteRTWMxVectParam      000000018000aeb0 f   simple_sfun_registry.obj
 0001:00009f10       ssWriteRTWMx2dMatParam     000000018000af10 f   simple_sfun_registry.obj
 0001:00009f90       ssWriteRTWNameValuePair    000000018000af90 f   simple_sfun_registry.obj
 0001:0000a480       ssWriteRTWParameters       000000018000b480 f   simple_sfun_registry.obj
 0001:0000aa80       ssWriteRTWParamSettings    000000018000ba80 f   simple_sfun_registry.obj
 0001:0000b150       ssWriteRTWWorkVect         000000018000c150 f   simple_sfun_registry.obj
 0001:0000b650       mexFunction                000000018000c650 f   simple_sfun_registry.obj
 0001:0000d380       ProcessMexSfunctionEveryCall 000000018000e380 f   simple_sfun_registry.obj
 0001:0000d4f0       simple_initializer         000000018000e4f0 f   simple_sfun.obj
 0001:0000d500       simple_terminator          000000018000e500 f   simple_sfun.obj
 0001:0000d510       sf_simple_method_dispatcher 000000018000e510 f   simple_sfun.obj
 0001:0000d580       sf_simple_process_check_sum_call 000000018000e580 f   simple_sfun.obj
 0001:0000d9a0       sf_simple_autoinheritance_info 000000018000e9a0 f   simple_sfun.obj
 0001:0000db60       sf_simple_get_eml_resolved_functions_info 000000018000eb60 f   simple_sfun.obj
 0001:0000dcd0       sf_simple_third_party_uses_info 000000018000ecd0 f   simple_sfun.obj
 0001:0000de50       simple_debug_initialize    000000018000ee50 f   simple_sfun.obj
 0001:0000ded0       simple_register_exported_symbols 000000018000eed0 f   simple_sfun.obj
 0001:0000dee0       load_simple_optimization_info 000000018000eee0 f   simple_sfun.obj
 0001:0000df30       unload_simple_optimization_info 000000018000ef30 f   simple_sfun.obj
 0001:0000e050       sf_mex_mx_is_numeric       000000018000f050 f   sfc_mex:sfc_mex.obj
 0001:0000e090       strcmp_ignore_ws           000000018000f090 f   sfc_mex:sfc_mex.obj
 0001:0000e1d0       sf_mex_duplicatearraysafe  000000018000f1d0 f   sfc_mex:sfc_mex.obj
 0001:0000e330       sf_set_error_debugger_context_message_fcn 000000018000f330 f   sfc_mex:sfc_mex.obj
 0001:0000e340       sf_set_debugger_matlab_error_fcn 000000018000f340 f   sfc_mex:sfc_mex.obj
 0001:0000e380       sf_set_error_prefix_string 000000018000f380 f   sfc_mex:sfc_mex.obj
 0001:0000e3b0       sf_get_error_prefix_string 000000018000f3b0 f   sfc_mex:sfc_mex.obj
 0001:0000e3c0       sf_mex_enter_parallel_region 000000018000f3c0 f   sfc_mex:sfc_mex.obj
 0001:0000e3d0       sf_mex_exit_parallel_region 000000018000f3d0 f   sfc_mex:sfc_mex.obj
 0001:0000e3e0       sf_get_current_jmp_buf_ptr 000000018000f3e0 f   sfc_mex:sfc_mex.obj
 0001:0000e3f0       sf_set_current_jmp_buf_ptr 000000018000f3f0 f   sfc_mex:sfc_mex.obj
 0001:0000e400       sf_mex_set_halt_simulation 000000018000f400 f   sfc_mex:sfc_mex.obj
 0001:0000e410       sf_mex_get_halt_simulation 000000018000f410 f   sfc_mex:sfc_mex.obj
 0001:0000e420       sf_mex_clear_error_message 000000018000f420 f   sfc_mex:sfc_mex.obj
 0001:0000e440       sf_mex_get_error_message_for_read 000000018000f440 f   sfc_mex:sfc_mex.obj
 0001:0000e450       sf_mex_get_error_message_buffer_length 000000018000f450 f   sfc_mex:sfc_mex.obj
 0001:0000e530       sf_mex_warning_message     000000018000f530 f   sfc_mex:sfc_mex.obj
 0001:0000e5a0       sf_mex_v_errbuf_createf    000000018000f5a0 f   sfc_mex:sfc_mex.obj
 0001:0000e5b0       sf_mex_errbuf_createf      000000018000f5b0 f   sfc_mex:sfc_mex.obj
 0001:0000e5e0       sf_mex_v_errbuf_catf       000000018000f5e0 f   sfc_mex:sfc_mex.obj
 0001:0000e620       sf_mex_errbuf_catf         000000018000f620 f   sfc_mex:sfc_mex.obj
 0001:0000e670       sf_mex_errbuf_copy         000000018000f670 f   sfc_mex:sfc_mex.obj
 0001:0000e680       sf_mex_errbuf_clear        000000018000f680 f   sfc_mex:sfc_mex.obj
 0001:0000e690       sf_mex_errbuf_isempty      000000018000f690 f   sfc_mex:sfc_mex.obj
 0001:0000e790       sf_mex_set_error_status    000000018000f790 f   sfc_mex:sfc_mex.obj
 0001:0000e7e0       sf_mex_error_direct_call   000000018000f7e0 f   sfc_mex:sfc_mex.obj
 0001:0000e800       sf_mex_error_message_no_long_jump 000000018000f800 f   sfc_mex:sfc_mex.obj
 0001:0000e820       sf_mex_long_jump_on_error  000000018000f820 f   sfc_mex:sfc_mex.obj
 0001:0000e850       sf_mex_call_matlab         000000018000f850 f   sfc_mex:sfc_mex.obj
 0001:0000e970       sf_mex_check_builtin       000000018000f970 f   sfc_mex:sfc_mex.obj
 0001:0000ea10       sf_mex_check_builtin_vs    000000018000fa10 f   sfc_mex:sfc_mex.obj
 0001:0000ead0       sf_mex_check_enum          000000018000fad0 f   sfc_mex:sfc_mex.obj
 0001:0000eb50       sf_mex_create_enum         000000018000fb50 f   sfc_mex:sfc_mex.obj
 0001:0000ebc0       sf_mex_get_enum_element    000000018000fbc0 f   sfc_mex:sfc_mex.obj
 0001:0000ebd0       sf_mex_createcellarray     000000018000fbd0 f   sfc_mex:sfc_mex.obj
 0001:0000ebe0       sf_mex_setcell             000000018000fbe0 f   sfc_mex:sfc_mex.obj
 0001:0000ebf0       sf_mex_getcell             000000018000fbf0 f   sfc_mex:sfc_mex.obj
 0001:0000ec00       sf_mex_dup                 000000018000fc00 f   sfc_mex:sfc_mex.obj
 0001:0000ec20       sf_mex_assign              000000018000fc20 f   sfc_mex:sfc_mex.obj
 0001:0000eca0       sf_mex_destroy             000000018000fca0 f   sfc_mex:sfc_mex.obj
 0001:0000ecd0       mx_array_has_fi_type       000000018000fcd0 f   sfc_mex:sfc_mex.obj
 0001:0000ed00       sf_mex_convert_from_fi     000000018000fd00 f   sfc_mex:sfc_mex.obj
 0001:0000ee30       sf_mex_convert_to_double   000000018000fe30 f   sfc_mex:sfc_mex.obj
 0001:0000ef50       sf_mex_import_fi_vs        000000018000ff50 f   sfc_mex:sfc_mex.obj
 0001:0000f180       sf_matrix_matrix_index_ok  0000000180010180 f   sfc_mex:sfc_mex.obj
 0001:0000f210       sf_vector_vector_index_ok  0000000180010210 f   sfc_mex:sfc_mex.obj
 0001:0000f240       ssGetCurrentInputPortDimensions_wrapper 0000000180010240 f   sfc_mex:sfc_mex.obj
 0001:0000f260       ssGetCurrentOutputPortDimensions_wrapper 0000000180010260 f   sfc_mex:sfc_mex.obj
 0001:0000f280       sf_mex_emlrt_context_is_debug_mode 0000000180010280 f   sfc_mex:sfc_mex.obj
 0001:0000f290       sf_mex_emlrt_context_set_debug_mode 0000000180010290 f   sfc_mex:sfc_mex.obj
 0001:0000f2a0       sf_mex_emlrtNameCapturePostProcessR2012a 00000001800102a0 f   sfc_mex:sfc_mex.obj
 0001:0000f310       sf_clear_error_manager_info 0000000180010310 f   sfc_mex:sfc_mex.obj
 0001:0000f370       sf_mex_stop_simulation_abruptly_wo_error 0000000180010370 f   sfc_mex:sfc_mex.obj
 0001:0000f3b0       sf_mex_error_message       00000001800103b0 f   sfc_mex:sfc_mex.obj
 0001:0000f420       sf_react_to_error_in_matlab_call 0000000180010420 f   sfc_mex:sfc_mex.obj
 0001:0000f450       sf_mex_addfield            0000000180010450 f   sfc_mex:sfc_mex.obj
 0001:0000f4f0       sf_mex_getfield            00000001800104f0 f   sfc_mex:sfc_mex.obj
 0001:0000f7f0       sf_mex_check_class         00000001800107f0 f   sfc_mex:sfc_mex.obj
 0001:0000f890       sf_mex_is_real             0000000180010890 f   sfc_mex:sfc_mex.obj
 0001:0000fd00       sf_mex_decode_encoded_mx_struct_array 0000000180010d00 f   sfc_mex:sfc_mex.obj
 0001:0000fff0       sf_mex_lw_bounds_check     0000000180010ff0 f   sfc_mex:sfc_mex.obj
 0001:00010020       sf_mex_lw_size_eq_check_1d 0000000180011020 f   sfc_mex:sfc_mex.obj
 0001:00010040       sf_mex_lw_size_eq_check_nd 0000000180011040 f   sfc_mex:sfc_mex.obj
 0001:00010220       sf_mex_lw_dim_size_eq_check 0000000180011220 f   sfc_mex:sfc_mex.obj
 0001:00010250       sf_mex_lw_dim_size_geq_check 0000000180011250 f   sfc_mex:sfc_mex.obj
 0001:00010280       sf_mex_lw_sub_assign_size_check_nd 0000000180011280 f   sfc_mex:sfc_mex.obj
 0001:00010450       sf_mex_lw_runtime_error_msgid 0000000180011450 f   sfc_mex:sfc_mex.obj
 0001:00010540       sf_mex_lw_matrix_matrix_index_check 0000000180011540 f   sfc_mex:sfc_mex.obj
 0001:00010560       sf_mex_lw_vector_vector_index_check 0000000180011560 f   sfc_mex:sfc_mex.obj
 0001:000105a0       sf_mex_lw_for_loop_vector_check 00000001800115a0 f   sfc_mex:sfc_mex.obj
 0001:00010630       sf_mex_lw_non_negative_check 0000000180011630 f   sfc_mex:sfc_mex.obj
 0001:00010670       sf_mex_overflow_error      0000000180011670 f   sfc_mex:sfc_mex.obj
 0001:00010680       sf_mex_dividebyzero_error  0000000180011680 f   sfc_mex:sfc_mex.obj
 0001:00010690       sf_mex_unsafe_enum_error   0000000180011690 f   sfc_mex:sfc_mex.obj
 0001:000106a0       sf_emlrtErrHandler         00000001800116a0 f   sfc_mex:sfc_mex.obj
 0001:00010780       sf_mex_size_one_check      0000000180011780 f   sfc_mex:sfc_mex.obj
 0001:000107a0       sf_mex_printf              00000001800117a0 f   sfc_mex:sfc_mex.obj
 0001:00010970       sf_mex_check_size          0000000180011970 f   sfc_mex:sfc_mex.obj
 0001:00010c10       sf_mex_check_struct        0000000180011c10 f   sfc_mex:sfc_mex.obj
 0001:00010e70       sf_mex_check_struct_vs     0000000180011e70 f   sfc_mex:sfc_mex.obj
 0001:00010f00       sf_mex_check_fi            0000000180011f00 f   sfc_mex:sfc_mex.obj
 0001:00011000       sf_mex_check_fi_vs         0000000180012000 f   sfc_mex:sfc_mex.obj
 0001:000110a0       sf_echo_expression         00000001800120a0 f   sfc_mex:sfc_mex.obj
 0001:00011100       sf_assertion_failed        0000000180012100 f   sfc_mex:sfc_mex.obj
 0001:000113e0       sf_mex_evalin              00000001800123e0 f   sfc_mex:sfc_mex.obj
 0001:00011650       sf_mex_export              0000000180012650 f   sfc_mex:sfc_mex.obj
 0001:00011710       sf_mex_get_ml_var_no_error 0000000180012710 f   sfc_mex:sfc_mex.obj
 0001:000118b0       sf_mex_get_ml_var          00000001800128b0 f   sfc_mex:sfc_mex.obj
 0001:00011d40       ml_set_element_value_in_array 0000000180012d40 f   sfc_mex:sfc_mex.obj
 0001:00012e00       sf_mex_call_impl           0000000180013e00 f   sfc_mex:sfc_mex.obj
 0001:00013220       sf_mex_call_debug          0000000180014220 f   sfc_mex:sfc_mex.obj
 0001:00013250       sf_mex_call                0000000180014250 f   sfc_mex:sfc_mex.obj
 0001:000138a0       sf_mex_createstruct        00000001800148a0 f   sfc_mex:sfc_mex.obj
 0001:000139b0       sf_mex_createstructarray   00000001800149b0 f   sfc_mex:sfc_mex.obj
 0001:00013a30       sf_mex_get_mx_datatype_from_sf_datatype 0000000180014a30 f   sfc_mex:sfc_mex.obj
 0001:00013d40       sf_mex_ml_var_sub          0000000180014d40 f   sfc_mex:sfc_mex.obj
 0001:00013f20       sf_mex_ml_var_subsasgn     0000000180014f20 f   sfc_mex:sfc_mex.obj
 0001:00014320       sf_mex_sub                 0000000180015320 f   sfc_mex:sfc_mex.obj
 0001:00014530       sf_mex_subsasgn            0000000180015530 f   sfc_mex:sfc_mex.obj
 0001:00014a40       sf_mex_create              0000000180015a40 f   sfc_mex:sfc_mex.obj
 0001:000153e0       sf_mex_import_named        00000001800163e0 f   sfc_mex:sfc_mex.obj
 0001:00015440       sf_mex_import              0000000180016440 f   sfc_mex:sfc_mex.obj
 0001:00015490       sf_mex_import_vs           0000000180016490 f   sfc_mex:sfc_mex.obj
 0001:000155a0       sf_mex_lower_fixpt_mx_array 00000001800165a0 f   sfc_mex:sfc_mex.obj
 0001:000158a0       sf_send_message_wrapper    00000001800168a0 f   sfc_mex:sfc_sf.obj
 0001:000158d0       sf_receive_message_wrapper 00000001800168d0 f   sfc_mex:sfc_sf.obj
 0001:00015910       sf_check_out_message_wrapper 0000000180016910 f   sfc_mex:sfc_sf.obj
 0001:00015950       sf_check_in_message_wrapper 0000000180016950 f   sfc_mex:sfc_sf.obj
 0001:00015990       sf_no_message_wrapper      0000000180016990 f   sfc_mex:sfc_sf.obj
 0001:00015d20       sim_mode_is_rtw_gen        0000000180016d20 f   sfc_mex:sfc_sf.obj
 0001:00015d50       sim_mode_is_external       0000000180016d50 f   sfc_mex:sfc_sf.obj
 0001:00015d60       sim_mode_is_modelref_sim   0000000180016d60 f   sfc_mex:sfc_sf.obj
 0001:00015d80       mdlInitializeSizes         0000000180016d80 f   sfc_mex:sfc_sf.obj
 0001:00015da0       mdlInitializeSampleTimes   0000000180016da0 f   sfc_mex:sfc_sf.obj
 0001:00015de0       mdlZeroCrossings           0000000180016de0 f   sfc_mex:sfc_sf.obj
 0001:00015ed0       mdlDerivatives             0000000180016ed0 f   sfc_mex:sfc_sf.obj
 0001:00015f90       mdl_initialize_conditions_processing 0000000180016f90 f   sfc_mex:sfc_sf.obj
 0001:00015fc0       mdlInitializeConditions    0000000180016fc0 f   sfc_mex:sfc_sf.obj
 0001:00016080       mdlGetSimState             0000000180017080 f   sfc_mex:sfc_sf.obj
 0001:00016090       mdlSetSimState             0000000180017090 f   sfc_mex:sfc_sf.obj
 0001:000160a0       mdl_ext_mode_exec_processing 00000001800170a0 f   sfc_mex:sfc_sf.obj
 0001:000160c0       mdlExtModeExec             00000001800170c0 f   sfc_mex:sfc_sf.obj
 0001:00016260       mdlTerminate               0000000180017260 f   sfc_mex:sfc_sf.obj
 0001:000162d0       mdlRTW                     00000001800172d0 f   sfc_mex:sfc_sf.obj
 0001:00016300       mdlSetWorkWidths           0000000180017300 f   sfc_mex:sfc_sf.obj
 0001:00016310       mdlProcessParameters       0000000180017310 f   sfc_mex:sfc_sf.obj
 0001:00016320       mdl_start_processing       0000000180017320 f   sfc_mex:sfc_sf.obj
 0001:00016380       mdlStart                   0000000180017380 f   sfc_mex:sfc_sf.obj
 0001:00016490       mdlEnable                  0000000180017490 f   sfc_mex:sfc_sf.obj
 0001:00016570       mdlDisable                 0000000180017570 f   sfc_mex:sfc_sf.obj
 0001:00016630       sf_get_chart_instance_ptr  0000000180017630 f   sfc_mex:sfc_sf.obj
 0001:00016650       sf_load_rtw_optimization_info 0000000180017650 f   sfc_mex:sfc_sf.obj
 0001:00016720       sf_update_buildInfo        0000000180017720 f   sfc_mex:sfc_sf.obj
 0001:00016820       sf_rtw_info_uint_prop      0000000180017820 f   sfc_mex:sfc_sf.obj
 0001:00016960       sf_is_chart_inlinable      0000000180017960 f   sfc_mex:sfc_sf.obj
 0001:00016980       sf_mark_output_events_with_multiple_callers 0000000180017980 f   sfc_mex:sfc_sf.obj
 0001:00016b10       sf_mark_chart_reusable_outputs 0000000180017b10 f   sfc_mex:sfc_sf.obj
 0001:00016d70       sf_mark_chart_expressionable_inputs 0000000180017d70 f   sfc_mex:sfc_sf.obj
 0001:00016fd0       sf_get_subchart_simstruct  0000000180017fd0 f   sfc_mex:sfc_sf.obj
 0001:00017020       sf_get_fixpt_data_type_id  0000000180018020 f   sfc_mex:sfc_sf.obj
 0001:00017060       sf_get_enum_data_type_id   0000000180018060 f   sfc_mex:sfc_sf.obj
 0001:000170a0       sf_get_param_data_type_id  00000001800180a0 f   sfc_mex:sfc_sf.obj
 0001:000170d0       sf_mex_listen_for_ctrl_c_force 00000001800180d0 f   sfc_mex:sfc_sf.obj
 0001:000171e0       sf_mex_draw_now            00000001800181e0 f   sfc_mex:sfc_sf.obj
 0001:00017220       sf_mex_set_debugger_sim_status_listener_fcn 0000000180018220 f   sfc_mex:sfc_sf.obj
 0001:00017230       sf_mex_listen_for_ctrl_c   0000000180018230 f   sfc_mex:sfc_sf.obj
 0001:000172d0       sf_mex_get_sfun_param      00000001800182d0 f   sfc_mex:sfc_sf.obj
 0001:00017320       sf_get_runtime_param_data  0000000180018320 f   sfc_mex:sfc_sf.obj
 0001:00017360       sf_call_output_fcn_call    0000000180018360 f   sfc_mex:sfc_sf.obj
 0001:000174a0       sf_call_output_fcn_enable  00000001800184a0 f   sfc_mex:sfc_sf.obj
 0001:00017530       sf_call_output_fcn_disable 0000000180018530 f   sfc_mex:sfc_sf.obj
 0001:000175c0       sf_clear_rtw_identifier    00000001800185c0 f   sfc_mex:sfc_sf.obj
 0001:00017de0       sf_set_encoded_dwork_info  0000000180018de0 f   sfc_mex:sfc_sf.obj
 0001:00017e30       sf_get_dwork_info_from_mat_file 0000000180018e30 f   sfc_mex:sfc_sf.obj
 0001:00017ff0       sf_set_rtw_dwork_info      0000000180018ff0 f   sfc_mex:sfc_sf.obj
 0001:00018160       mdlOutputs                 0000000180019160 f   sfc_mex:sfc_sf.obj
 0001:00018280       sf_debug_chart_instance_initialized_quick 0000000180019280 f   sfc_debug:sfcdebug.obj
 0001:00018300       sf_debug_disp              0000000180019300 f   sfc_debug:sfcdebug.obj
 0001:000185d0       sf_debug_data_runtime_size_mismatch_error_check 00000001800195d0 f   sfc_debug:sfcdebug.obj
 0001:00018680       sf_debug_try_loading_machine 0000000180019680 f   sfc_debug:sfcdebug.obj
 0001:00018780       sf_debug_reset_current_state_configuration 0000000180019780 f   sfc_debug:sfcdebug.obj
 0001:00018800       sf_debug_store_current_state_configuration 0000000180019800 f   sfc_debug:sfcdebug.obj
 0001:00018880       sf_debug_restore_previous_state_configuration 0000000180019880 f   sfc_debug:sfcdebug.obj
 0001:00018900       sf_debug_restore_previous_state_configuration2 0000000180019900 f   sfc_debug:sfcdebug.obj
 0001:00018980       sf_debug_get_event_scope   0000000180019980 f   sfc_debug:sfcdebug.obj
 0001:00018af0       use_debugger_step_animation 0000000180019af0 f   sfc_debug:sfcdebug.obj
 0001:00018b10       sf_debug_get_script_id     0000000180019b10 f   sfc_debug:sfcdebug.obj
 0001:00018ba0       sf_debug_set_script_translation 0000000180019ba0 f   sfc_debug:sfcdebug.obj
 0001:00018d20       sf_debug_extract_message_post_receive_info 0000000180019d20 f   sfc_debug:sfcdebug.obj
 0001:00018ee0       sf_debug_get_current_machine_id 0000000180019ee0 f   sfc_debug:sfcdebug.obj
 0001:00018f00       sf_debug_get_current_optional_integer 0000000180019f00 f   sfc_debug:sfcdebug.obj
 0001:00018f10       sf_debug_get_current_machine_number 0000000180019f10 f   sfc_debug:sfcdebug.obj
 0001:00018f30       sf_debug_get_current_machine_name 0000000180019f30 f   sfc_debug:sfcdebug.obj
 0001:00018f50       sf_debug_get_current_chart_id 0000000180019f50 f   sfc_debug:sfcdebug.obj
 0001:00018f90       sf_debug_get_current_chart_number 0000000180019f90 f   sfc_debug:sfcdebug.obj
 0001:00018fa0       sf_debug_get_current_instance_number 0000000180019fa0 f   sfc_debug:sfcdebug.obj
 0001:00018fb0       sf_debug_get_current_is_minor_time_step 0000000180019fb0 f   sfc_debug:sfcdebug.obj
 0001:00019030       sf_debug_get_current_object_type 000000018001a030 f   sfc_debug:sfcdebug.obj
 0001:00019040       sf_debug_get_current_instance_handle 000000018001a040 f   sfc_debug:sfcdebug.obj
 0001:000190a0       sf_debug_get_current_event_type 000000018001a0a0 f   sfc_debug:sfcdebug.obj
 0001:000190b0       sf_debug_get_current_object_id 000000018001a0b0 f   sfc_debug:sfcdebug.obj
 0001:000190f0       sf_debug_get_current_active_event_type 000000018001a0f0 f   sfc_debug:sfcdebug.obj
 0001:00019100       sf_debug_get_current_active_event_id 000000018001a100 f   sfc_debug:sfcdebug.obj
 0001:00019140       sf_debug_get_current_tag_type 000000018001a140 f   sfc_debug:sfcdebug.obj
 0001:00019150       sf_debug_get_current_simulation_time 000000018001a150 f   sfc_debug:sfcdebug.obj
 0001:00019160       sf_debug_get_current_coverage_percentage 000000018001a160 f   sfc_debug:sfcdebug.obj
 0001:00019170       sf_debug_current_statement_context 000000018001a170 f   sfc_debug:sfcdebug.obj
 0001:000191f0       sf_debug_get_current_statement_info 000000018001a1f0 f   sfc_debug:sfcdebug.obj
 0001:00019390       sf_debug_terminate_instance 000000018001a390 f   sfc_debug:sfcdebug.obj
 0001:000196b0       sf_debug_assertion_failed  000000018001a6b0 f   sfc_debug:sfcdebug.obj
 0001:00019880       sf_debug_create_debug_instance_struct 000000018001a880 f   sfc_debug:sfcdebug.obj
 0001:000198d0       sf_debug_set_number_of_data_with_change_event_for_machine 000000018001a8d0 f   sfc_debug:sfcdebug.obj
 0001:00019920       sf_debug_set_machine_event_thresholds 000000018001a920 f   sfc_debug:sfcdebug.obj
 0001:00019940       sf_debug_set_machine_event_scope 000000018001a940 f   sfc_debug:sfcdebug.obj
 0001:00019990       sf_debug_set_machine_data_thresholds 000000018001a990 f   sfc_debug:sfcdebug.obj
 0001:000199e0       sf_debug_set_machine_data_scope 000000018001a9e0 f   sfc_debug:sfcdebug.obj
 0001:00019a80       sf_debug_set_machine_data_name 000000018001aa80 f   sfc_debug:sfcdebug.obj
 0001:00019b30       sf_debug_set_machine_data_size 000000018001ab30 f   sfc_debug:sfcdebug.obj
 0001:00019c80       sf_debug_set_machine_data_type 000000018001ac80 f   sfc_debug:sfcdebug.obj
 0001:00019df0       sf_debug_get_chart_data_number 000000018001adf0 f   sfc_debug:sfcdebug.obj
 0001:00019e10       sf_debug_get_chart_event_number 000000018001ae10 f   sfc_debug:sfcdebug.obj
 0001:00019e30       sf_debug_set_chart_state_info 000000018001ae30 f   sfc_debug:sfcdebug.obj
 0001:00019ec0       sf_debug_set_chart_decomposition 000000018001aec0 f   sfc_debug:sfcdebug.obj
 0001:00019f30       sf_debug_set_chart_substate_count 000000018001af30 f   sfc_debug:sfcdebug.obj
 0001:0001a010       sf_debug_set_chart_substate_index 000000018001b010 f   sfc_debug:sfcdebug.obj
 0001:0001a090       sf_debug_set_chart_state_substate_count 000000018001b090 f   sfc_debug:sfcdebug.obj
 0001:0001a1b0       sf_debug_set_chart_state_substate_index 000000018001b1b0 f   sfc_debug:sfcdebug.obj
 0001:0001a240       sf_debug_set_number_of_data_with_change_event_for_chart 000000018001b240 f   sfc_debug:sfcdebug.obj
 0001:0001a2d0       sf_debug_set_number_of_states_with_entry_event_for_chart 000000018001b2d0 f   sfc_debug:sfcdebug.obj
 0001:0001a350       sf_debug_set_number_of_states_with_exit_event_for_chart 000000018001b350 f   sfc_debug:sfcdebug.obj
 0001:0001a3d0       sf_debug_set_chart_disable_implicit_casting 000000018001b3d0 f   sfc_debug:sfcdebug.obj
 0001:0001a440       sf_debug_set_chart_event_thresholds 000000018001b440 f   sfc_debug:sfcdebug.obj
 0001:0001a4c0       sf_debug_set_chart_data_compiled_props 000000018001b4c0 f   sfc_debug:sfcdebug.obj
 0001:0001a800       sf_debug_set_chart_data_props 000000018001b800 f   sfc_debug:sfcdebug.obj
 0001:0001ab20       sf_debug_check_fi_license  000000018001bb20 f   sfc_debug:sfcdebug.obj
 0001:0001ace0       sf_debug_symbol_scope_push 000000018001bce0 f   sfc_debug:sfcdebug.obj
 0001:0001ad20       sf_debug_symbol_scope_push_eml 000000018001bd20 f   sfc_debug:sfcdebug.obj
 0001:0001ad70       sf_debug_symbol_scope_pop  000000018001bd70 f   sfc_debug:sfcdebug.obj
 0001:0001adb0       sf_debug_symbol_scope_add_importable 000000018001bdb0 f   sfc_debug:sfcdebug.obj
 0001:0001ae30       sf_debug_symbol_scope_add  000000018001be30 f   sfc_debug:sfcdebug.obj
 0001:0001aeb0       sf_debug_symbol_scope_add_dyn_importable 000000018001beb0 f   sfc_debug:sfcdebug.obj
 0001:0001af70       sf_debug_symbol_scope_add_dyn 000000018001bf70 f   sfc_debug:sfcdebug.obj
 0001:0001afb0       sf_debug_symbol_scope_add_eml_importable 000000018001bfb0 f   sfc_debug:sfcdebug.obj
 0001:0001aff0       sf_debug_symbol_scope_add_eml 000000018001bff0 f   sfc_debug:sfcdebug.obj
 0001:0001b030       sf_debug_symbol_scope_add_eml_dyn_importable 000000018001c030 f   sfc_debug:sfcdebug.obj
 0001:0001b090       sf_debug_symbol_scope_add_eml_dyn 000000018001c090 f   sfc_debug:sfcdebug.obj
 0001:0001b0f0       sf_debug_symbol_switch     000000018001c0f0 f   sfc_debug:sfcdebug.obj
 0001:0001b110       sf_debug_symbol_scope_add_verbose 000000018001c110 f   sfc_debug:sfcdebug.obj
 0001:0001b1e0       sf_debug_set_machine_data_value_ptr 000000018001c1e0 f   sfc_debug:sfcdebug.obj
 0001:0001b220       sf_debug_set_instance_data_value_ptr 000000018001c220 f   sfc_debug:sfcdebug.obj
 0001:0001b2f0       sf_debug_unset_instance_data_value_ptr 000000018001c2f0 f   sfc_debug:sfcdebug.obj
 0001:0001b3a0       sf_debug_set_chart_event_scope 000000018001c3a0 f   sfc_debug:sfcdebug.obj
 0001:0001b420       sf_debug_set_chart_transition_coverage_maps 000000018001c420 f   sfc_debug:sfcdebug.obj
 0001:0001b520       sf_debug_set_chart_state_coverage_maps 000000018001c520 f   sfc_debug:sfcdebug.obj
 0001:0001b5f0       sf_debug_set_instance_transition_coverage_weights 000000018001c5f0 f   sfc_debug:sfcdebug.obj
 0001:0001b680       sf_debug_set_instance_state_coverage_weights 000000018001c680 f   sfc_debug:sfcdebug.obj
 0001:0001b8d0       sf_debug_unload_machine    000000018001c8d0 f   sfc_debug:sfcdebug.obj
 0001:0001b920       sf_debug_load_machine      000000018001c920 f   sfc_debug:sfcdebug.obj
 0001:0001ba30       sf_debug_set_active_instance_in_data_dictionary 000000018001ca30 f   sfc_debug:sfcdebug.obj
 0001:0001bc10       sf_debug_set_active_instance 000000018001cc10 f   sfc_debug:sfcdebug.obj
 0001:0001bd70       sf_debug_chart_visiblity_change 000000018001cd70 f   sfc_debug:sfcdebug.obj
 0001:0001be60       sf_debug_select_chart      000000018001ce60 f   sfc_debug:sfcdebug.obj
 0001:0001bfc0       sf_debug_set_instance_cv_ids 000000018001cfc0 f   sfc_debug:sfcdebug.obj
 0001:0001c2f0       sf_debug_select_charts     000000018001d2f0 f   sfc_debug:sfcdebug.obj
 0001:0001c4a0       sf_debug_initialized       000000018001d4a0 f   sfc_debug:sfcdebug.obj
 0001:0001c4c0       sf_debug_is_uninterruptible 000000018001d4c0 f   sfc_debug:sfcdebug.obj
 0001:0001c4f0       sf_debug_initialize_debugger_gui 000000018001d4f0 f   sfc_debug:sfcdebug.obj
 0001:0001c8d0       sf_debug_resume            000000018001d8d0 f   sfc_debug:sfcdebug.obj
 0001:0001c8f0       sf_debug_go                000000018001d8f0 f   sfc_debug:sfcdebug.obj
 0001:0001c900       sf_debug_break             000000018001d900 f   sfc_debug:sfcdebug.obj
 0001:0001c910       sf_debug_step_over         000000018001d910 f   sfc_debug:sfcdebug.obj
 0001:0001c920       sf_debug_step_out          000000018001d920 f   sfc_debug:sfcdebug.obj
 0001:0001c930       sf_debug_set_disable_all_breakpoints 000000018001d930 f   sfc_debug:sfcdebug.obj
 0001:0001c940       sf_debug_disable_all_breakpoints_and_go 000000018001d940 f   sfc_debug:sfcdebug.obj
 0001:0001c950       sf_debug_break_on_chart_entry 000000018001d950 f   sfc_debug:sfcdebug.obj
 0001:0001c960       sf_debug_break_on_event_broadcast 000000018001d960 f   sfc_debug:sfcdebug.obj
 0001:0001c970       sf_debug_break_on_state_entry 000000018001d970 f   sfc_debug:sfcdebug.obj
 0001:0001c980       sf_debug_break_between_times 000000018001d980 f   sfc_debug:sfcdebug.obj
 0001:0001c9a0       sf_debug_browse_data       000000018001d9a0 f   sfc_debug:sfcdebug.obj
 0001:0001c9b0       sf_debug_watch_data        000000018001d9b0 f   sfc_debug:sfcdebug.obj
 0001:0001c9e0       sf_debug_assign_data       000000018001d9e0 f   sfc_debug:sfcdebug.obj
 0001:0001c9f0       sf_debug_whos              000000018001d9f0 f   sfc_debug:sfcdebug.obj
 0001:0001ca10       sf_debug_get_consistency_info 000000018001da10 f   sfc_debug:sfcdebug.obj
 0001:0001ca20       sf_debug_browse_trace      000000018001da20 f   sfc_debug:sfcdebug.obj
 0001:0001ca30       sf_debug_set_breakpoints   000000018001da30 f   sfc_debug:sfcdebug.obj
 0001:0001cba0       sf_debug_set_eml_breakpoints 000000018001dba0 f   sfc_debug:sfcdebug.obj
 0001:0001cd00       sf_debug_set_script_breakpoints 000000018001dd00 f   sfc_debug:sfcdebug.obj
 0001:0001cd80       sf_debug_add_script_breakpoints 000000018001dd80 f   sfc_debug:sfcdebug.obj
 0001:0001cdf0       sf_debug_clear_script_breakpoints 000000018001ddf0 f   sfc_debug:sfcdebug.obj
 0001:0001ce60       sf_debug_query_script_breakpoints 000000018001de60 f   sfc_debug:sfcdebug.obj
 0001:0001cf10       sf_debug_get_eml_script_id 000000018001df10 f   sfc_debug:sfcdebug.obj
 0001:0001cf60       sf_debug_set_watch         000000018001df60 f   sfc_debug:sfcdebug.obj
 0001:0001d180       sf_debug_get_instance_handle 000000018001e180 f   sfc_debug:sfcdebug.obj
 0001:0001d210       sf_debug_get_active_states 000000018001e210 f   sfc_debug:sfcdebug.obj
 0001:0001d220       sf_debug_set_honor_breakpoints 000000018001e220 f   sfc_debug:sfcdebug.obj
 0001:0001d230       sf_debug_get_animation     000000018001e230 f   sfc_debug:sfcdebug.obj
 0001:0001d240       sf_debug_set_animation     000000018001e240 f   sfc_debug:sfcdebug.obj
 0001:0001d250       sf_debug_animate           000000018001e250 f   sfc_debug:sfcdebug.obj
 0001:0001d270       sf_debug_cycle_detection_check 000000018001e270 f   sfc_debug:sfcdebug.obj
 0001:0001d280       sf_debug_data_range_check  000000018001e280 f   sfc_debug:sfcdebug.obj
 0001:0001d290       sf_debug_transition_conflict_check 000000018001e290 f   sfc_debug:sfcdebug.obj
 0001:0001d2a0       sf_debug_state_consistency_check 000000018001e2a0 f   sfc_debug:sfcdebug.obj
 0001:0001d2b0       sf_debug_data_range_check_enabled 000000018001e2b0 f   sfc_debug:sfcdebug.obj
 0001:0001d2d0       sf_debug_transition_conflict_check_enabled 000000018001e2d0 f   sfc_debug:sfcdebug.obj
 0001:0001d2f0       sf_debug_transition_conflict_check_begin 000000018001e2f0 f   sfc_debug:sfcdebug.obj
 0001:0001d310       sf_debug_transition_conflict_check_end 000000018001e310 f   sfc_debug:sfcdebug.obj
 0001:0001d330       sf_debug_stop_debugging    000000018001e330 f   sfc_debug:sfcdebug.obj
 0001:0001d360       sf_debug_is_cycle_detected 000000018001e360 f   sfc_debug:sfcdebug.obj
 0001:0001d370       sf_debug_is_array_bounds_detected 000000018001e370 f   sfc_debug:sfcdebug.obj
 0001:0001d380       sf_debug_get_state_vectors_data_size 000000018001e380 f   sfc_debug:sfcdebug.obj
 0001:0001d3c0       sf_debug_get_state_vectors_data 000000018001e3c0 f   sfc_debug:sfcdebug.obj
 0001:0001d4d0       sf_debug_set_state_vectors_data 000000018001e4d0 f   sfc_debug:sfcdebug.obj
 0001:0001d760       sf_debug_get_script_index  000000018001e760 f   sfc_debug:sfcdebug.obj
 0001:0001d8f0       sf_debug_add_script        000000018001e8f0 f   sfc_debug:sfcdebug.obj
 0001:0001da80       cv_eval_point              000000018001ea80 f   sfc_debug:sfcdebug.obj
 0001:0001dbf0       cv_eval_testobjective      000000018001ebf0 f   sfc_debug:sfcdebug.obj
 0001:0001dd00       sf_debug_cv_init_state     000000018001ed00 f   sfc_debug:sfcdebug.obj
 0001:0001de30       sf_debug_cv_init_chart     000000018001ee30 f   sfc_debug:sfcdebug.obj
 0001:0001df20       sf_debug_cv_init_trans     000000018001ef20 f   sfc_debug:sfcdebug.obj
 0001:0001e030       sf_debug_cv_init_saturation 000000018001f030 f   sfc_debug:sfcdebug.obj
 0001:0001e130       sf_debug_cv_init_testobjectives 000000018001f130 f   sfc_debug:sfcdebug.obj
 0001:0001e310       cv_eml_init_script         000000018001f310 f   sfc_debug:sfcdebug.obj
 0001:0001e430       cv_eml_init_fcn            000000018001f430 f   sfc_debug:sfcdebug.obj
 0001:0001e540       cv_eml_init_testobjective  000000018001f540 f   sfc_debug:sfcdebug.obj
 0001:0001e620       cv_eml_init_saturation     000000018001f620 f   sfc_debug:sfcdebug.obj
 0001:0001e6f0       cv_eml_init_if             000000018001f6f0 f   sfc_debug:sfcdebug.obj
 0001:0001e7d0       cv_eml_init_for            000000018001f7d0 f   sfc_debug:sfcdebug.obj
 0001:0001e8a0       cv_eml_init_while          000000018001f8a0 f   sfc_debug:sfcdebug.obj
 0001:0001e970       cv_eml_init_mcdc           000000018001f970 f   sfc_debug:sfcdebug.obj
 0001:0001ea90       cv_eml_init_switch         000000018001fa90 f   sfc_debug:sfcdebug.obj
 0001:0001eb90       cv_eml_eval                000000018001fb90 f   sfc_debug:sfcdebug.obj
 0001:0001ec80       sf_debug_bm_is_a_eml_breakpoint 000000018001fc80 f   sfc_debug:sfcdebug.obj
 0001:0001edd0       sf_debug_temporal_threshold 000000018001fdd0 f   sfc_debug:sfcdebug.obj
 0001:0001f140       sf_debug_transition_conflict_error 0000000180020140 f   sfc_debug:sfcdebug.obj
 0001:0001f4a0       sf_debug_state_inconsistency_error 00000001800204a0 f   sfc_debug:sfcdebug.obj
 0001:0001f5c0       sf_debug_check_for_state_inconsistency 00000001800205c0 f   sfc_debug:sfcdebug.obj
 0001:0001f600       sf_debug_cycle_detecton_error 0000000180020600 f   sfc_debug:sfcdebug.obj
 0001:0001fd50       sf_debug_size_eq_check_1d  0000000180020d50 f   sfc_debug:sfcdebug.obj
 0001:0001fd70       sf_debug_size_eq_check_nd  0000000180020d70 f   sfc_debug:sfcdebug.obj
 0001:0001ff70       sf_debug_dim_size_eq_check 0000000180020f70 f   sfc_debug:sfcdebug.obj
 0001:0001ffa0       sf_debug_dim_size_geq_check 0000000180020fa0 f   sfc_debug:sfcdebug.obj
 0001:0001ffd0       sf_debug_sub_assign_size_check_nd 0000000180020fd0 f   sfc_debug:sfcdebug.obj
 0001:000201b0       sf_debug_matrix_matrix_index_check 00000001800211b0 f   sfc_debug:sfcdebug.obj
 0001:00020200       sf_debug_vector_vector_index_check 0000000180021200 f   sfc_debug:sfcdebug.obj
 0001:00020250       sf_debug_for_loop_vector_check 0000000180021250 f   sfc_debug:sfcdebug.obj
 0001:000202f0       sf_debug_runtime_error_msgid 00000001800212f0 f   sfc_debug:sfcdebug.obj
 0001:00020390       sf_debug_data_array_bounds_error_check 0000000180021390 f   sfc_debug:sfcdebug.obj
 0001:000204a0       sf_debug_eml_data_array_bounds_error_check 00000001800214a0 f   sfc_debug:sfcdebug.obj
 0001:00020960       sf_debug_integer_check     0000000180021960 f   sfc_debug:sfcdebug.obj
 0001:00020a50       sf_debug_not_nan_check     0000000180021a50 f   sfc_debug:sfcdebug.obj
 0001:00020b20       sf_debug_non_negative_check 0000000180021b20 f   sfc_debug:sfcdebug.obj
 0001:00020bf0       sf_debug_overflow_detection 0000000180021bf0 f   sfc_debug:sfcdebug.obj
 0001:00021250       sf_debug_cast_to_real32_T  0000000180022250 f   sfc_debug:sfcdebug.obj
 0001:00021320       sf_debug_cast_to_int8_T    0000000180022320 f   sfc_debug:sfcdebug.obj
 0001:000213f0       sf_debug_cast_to_uint8_T   00000001800223f0 f   sfc_debug:sfcdebug.obj
 0001:000214c0       sf_debug_cast_to_int16_T   00000001800224c0 f   sfc_debug:sfcdebug.obj
 0001:00021590       sf_debug_cast_to_uint16_T  0000000180022590 f   sfc_debug:sfcdebug.obj
 0001:00021660       sf_debug_cast_to_int32_T   0000000180022660 f   sfc_debug:sfcdebug.obj
 0001:00021730       sf_debug_cast_to_uint32_T  0000000180022730 f   sfc_debug:sfcdebug.obj
 0001:00021800       sf_debug_data_range_error  0000000180022800 f   sfc_debug:sfcdebug.obj
 0001:00021b10       sf_debug_read_before_write_check 0000000180022b10 f   sfc_debug:sfcdebug.obj
 0001:00021f40       sf_debug_data_range_error_wrapper_min_max 0000000180022f40 f   sfc_debug:sfcdebug.obj
 0001:00022060       sf_debug_data_range_error_wrapper_min 0000000180023060 f   sfc_debug:sfcdebug.obj
 0001:00022170       sf_debug_data_range_error_wrapper_max 0000000180023170 f   sfc_debug:sfcdebug.obj
 0001:00022280       sf_debug_data_range_wrapper 0000000180023280 f   sfc_debug:sfcdebug.obj
 0001:00022340       sf_debug_set_current_status_info 0000000180023340 f   sfc_debug:sfcdebug.obj
 0001:000226e0       sf_debug_register_message_post_receive_info 00000001800236e0 f   sfc_debug:sfcdebug.obj
 0001:00022930       sf_debug_call              0000000180023930 f   sfc_debug:sfcdebug.obj
 0001:00023290       sf_debug_initialize_machine 0000000180024290 f   sfc_debug:sfcdebug.obj
 0001:00023540       sf_debug_initialize_chart  0000000180024540 f   sfc_debug:sfcdebug.obj
 0001:00023990       sf_debug_ensure_script     0000000180024990 f   sfc_debug:sfcdebug.obj
 0001:00023a40       cv_eval_saturation         0000000180024a40 f   sfc_debug:sfcdebug.obj
 0001:00023bc0       cv_saturation_accum        0000000180024bc0 f   sfc_debug:sfcdebug.obj
 0001:00023d00       cv_script_init_script      0000000180024d00 f   sfc_debug:sfcdebug.obj
 0001:00023df0       cv_script_init_fcn         0000000180024df0 f   sfc_debug:sfcdebug.obj
 0001:00023eb0       cv_script_init_testobjective 0000000180024eb0 f   sfc_debug:sfcdebug.obj
 0001:00023f70       cv_script_init_saturation  0000000180024f70 f   sfc_debug:sfcdebug.obj
 0001:00024020       cv_script_init_if          0000000180025020 f   sfc_debug:sfcdebug.obj
 0001:000240e0       cv_script_init_for         00000001800250e0 f   sfc_debug:sfcdebug.obj
 0001:00024190       cv_script_init_while       0000000180025190 f   sfc_debug:sfcdebug.obj
 0001:00024240       cv_script_init_mcdc        0000000180025240 f   sfc_debug:sfcdebug.obj
 0001:00024340       cv_script_init_switch      0000000180025340 f   sfc_debug:sfcdebug.obj
 0001:00024420       cv_script_eval             0000000180025420 f   sfc_debug:sfcdebug.obj
 0001:000244f0       eml_debug_line_call        00000001800254f0 f   sfc_debug:sfcdebug.obj
 0001:000246c0       sf_debug_terminate         00000001800256c0 f   sfc_debug:sfcdebug.obj
 0001:000248d0       sf_debug_set_script_cv_ids 00000001800258d0 f   sfc_debug:sfcdebug.obj
 0001:00024a00       sf_debug_api               0000000180025a00 f   sfc_debug:sfc_api.obj
 0001:000262f0       sf_debug_sm_terminate      00000001800272f0 f   sfc_debug:sfdb_animation.obj
 0001:000264a0       sf_debug_reset_path_objects 00000001800274a0 f   sfc_debug:sfdb_animation.obj
 0001:00026520       sf_debug_sm_reset_object_selection_status 0000000180027520 f   sfc_debug:sfdb_animation.obj
 0001:000265c0       sf_debug_sm_reset_state_buffer 00000001800275c0 f   sfc_debug:sfdb_animation.obj
 0001:00026690       sf_debug_sm_store_state_buffer 0000000180027690 f   sfc_debug:sfdb_animation.obj
 0001:00026710       sf_debug_sm_restore_state_buffer1 0000000180027710 f   sfc_debug:sfdb_animation.obj
 0001:00026780       sf_debug_sm_restore_state_buffer2 0000000180027780 f   sfc_debug:sfdb_animation.obj
 0001:000267f0       sf_debug_sm_chart_active   00000001800277f0 f   sfc_debug:sfdb_animation.obj
 0001:00026840       sf_debug_sm_select_active_objects 0000000180027840 f   sfc_debug:sfdb_animation.obj
 0001:00026d10       sf_debug_sm_is_chart_active 0000000180027d10 f   sfc_debug:sfdb_animation.obj
 0001:00026d50       sf_debug_sm_is_state_active 0000000180027d50 f   sfc_debug:sfdb_animation.obj
 0001:00026f90       sf_debug_sm_get_active_states 0000000180027f90 f   sfc_debug:sfdb_animation.obj
 0001:00027540       sf_debug_sm_initialize_instance 0000000180028540 f   sfc_debug:sfdb_animation.obj
 0001:00027750       sf_debug_sm_change_object_selection_status 0000000180028750 f   sfc_debug:sfdb_animation.obj
 0001:00027a20       cv_create_interface        0000000180028a20 f   sfc_debug:cv_sfinterface.obj
 0001:00027d30       cv_init_trans              0000000180028d30 f   sfc_debug:cv_sfinterface.obj
 0001:00027d80       cv_init_saturation         0000000180028d80 f   sfc_debug:cv_sfinterface.obj
 0001:00027dc0       cv_init_testobjective      0000000180028dc0 f   sfc_debug:cv_sfinterface.obj
 0001:00027e00       cv_init_state              0000000180028e00 f   sfc_debug:cv_sfinterface.obj
 0001:00027e70       cv_init_chart              0000000180028e70 f   sfc_debug:cv_sfinterface.obj
 0001:00027ec0       cv_dec_update_call         0000000180028ec0 f   sfc_debug:cv_sfinterface.obj
 0001:00027f00       cv_cond_update_call        0000000180028f00 f   sfc_debug:cv_sfinterface.obj
 0001:00027f40       cv_saturation_update_call  0000000180028f40 f   sfc_debug:cv_sfinterface.obj
 0001:00027f80       cv_saturation_update_accum 0000000180028f80 f   sfc_debug:cv_sfinterface.obj
 0001:00027fc0       cv_testobjective_update_call 0000000180028fc0 f   sfc_debug:cv_sfinterface.obj
 0001:00028000       cv_sigrange_update         0000000180029000 f   sfc_debug:cv_sfinterface.obj
 0001:00028040       cvsf_eml_eval              0000000180029040 f   sfc_debug:cv_sfinterface.obj
 0001:00028120       cvsf_eml_init_script       0000000180029120 f   sfc_debug:cv_sfinterface.obj
 0001:000281b0       cvsf_eml_init_fcn          00000001800291b0 f   sfc_debug:cv_sfinterface.obj
 0001:00028210       cvsf_eml_init_testobjective 0000000180029210 f   sfc_debug:cv_sfinterface.obj
 0001:00028270       cvsf_eml_init_saturation   0000000180029270 f   sfc_debug:cv_sfinterface.obj
 0001:000282c0       cvsf_eml_init_if           00000001800292c0 f   sfc_debug:cv_sfinterface.obj
 0001:00028320       cvsf_eml_init_for          0000000180029320 f   sfc_debug:cv_sfinterface.obj
 0001:00028370       cvsf_eml_init_while        0000000180029370 f   sfc_debug:cv_sfinterface.obj
 0001:000283c0       cvsf_eml_init_mcdc         00000001800293c0 f   sfc_debug:cv_sfinterface.obj
 0001:00028450       cvsf_eml_init_switch       0000000180029450 f   sfc_debug:cv_sfinterface.obj
 0001:000284c0       cvsf_script_eval           00000001800294c0 f   sfc_debug:cv_sfinterface.obj
 0001:000285a0       cvsf_script_init_script    00000001800295a0 f   sfc_debug:cv_sfinterface.obj
 0001:00028630       cvsf_script_init_fcn       0000000180029630 f   sfc_debug:cv_sfinterface.obj
 0001:00028690       cvsf_script_init_testobjective 0000000180029690 f   sfc_debug:cv_sfinterface.obj
 0001:000286f0       cvsf_script_init_saturation 00000001800296f0 f   sfc_debug:cv_sfinterface.obj
 0001:00028740       cvsf_script_init_if        0000000180029740 f   sfc_debug:cv_sfinterface.obj
 0001:000287a0       cvsf_script_init_for       00000001800297a0 f   sfc_debug:cv_sfinterface.obj
 0001:000287f0       cvsf_script_init_while     00000001800297f0 f   sfc_debug:cv_sfinterface.obj
 0001:00028840       cvsf_script_init_mcdc      0000000180029840 f   sfc_debug:cv_sfinterface.obj
 0001:000288d0       cvsf_script_init_switch    00000001800298d0 f   sfc_debug:cv_sfinterface.obj
 0001:00028940       cv_destroy_interface       0000000180029940 f   sfc_debug:cv_sfinterface.obj
 0001:00028960       cv_create_instance_objects 0000000180029960 f   sfc_debug:cv_sfinterface.obj
 0001:00028dd0       cv_is_enabled              0000000180029dd0 f   sfc_debug:cv_sfinterface.obj
 0001:00028de0       sf_debug_cv_initialize_script 0000000180029de0 f   sfc_debug:cv_sfinterface.obj
 0001:00028f70       sf_debug_cv_initialize_instance 0000000180029f70 f   sfc_debug:cv_sfinterface.obj
 0001:00029300       sf_debug_cv_terminate_chart 000000018002a300 f   sfc_debug:cv_sfinterface.obj
 0001:00029420       cv_call_trans_test         000000018002a420 f   sfc_debug:cv_sfinterface.obj
 0001:00029430       cv_call_sub_cond_test      000000018002a430 f   sfc_debug:cv_sfinterface.obj
 0001:00029470       sf_debug_st_initialize_machine 000000018002a470 f   sfc_debug:sfdb_data_browse.obj
 0001:00029520       sf_debug_st_initialize_instance 000000018002a520 f   sfc_debug:sfdb_data_browse.obj
 0001:00029730       sf_debug_st_terminate      000000018002a730 f   sfc_debug:sfdb_data_browse.obj
 0001:00029ad0       sf_debug_st_set_data_value_ptr_in_machine 000000018002aad0 f   sfc_debug:sfdb_data_browse.obj
 0001:00029b60       sf_debug_st_set_data_value_ptr_in_instance 000000018002ab60 f   sfc_debug:sfdb_data_browse.obj
 0001:00029c40       sf_debug_st_unset_data_value_ptr_in_machine 000000018002ac40 f   sfc_debug:sfdb_data_browse.obj
 0001:00029cb0       sf_debug_st_unset_data_value_ptr_in_instance 000000018002acb0 f   sfc_debug:sfdb_data_browse.obj
 0001:00029f70       sf_debug_mx_value          000000018002af70 f   sfc_debug:sfdb_data_browse.obj
 0001:00029fd0       sf_debug_mx_packed_vector  000000018002afd0 f   sfc_debug:sfdb_data_browse.obj
 0001:0002a0b0       sf_debug_mx_uint_vector    000000018002b0b0 f   sfc_debug:sfdb_data_browse.obj
 0001:0002a160       sf_debug_st_get_double_value_from_void_ptr_vector 000000018002b160 f   sfc_debug:sfdb_data_browse.obj
 0001:0002ac40       sf_debug_st_browse_data    000000018002bc40 f   sfc_debug:sfdb_data_browse.obj
 0001:0002b480       sf_debug_hm_initialize_instance 000000018002c480 f   sfc_debug:sfdb_handle_management.obj
 0001:0002b960       sf_debug_hm_get_object_id  000000018002c960 f   sfc_debug:sfdb_handle_management.obj
 0001:0002c510       sf_debug_hm_update_chart_visibility 000000018002d510 f   sfc_debug:sfdb_handle_management.obj
 0001:0002d700       sf_debug_object_is_eml_function 000000018002e700 f   sfc_debug:sfdb_handle_management.obj
 0001:0002d770       sf_debug_hm_initialize_ids_in_machine 000000018002e770 f   sfc_debug:sfdb_handle_management.obj
 0001:0002d8e0       sf_debug_hm_initialize_ids_in_chart 000000018002e8e0 f   sfc_debug:sfdb_handle_management.obj
 0001:0002d9e0       sf_debug_hm_initialize_chart 000000018002e9e0 f   sfc_debug:sfdb_handle_management.obj
 0001:0002e0e0       sf_debug_hm_terminate      000000018002f0e0 f   sfc_debug:sfdb_handle_management.obj
 0001:0002e140       sf_debug_hm_initialize_machine 000000018002f140 f   sfc_debug:sfdb_handle_management.obj
 0001:0002e860       sf_debug_ss_initialize     000000018002f860 f   sfc_debug:sfdb_symbol_scope.obj
 0001:0002e880       sf_debug_ss_terminate      000000018002f880 f   sfc_debug:sfdb_symbol_scope.obj
 0001:0002e910       sf_debug_ss_push_symbol_scope 000000018002f910 f   sfc_debug:sfdb_symbol_scope.obj
 0001:0002ea10       sf_debug_ss_push_symbol_scope_eml 000000018002fa10 f   sfc_debug:sfdb_symbol_scope.obj
 0001:0002ea70       sf_debug_ss_pop_symbol_scope 000000018002fa70 f   sfc_debug:sfdb_symbol_scope.obj
 0001:0002eb20       sf_debug_ss_add_symbol     000000018002fb20 f   sfc_debug:sfdb_symbol_scope.obj
 0001:0002ec90       sf_debug_ss_add_symbol_eml 000000018002fc90 f   sfc_debug:sfdb_symbol_scope.obj
 0001:0002fb90       sf_debug_ss_set_data_value 0000000180030b90 f   sfc_debug:sfdb_symbol_scope.obj
 0001:0002ffe0       getInstanceNumber          0000000180030fe0 f   sfc_debug:sfdb_symbol_scope.obj
 0001:000300b0       sf_debug_ss_watch_data     00000001800310b0 f   sfc_debug:sfdb_symbol_scope.obj
 0001:000302a0       sf_debug_ss_assign_data    00000001800312a0 f   sfc_debug:sfdb_symbol_scope.obj
 0001:00030cb0       get_data_entry_name        0000000180031cb0 f   sfc_debug:sfdb_symbol_scope.obj
 0001:00030d00       sf_debug_ss_whos           0000000180031d00 f   sfc_debug:sfdb_symbol_scope.obj
 0001:00031350       sf_debug_cc_initialize_chart 0000000180032350 f   sfc_debug:sfdb_coverage.obj
 0001:00031d40       sf_debug_cc_initialize_instance 0000000180032d40 f   sfc_debug:sfdb_coverage.obj
 0001:00032a80       sf_debug_cc_terminate      0000000180033a80 f   sfc_debug:sfdb_coverage.obj
 0001:00032b70       sf_debug_cc_set_transition_maps 0000000180033b70 f   sfc_debug:sfdb_coverage.obj
 0001:00032ca0       sf_debug_cc_set_state_maps 0000000180033ca0 f   sfc_debug:sfdb_coverage.obj
 0001:00032d80       sf_debug_cc_set_transition_weights 0000000180033d80 f   sfc_debug:sfdb_coverage.obj
 0001:00033040       sf_debug_cc_set_state_weights 0000000180034040 f   sfc_debug:sfdb_coverage.obj
 0001:00033310       sf_debug_cc_mark_transition_guard 0000000180034310 f   sfc_debug:sfdb_coverage.obj
 0001:000333a0       sf_debug_cc_mark_transition_trigger 00000001800343a0 f   sfc_debug:sfdb_coverage.obj
 0001:00033430       sf_debug_cc_mark_transition_decision 0000000180034430 f   sfc_debug:sfdb_coverage.obj
 0001:000334a0       sf_debug_cc_mark_transition_condition_action 00000001800344a0 f   sfc_debug:sfdb_coverage.obj
 0001:000334f0       sf_debug_cc_mark_transition_transition_action 00000001800344f0 f   sfc_debug:sfdb_coverage.obj
 0001:00033540       sf_debug_cc_mark_state_entry 0000000180034540 f   sfc_debug:sfdb_coverage.obj
 0001:00033590       sf_debug_cc_mark_state_during 0000000180034590 f   sfc_debug:sfdb_coverage.obj
 0001:000335e0       sf_debug_cc_mark_state_exit 00000001800345e0 f   sfc_debug:sfdb_coverage.obj
 0001:00033630       sf_debug_bm_clear_script_breakpoints 0000000180034630 f   sfc_debug:sfdb_breakpoints.obj
 0001:00033660       sf_debug_bm_set_script_breakpoint 0000000180034660 f   sfc_debug:sfdb_breakpoints.obj
 0001:000336e0       sf_debug_bm_clear_single_script_breakpoint 00000001800346e0 f   sfc_debug:sfdb_breakpoints.obj
 0001:00033760       sf_debug_bm_query_script_breakpoint 0000000180034760 f   sfc_debug:sfdb_breakpoints.obj
 0001:000337b0       sf_debug_bm_initialize_scripts 00000001800347b0 f   sfc_debug:sfdb_breakpoints.obj
 0001:00033e40       sf_debug_bm_terminate      0000000180034e40 f   sfc_debug:sfdb_breakpoints.obj
 0001:00034120       sf_debug_bm_remove_all_breakpoints_in_machine 0000000180035120 f   sfc_debug:sfdb_breakpoints.obj
 0001:00034180       sf_debug_bm_remove_all_breakpoints_in_chart 0000000180035180 f   sfc_debug:sfdb_breakpoints.obj
 0001:000342d0       sf_debug_bm_initialize_global_breakpoints 00000001800352d0 f   sfc_debug:sfdb_breakpoints.obj
 0001:00034450       sf_debug_bm_set_breakpoint 0000000180035450 f   sfc_debug:sfdb_breakpoints.obj
 0001:00034a10       sf_debug_bm_set_eml_breakpoint 0000000180035a10 f   sfc_debug:sfdb_breakpoints.obj
 0001:00034aa0       sf_debug_bm_initialize_machine_breakpoint_map 0000000180035aa0 f   sfc_debug:sfdb_breakpoints.obj
 0001:00034ec0       sf_debug_bm_is_a_breakpoint 0000000180035ec0 f   sfc_debug:sfdb_breakpoints.obj
 0001:000353e0       sf_debug_bm_get_all_breakpoints_in_machine 00000001800363e0 f   sfc_debug:sfdb_breakpoints.obj
 0001:000356e0       sf_debug_bm_get_all_breakpoints_in_chart 00000001800366e0 f   sfc_debug:sfdb_breakpoints.obj
 0001:00036270       sf_debug_bm_initialize_machine 0000000180037270 f   sfc_debug:sfdb_breakpoints.obj
 0001:00036340       sf_debug_bm_initialize_chart 0000000180037340 f   sfc_debug:sfdb_breakpoints.obj
 0001:00036730       sf_debug_sc_terminate      0000000180037730 f   sfc_debug:sfdb_state_consistency.obj
 0001:00036a50       sf_debug_sc_is_chart_consistent 0000000180037a50 f   sfc_debug:sfdb_state_consistency.obj
 0001:00036d00       sf_debug_sc_get_consistency_error_info 0000000180037d00 f   sfc_debug:sfdb_state_consistency.obj
 0001:00037110       sf_debug_tm_terminate      0000000180038110 f   sfc_debug:sfdb_call_stack.obj
 0001:000371c0       sf_debug_tm_push_chart_instance 00000001800381c0 f   sfc_debug:sfdb_call_stack.obj
 0001:00037300       sf_debug_tm_pop_chart_instance 0000000180038300 f   sfc_debug:sfdb_call_stack.obj
 0001:00037360       sf_debug_tm_push_trace_node 0000000180038360 f   sfc_debug:sfdb_call_stack.obj
 0001:000374e0       sf_debug_tm_pop_trace_node 00000001800384e0 f   sfc_debug:sfdb_call_stack.obj
 0001:00037560       sf_debug_tm_get_current_global_trace_index 0000000180038560 f   sfc_debug:sfdb_call_stack.obj
 0001:00037570       sf_debug_tm_get_current_local_trace_index 0000000180038570 f   sfc_debug:sfdb_call_stack.obj
 0001:000375a0       sf_debug_tm_set_cycle_detected_flag 00000001800385a0 f   sfc_debug:sfdb_call_stack.obj
 0001:000375e0       sf_debug_tm_set_cycle_started_flag 00000001800385e0 f   sfc_debug:sfdb_call_stack.obj
 0001:00037620       sf_debug_tm_get_chart_number_from_stack 0000000180038620 f   sfc_debug:sfdb_call_stack.obj
 0001:00037820       sf_debug_tm_browse_trace   0000000180038820 f   sfc_debug:sfdb_call_stack.obj
 0001:00037b30       sf_debug_cd_initialize_instance 0000000180038b30 f   sfc_debug:sfdb_cycle_detection.obj
 0001:00037de0       sf_debug_cd_mark_processed_transition_in_instance 0000000180038de0 f   sfc_debug:sfdb_cycle_detection.obj
 0001:00037e80       sf_debug_cd_checksum_push  0000000180038e80 f   sfc_debug:sfdb_cycle_detection.obj
 0001:00038130       sf_debug_cd_checksum_pop   0000000180039130 f   sfc_debug:sfdb_cycle_detection.obj
 0001:000381a0       sf_debug_cd_turn_off_cycle_detection 00000001800391a0 f   sfc_debug:sfdb_cycle_detection.obj
 0001:000381f0       sf_debug_cd_terminate      00000001800391f0 f   sfc_debug:sfdb_cycle_detection.obj
 0001:00038420       md5_initialize_state       0000000180039420 f   sfc_debug:ckmd5.obj
 0001:00038eb0       md5_update_state           0000000180039eb0 f   sfc_debug:ckmd5.obj
 0001:00038ed0       md5_get_hash               0000000180039ed0 f   sfc_debug:ckmd5.obj
 0001:00038f00       md5_get_hash_for_a_single_string 0000000180039f00 f   sfc_debug:ckmd5.obj
 0001:00038f60       mxGetPr                    0000000180039f60 f   libmx:libmx.dll
 0001:00038f66       mxCreateDoubleScalar       0000000180039f66 f   libmx:libmx.dll
 0001:00038f6c       mxCreateDoubleMatrix_730   0000000180039f6c f   libmx:libmx.dll
 0001:00038f72       mxSetField_730             0000000180039f72 f   libmx:libmx.dll
 0001:00038f78       mxCreateString             0000000180039f78 f   libmx:libmx.dll
 0001:00038f7e       mxCreateStructMatrix_730   0000000180039f7e f   libmx:libmx.dll
 0001:00038f84       mxCreateCellMatrix_730     0000000180039f84 f   libmx:libmx.dll
 0001:00038f8a       mxDestroyArray             0000000180039f8a f   libmx:libmx.dll
 0001:00038f90       mxDuplicateArray           0000000180039f90 f   libmx:libmx.dll
 0001:00038f96       mxGetString_730            0000000180039f96 f   libmx:libmx.dll
 0001:00038f9c       mxIsChar                   0000000180039f9c f   libmx:libmx.dll
 0001:00038fa2       mxGetClassID               0000000180039fa2 f   libmx:libmx.dll
 0001:00038fa8       mxIsNumeric                0000000180039fa8 f   libmx:libmx.dll
 0001:00038fae       mxIsComplex                0000000180039fae f   libmx:libmx.dll
 0001:00038fb4       mxGetN                     0000000180039fb4 f   libmx:libmx.dll
 0001:00038fba       mxGetM                     0000000180039fba f   libmx:libmx.dll
 0001:00038fc0       mxCalloc                   0000000180039fc0 f   libmx:libmx.dll
 0001:00038fc6       mxGetScalar                0000000180039fc6 f   libmx:libmx.dll
 0001:00038fcc       mxIsLogical                0000000180039fcc f   libmx:libmx.dll
 0001:00038fd2       mxCreateDoubleMatrix_700   0000000180039fd2 f   libmx:libmx.dll
 0001:00038fd8       mxFree                     0000000180039fd8 f   libmx:libmx.dll
 0001:00038fde       mxArrayToString            0000000180039fde f   libmx:libmx.dll
 0001:00038fe4       mxCreateCellMatrix_700     0000000180039fe4 f   libmx:libmx.dll
 0001:00038fea       mxSetCell_700              0000000180039fea f   libmx:libmx.dll
 0001:00038ff0       mxGetCell_700              0000000180039ff0 f   libmx:libmx.dll
 0001:00038ff6       mxGetClassName             0000000180039ff6 f   libmx:libmx.dll
 0001:00038ffc       mxSetField_700             0000000180039ffc f   libmx:libmx.dll
 0001:00039002       mxAddField                 000000018003a002 f   libmx:libmx.dll
 0001:00039008       mxGetField_700             000000018003a008 f   libmx:libmx.dll
 0001:0003900e       mxGetNumberOfElements      000000018003a00e f   libmx:libmx.dll
 0001:00039014       mxIsStruct                 000000018003a014 f   libmx:libmx.dll
 0001:0003901a       mxIsA                      000000018003a01a f   libmx:libmx.dll
 0001:00039020       mxIsClass                  000000018003a020 f   libmx:libmx.dll
 0001:00039026       mxGetLogicals              000000018003a026 f   libmx:libmx.dll
 0001:0003902c       mxIsSparse                 000000018003a02c f   libmx:libmx.dll
 0001:00039032       mxSetFieldByNumber_700     000000018003a032 f   libmx:libmx.dll
 0001:00039038       mxGetFieldByNumber_700     000000018003a038 f   libmx:libmx.dll
 0001:0003903e       mxGetFieldNameByNumber     000000018003a03e f   libmx:libmx.dll
 0001:00039044       mxGetNumberOfFields        000000018003a044 f   libmx:libmx.dll
 0001:0003904a       mxCreateStructMatrix_700   000000018003a04a f   libmx:libmx.dll
 0001:00039050       mxGetFieldNumber           000000018003a050 f   libmx:libmx.dll
 0001:00039056       mxIsNaN                    000000018003a056 f   libmx:libmx.dll
 0001:0003905c       mxIsEmpty                  000000018003a05c f   libmx:libmx.dll
 0001:00039062       mxGetData                  000000018003a062 f   libmx:libmx.dll
 0001:00039068       mxGetImagData              000000018003a068 f   libmx:libmx.dll
 0001:0003906e       mxArrayClassIDName         000000018003a06e f   libmx:libmx.dll
 0001:00039074       mxCreateNumericMatrix_700  000000018003a074 f   libmx:libmx.dll
 0001:0003907a       mxCreateStructArray_700    000000018003a07a f   libmx:libmx.dll
 0001:00039080       mxCalcSingleSubscript_700  000000018003a080 f   libmx:libmx.dll
 0001:00039086       mxGetDimensions_700        000000018003a086 f   libmx:libmx.dll
 0001:0003908c       mxGetNumberOfDimensions_700 000000018003a08c f   libmx:libmx.dll
 0001:00039092       mxCreateNumericArray_700   000000018003a092 f   libmx:libmx.dll
 0001:00039098       mxGetElementSize           000000018003a098 f   libmx:libmx.dll
 0001:0003909e       mxCreateStringFromNChars_700 000000018003a09e f   libmx:libmx.dll
 0001:000390a4       mxGetString_700            000000018003a0a4 f   libmx:libmx.dll
 0001:000390aa       mxIsLogicalScalarTrue      000000018003a0aa f   libmx:libmx.dll
 0001:000390b0       mxCreateLogicalScalar      000000018003a0b0 f   libmx:libmx.dll
 0001:000390b6       mexUnlock                  000000018003a0b6 f   libmex:libmex.dll
 0001:000390bc       mexIsLocked                000000018003a0bc f   libmex:libmex.dll
 0001:000390c2       mexWarnMsgTxt              000000018003a0c2 f   libmex:libmex.dll
 0001:000390c8       mexCallMATLAB              000000018003a0c8 f   libmex:libmex.dll
 0001:000390ce       mexErrMsgTxt               000000018003a0ce f   libmex:libmex.dll
 0001:000390d4       mexMakeArrayPersistent     000000018003a0d4 f   libmex:libmex.dll
 0001:000390da       mexSetTrapFlag             000000018003a0da f   libmex:libmex.dll
 0001:000390e0       mexPutVariable             000000018003a0e0 f   libmex:libmex.dll
 0001:000390e6       mexGetVariable             000000018003a0e6 f   libmex:libmex.dll
 0001:000390ec       mexLock                    000000018003a0ec f   libmex:libmex.dll
 0001:000390f2       mexMakeMemoryPersistent    000000018003a0f2 f   libmex:libmex.dll
 0001:000390f8       mexFunctionName            000000018003a0f8 f   libmex:libmex.dll
 0001:000390fe       ssRegisterDataTypeFxpFSlopeFixExpBias 000000018003a0fe f   libfixedpoint:libfixedpoint.dll
 0001:00039104       ssRegisterDataTypeFxpScaledDouble 000000018003a104 f   libfixedpoint:libfixedpoint.dll
 0001:0003910a       utMalloc                   000000018003a10a f   libut:libut.dll
 0001:00039110       utFree                     000000018003a110 f   libut:libut.dll
 0001:00039116       utVSNprintf                000000018003a116 f   libut:libut.dll
 0001:0003911c       utCPUtime                  000000018003a11c f   libut:libut.dll
 0001:00039122       utCalloc                   000000018003a122 f   libut:libut.dll
 0001:00039128       utRealloc                  000000018003a128 f   libut:libut.dll
 0001:0003912e       emlrtCreateRootTLS         000000018003a12e f   libemlrt:libemlrt.dll
 0001:00039134       emlrtDestroyRootTLS        000000018003a134 f   libemlrt:libemlrt.dll
 0001:0003913a       emlrtCheckBuiltInR2012b    000000018003a13a f   libemlrt:libemlrt.dll
 0001:00039140       emlrtCheckVsBuiltInR2012b  000000018003a140 f   libemlrt:libemlrt.dll
 0001:00039146       emlrtCheckEnumR2012b       000000018003a146 f   libemlrt:libemlrt.dll
 0001:0003914c       emlrtCreateEnumR2012b      000000018003a14c f   libemlrt:libemlrt.dll
 0001:00039152       emlrtGetEnumElementR2009a  000000018003a152 f   libemlrt:libemlrt.dll
 0001:00039158       emlrtCreateReference       000000018003a158 f   libemlrt:libemlrt.dll
 0001:0003915e       emlrtImportVsFiArrayR2009b 000000018003a15e f   libemlrt:libemlrt.dll
 0001:00039164       emlrtNameCapturePostProcessR2012a 000000018003a164 f   libemlrt:libemlrt.dll
 0001:0003916a       emlrtExtractMessageId      000000018003a16a f   libemlrt:libemlrt.dll
 0001:00039170       emlrtTranslateMessageIDtoLCPstring 000000018003a170 f   libemlrt:libemlrt.dll
 0001:00039176       emlrtForLoopVectorIsValidR2011b 000000018003a176 f   libemlrt:libemlrt.dll
 0001:0003917c       emlrtTranslateUTF16MessagetoLCPstring 000000018003a17c f   libemlrt:libemlrt.dll
 0001:00039182       emlrtGetEnumUnderlyingArrayR2009a 000000018003a182 f   libemlrt:libemlrt.dll
 0001:00039188       emlrtIsEnumR2009a          000000018003a188 f   libemlrt:libemlrt.dll
 0001:0003918e       memset                     000000018003a18e f   MSVCRT:MSVCR100.dll
 0001:00039194       __GSHandlerCheckCommon     000000018003a194 f   MSVCRT:gshandler.obj
 0001:000391f8       __GSHandlerCheck           000000018003a1f8 f   MSVCRT:gshandler.obj
 0001:00039230       __security_check_cookie    000000018003a230 f   MSVCRT:amdsecgs.obj
 0001:00039250       strcmp                     000000018003a250 f   MSVCRT:MSVCR100.dll
 0001:00039256       free                       000000018003a256 f   MSVCRT:MSVCR100.dll
 0001:0003925c       sprintf                    000000018003a25c f   MSVCRT:MSVCR100.dll
 0001:00039262       malloc                     000000018003a262 f   MSVCRT:MSVCR100.dll
 0001:00039268       strlen                     000000018003a268 f   MSVCRT:MSVCR100.dll
 0001:0003926e       strcat                     000000018003a26e f   MSVCRT:MSVCR100.dll
 0001:00039274       memcpy                     000000018003a274 f   MSVCRT:MSVCR100.dll
 0001:0003927c       NtCurrentTeb               000000018003a27c f i MSVCRT:crtdll.obj
 0001:000392e8       _CRT_INIT                  000000018003a2e8 f   MSVCRT:crtdll.obj
 0001:00039680       _DllMainCRTStartup         000000018003a680 f   MSVCRT:crtdll.obj
 0001:000396be       strncpy                    000000018003a6be f   MSVCRT:MSVCR100.dll
 0001:000396e0       _alloca_probe              000000018003a6e0     MSVCRT:chkstk.obj
 0001:000396e0       __chkstk                   000000018003a6e0 f   MSVCRT:chkstk.obj
 0001:0003972e       longjmp                    000000018003a72e f   MSVCRT:MSVCR100.dll
 0001:00039734       strncmp                    000000018003a734 f   MSVCRT:MSVCR100.dll
 0001:0003973a       ceil                       000000018003a73a f   MSVCRT:MSVCR100.dll
 0001:00039740       strrchr                    000000018003a740 f   MSVCRT:MSVCR100.dll
 0001:00039746       _setjmp                    000000018003a746 f   MSVCRT:MSVCR100.dll
 0001:0003974c       ldexp                      000000018003a74c f   MSVCRT:MSVCR100.dll
 0001:00039754       __report_gsfailure         000000018003a754 f   MSVCRT:gs_report.obj
 0001:000398a0       __clean_type_info_names    000000018003a8a0 f   MSVCRT:tncleanup.obj
 0001:000398ac       _onexit                    000000018003a8ac f   MSVCRT:atonexit.obj
 0001:0003995c       atexit                     000000018003a95c f   MSVCRT:atonexit.obj
 0001:00039974       _RTC_Initialize            000000018003a974 f   MSVCRT:_initsect_.obj
 0001:000399ac       _RTC_Terminate             000000018003a9ac f   MSVCRT:_initsect_.obj
 0001:000399e4       _malloc_crt                000000018003a9e4 f   MSVCRT:MSVCR100.dll
 0001:000399f0       _ValidateImageBase         000000018003a9f0 f   MSVCRT:pesect.obj
 0001:00039a20       _FindPESection             000000018003aa20 f   MSVCRT:pesect.obj
 0001:00039a70       _IsNonwritableInCurrentImage 000000018003aa70 f   MSVCRT:pesect.obj
 0001:00039ab2       _initterm                  000000018003aab2 f   MSVCRT:MSVCR100.dll
 0001:00039ab8       _initterm_e                000000018003aab8 f   MSVCRT:MSVCR100.dll
 0001:00039abe       _encoded_null              000000018003aabe f   MSVCRT:MSVCR100.dll
 0001:00039ac4       _amsg_exit                 000000018003aac4 f   MSVCRT:MSVCR100.dll
 0001:00039aca       __C_specific_handler       000000018003aaca f   MSVCRT:MSVCR100.dll
 0001:00039ad0       __CppXcptFilter            000000018003aad0 f   MSVCRT:MSVCR100.dll
 0001:00039ad8       DllMain                    000000018003aad8 f   MSVCRT:dllmain.obj
 0001:00039afc       __security_init_cookie     000000018003aafc f   MSVCRT:gs_support.obj
 0001:00039bb0       __crt_debugger_hook        000000018003abb0 f   MSVCRT:MSVCR100.dll
 0001:00039bb6       __clean_type_info_names_internal 000000018003abb6 f   MSVCRT:MSVCR100.dll
 0001:00039bbc       _unlock                    000000018003abbc f   MSVCRT:MSVCR100.dll
 0001:00039bc2       __dllonexit                000000018003abc2 f   MSVCRT:MSVCR100.dll
 0001:00039bc8       _lock                      000000018003abc8 f   MSVCRT:MSVCR100.dll
 0001:00039bce       EncodePointer              000000018003abce f   kernel32:KERNEL32.dll
 0001:00039bd4       DecodePointer              000000018003abd4 f   kernel32:KERNEL32.dll
 0001:00039bda       Sleep                      000000018003abda f   kernel32:KERNEL32.dll
 0001:00039be0       TerminateProcess           000000018003abe0 f   kernel32:KERNEL32.dll
 0001:00039be6       GetCurrentProcess          000000018003abe6 f   kernel32:KERNEL32.dll
 0001:00039bec       UnhandledExceptionFilter   000000018003abec f   kernel32:KERNEL32.dll
 0001:00039bf2       SetUnhandledExceptionFilter 000000018003abf2 f   kernel32:KERNEL32.dll
 0001:00039bf8       IsDebuggerPresent          000000018003abf8 f   kernel32:KERNEL32.dll
 0001:00039bfe       RtlVirtualUnwind           000000018003abfe f   kernel32:KERNEL32.dll
 0001:00039c04       RtlLookupFunctionEntry     000000018003ac04 f   kernel32:KERNEL32.dll
 0001:00039c0a       RtlCaptureContext          000000018003ac0a f   kernel32:KERNEL32.dll
 0001:00039c10       DisableThreadLibraryCalls  000000018003ac10 f   kernel32:KERNEL32.dll
 0001:00039c16       QueryPerformanceCounter    000000018003ac16 f   kernel32:KERNEL32.dll
 0001:00039c1c       GetTickCount               000000018003ac1c f   kernel32:KERNEL32.dll
 0001:00039c22       GetCurrentThreadId         000000018003ac22 f   kernel32:KERNEL32.dll
 0001:00039c28       GetCurrentProcessId        000000018003ac28 f   kernel32:KERNEL32.dll
 0001:00039c2e       GetSystemTimeAsFileTime    000000018003ac2e f   kernel32:KERNEL32.dll
 0002:00000000       __imp_GetSystemTimeAsFileTime 000000018003b000     kernel32:KERNEL32.dll
 0002:00000008       __imp_GetCurrentProcessId  000000018003b008     kernel32:KERNEL32.dll
 0002:00000010       __imp_GetCurrentThreadId   000000018003b010     kernel32:KERNEL32.dll
 0002:00000018       __imp_GetTickCount         000000018003b018     kernel32:KERNEL32.dll
 0002:00000020       __imp_QueryPerformanceCounter 000000018003b020     kernel32:KERNEL32.dll
 0002:00000028       __imp_DisableThreadLibraryCalls 000000018003b028     kernel32:KERNEL32.dll
 0002:00000030       __imp_RtlCaptureContext    000000018003b030     kernel32:KERNEL32.dll
 0002:00000038       __imp_RtlLookupFunctionEntry 000000018003b038     kernel32:KERNEL32.dll
 0002:00000040       __imp_RtlVirtualUnwind     000000018003b040     kernel32:KERNEL32.dll
 0002:00000048       __imp_IsDebuggerPresent    000000018003b048     kernel32:KERNEL32.dll
 0002:00000050       __imp_SetUnhandledExceptionFilter 000000018003b050     kernel32:KERNEL32.dll
 0002:00000058       __imp_UnhandledExceptionFilter 000000018003b058     kernel32:KERNEL32.dll
 0002:00000060       __imp_GetCurrentProcess    000000018003b060     kernel32:KERNEL32.dll
 0002:00000068       __imp_TerminateProcess     000000018003b068     kernel32:KERNEL32.dll
 0002:00000070       __imp_Sleep                000000018003b070     kernel32:KERNEL32.dll
 0002:00000078       __imp_DecodePointer        000000018003b078     kernel32:KERNEL32.dll
 0002:00000080       __imp_EncodePointer        000000018003b080     kernel32:KERNEL32.dll
 0002:00000088       \177KERNEL32_NULL_THUNK_DATA 000000018003b088     kernel32:KERNEL32.dll
 0002:00000090       __imp__onexit              000000018003b090     MSVCRT:MSVCR100.dll
 0002:00000098       __imp__lock                000000018003b098     MSVCRT:MSVCR100.dll
 0002:000000a0       __imp___dllonexit          000000018003b0a0     MSVCRT:MSVCR100.dll
 0002:000000a8       __imp__unlock              000000018003b0a8     MSVCRT:MSVCR100.dll
 0002:000000b0       __imp___clean_type_info_names_internal 000000018003b0b0     MSVCRT:MSVCR100.dll
 0002:000000b8       __imp___crt_debugger_hook  000000018003b0b8     MSVCRT:MSVCR100.dll
 0002:000000c0       __imp___CppXcptFilter      000000018003b0c0     MSVCRT:MSVCR100.dll
 0002:000000c8       __imp___C_specific_handler 000000018003b0c8     MSVCRT:MSVCR100.dll
 0002:000000d0       __imp__amsg_exit           000000018003b0d0     MSVCRT:MSVCR100.dll
 0002:000000d8       __imp__encoded_null        000000018003b0d8     MSVCRT:MSVCR100.dll
 0002:000000e0       __imp__initterm_e          000000018003b0e0     MSVCRT:MSVCR100.dll
 0002:000000e8       __imp__initterm            000000018003b0e8     MSVCRT:MSVCR100.dll
 0002:000000f0       __imp__malloc_crt          000000018003b0f0     MSVCRT:MSVCR100.dll
 0002:000000f8       __imp_ldexp                000000018003b0f8     MSVCRT:MSVCR100.dll
 0002:00000100       __imp__setjmp              000000018003b100     MSVCRT:MSVCR100.dll
 0002:00000108       __imp_strrchr              000000018003b108     MSVCRT:MSVCR100.dll
 0002:00000110       __imp_ceil                 000000018003b110     MSVCRT:MSVCR100.dll
 0002:00000118       __imp_strncmp              000000018003b118     MSVCRT:MSVCR100.dll
 0002:00000120       __imp_longjmp              000000018003b120     MSVCRT:MSVCR100.dll
 0002:00000128       __imp_strncpy              000000018003b128     MSVCRT:MSVCR100.dll
 0002:00000130       __imp_memcpy               000000018003b130     MSVCRT:MSVCR100.dll
 0002:00000138       __imp_strcat               000000018003b138     MSVCRT:MSVCR100.dll
 0002:00000140       __imp_strlen               000000018003b140     MSVCRT:MSVCR100.dll
 0002:00000148       __imp_malloc               000000018003b148     MSVCRT:MSVCR100.dll
 0002:00000150       __imp_sprintf              000000018003b150     MSVCRT:MSVCR100.dll
 0002:00000158       __imp_free                 000000018003b158     MSVCRT:MSVCR100.dll
 0002:00000160       __imp_strcmp               000000018003b160     MSVCRT:MSVCR100.dll
 0002:00000168       __imp_memset               000000018003b168     MSVCRT:MSVCR100.dll
 0002:00000170       \177MSVCR100_NULL_THUNK_DATA 000000018003b170     MSVCRT:MSVCR100.dll
 0002:00000178       __imp_emlrtIsEnumR2009a    000000018003b178     libemlrt:libemlrt.dll
 0002:00000180       __imp_emlrtGetEnumUnderlyingArrayR2009a 000000018003b180     libemlrt:libemlrt.dll
 0002:00000188       __imp_emlrtTranslateUTF16MessagetoLCPstring 000000018003b188     libemlrt:libemlrt.dll
 0002:00000190       __imp_emlrtForLoopVectorIsValidR2011b 000000018003b190     libemlrt:libemlrt.dll
 0002:00000198       __imp_emlrtTranslateMessageIDtoLCPstring 000000018003b198     libemlrt:libemlrt.dll
 0002:000001a0       __imp_emlrtExtractMessageId 000000018003b1a0     libemlrt:libemlrt.dll
 0002:000001a8       __imp_emlrtNameCapturePostProcessR2012a 000000018003b1a8     libemlrt:libemlrt.dll
 0002:000001b0       __imp_emlrtImportVsFiArrayR2009b 000000018003b1b0     libemlrt:libemlrt.dll
 0002:000001b8       __imp_emlrtCreateReference 000000018003b1b8     libemlrt:libemlrt.dll
 0002:000001c0       __imp_emlrtGetEnumElementR2009a 000000018003b1c0     libemlrt:libemlrt.dll
 0002:000001c8       __imp_emlrtCreateEnumR2012b 000000018003b1c8     libemlrt:libemlrt.dll
 0002:000001d0       __imp_emlrtCheckEnumR2012b 000000018003b1d0     libemlrt:libemlrt.dll
 0002:000001d8       __imp_emlrtCheckVsBuiltInR2012b 000000018003b1d8     libemlrt:libemlrt.dll
 0002:000001e0       __imp_emlrtCheckBuiltInR2012b 000000018003b1e0     libemlrt:libemlrt.dll
 0002:000001e8       __imp_emlrtDestroyRootTLS  000000018003b1e8     libemlrt:libemlrt.dll
 0002:000001f0       __imp_emlrtCreateRootTLS   000000018003b1f0     libemlrt:libemlrt.dll
 0002:000001f8       \177libemlrt_NULL_THUNK_DATA 000000018003b1f8     libemlrt:libemlrt.dll
 0002:00000200       __imp_ssRegisterDataTypeFxpScaledDouble 000000018003b200     libfixedpoint:libfixedpoint.dll
 0002:00000208       __imp_ssRegisterDataTypeFxpFSlopeFixExpBias 000000018003b208     libfixedpoint:libfixedpoint.dll
 0002:00000210       \177libfixedpoint_NULL_THUNK_DATA 000000018003b210     libfixedpoint:libfixedpoint.dll
 0002:00000218       __imp_mexLock              000000018003b218     libmex:libmex.dll
 0002:00000220       __imp_mexMakeMemoryPersistent 000000018003b220     libmex:libmex.dll
 0002:00000228       __imp_mexFunctionName      000000018003b228     libmex:libmex.dll
 0002:00000230       __imp_mexGetVariable       000000018003b230     libmex:libmex.dll
 0002:00000238       __imp_mexPutVariable       000000018003b238     libmex:libmex.dll
 0002:00000240       __imp_mexSetTrapFlag       000000018003b240     libmex:libmex.dll
 0002:00000248       __imp_mexIsLocked          000000018003b248     libmex:libmex.dll
 0002:00000250       __imp_mexWarnMsgTxt        000000018003b250     libmex:libmex.dll
[...]
 0001:0000f8f0       sf_mex_check_complex       00000001800108f0 f   sfc_mex:sfc_mex.obj
 0001:0000f980       sf_mex_check_sparse        0000000180010980 f   sfc_mex:sfc_mex.obj
 0001:0000f9e0       sf_mex_check_numerictype   00000001800109e0 f   sfc_mex:sfc_mex.obj
 0001:0000fb70       sf_mex_check_fimath        0000000180010b70 f   sfc_mex:sfc_mex.obj
 0001:000106d0       size_mismatch_error        00000001800116d0 f   sfc_mex:sfc_mex.obj
 0001:00011140       check_array_dimensions     0000000180012140 f   sfc_mex:sfc_mex.obj
 0001:000111b0       check_input_mxarray        00000001800121b0 f   sfc_mex:sfc_mex.obj
 0001:000118f0       sf_numeric_value_to_double 00000001800128f0 f   sfc_mex:sfc_mex.obj
 0001:00011940       ml_generic_out_of_bounds_check 0000000180012940 f   sfc_mex:sfc_mex.obj
 0001:00011b00       ml_get_element_value_from_array 0000000180012b00 f   sfc_mex:sfc_mex.obj
 0001:00011ea0       _ml_generic_castability_check 0000000180012ea0 f   sfc_mex:sfc_mex.obj
 0001:000125f0       ml_generic_castability_check 00000001800135f0 f   sfc_mex:sfc_mex.obj
 0001:00012690       ml_check_mx_array_for_single_castability 0000000180013690 f   sfc_mex:sfc_mex.obj
 0001:00012730       ml_check_mx_array_for_logical_castability 0000000180013730 f   sfc_mex:sfc_mex.obj
 0001:000127d0       ml_check_mx_array_for_int8_castability 00000001800137d0 f   sfc_mex:sfc_mex.obj
 0001:00012880       ml_check_mx_array_for_uint8_castability 0000000180013880 f   sfc_mex:sfc_mex.obj
 0001:000128e0       ml_check_mx_array_for_int16_castability 00000001800138e0 f   sfc_mex:sfc_mex.obj
 0001:00012940       ml_check_mx_array_for_uint16_castability 0000000180013940 f   sfc_mex:sfc_mex.obj
 0001:000129a0       ml_check_mx_array_for_int32_castability 00000001800139a0 f   sfc_mex:sfc_mex.obj
 0001:00012a00       ml_check_mx_array_for_uint32_castability 0000000180013a00 f   sfc_mex:sfc_mex.obj
 0001:00012a60       ml_check_mx_array_for_castability 0000000180013a60 f   sfc_mex:sfc_mex.obj
 0001:00013280       set_data_value             0000000180014280 f   sfc_mex:sfc_mex.obj
 0001:000135f0       get_data_value             00000001800145f0 f   sfc_mex:sfc_mex.obj
 0001:00013700       get_next_element_address   0000000180014700 f   sfc_mex:sfc_mex.obj
 0001:000137d0       sf_normalize_index         00000001800147d0 f   sfc_mex:sfc_mex.obj
 0001:00013b80       ml_array_index_bound_check 0000000180014b80 f   sfc_mex:sfc_mex.obj
 0001:00014700       mx_value                   0000000180015700 f   sfc_mex:sfc_mex.obj
 0001:00014750       sf_create_numeric_array    0000000180015750 f   sfc_mex:sfc_mex.obj
 0001:000147f0       sf_mex_assign_to_mx_array  00000001800157f0 f   sfc_mex:sfc_mex.obj
 0001:00014b60       assign_from_mx_array       0000000180015b60 f   sfc_mex:sfc_mex.obj
 0001:000152c0       sf_mex_import_v            00000001800162c0 f   sfc_mex:sfc_mex.obj
 0001:000159d0       get_machine_and_chart_file_number 00000001800169d0 f   sfc_mex:sfc_sf.obj
 0001:00015ac0       get_sfun_block_specialization 0000000180016ac0 f   sfc_mex:sfc_sf.obj
 0001:00015b70       call_sf_machine_global_method_dispatcher 0000000180016b70 f   sfc_mex:sfc_sf.obj
 0001:00015dc0       mdl_zeroCrossings_processing 0000000180016dc0 f   sfc_mex:sfc_sf.obj
 0001:00015ea0       mdl_derivatives_processing 0000000180016ea0 f   sfc_mex:sfc_sf.obj
 0001:00016180       mdl_outputs_continuous_legacy 0000000180017180 f   sfc_mex:sfc_sf.obj
 0001:00016200       mdl_outputs_processing     0000000180017200 f   sfc_mex:sfc_sf.obj
 0001:00016470       mdl_enable_processing      0000000180017470 f   sfc_mex:sfc_sf.obj
 0001:00016550       mdl_disable_processing     0000000180017550 f   sfc_mex:sfc_sf.obj
 0001:000173e0       sf_call_output_fcn_enable_disable 00000001800183e0 f   sfc_mex:sfc_sf.obj
 0001:00017660       set_dwork_information_from_mx_array 0000000180018660 f   sfc_mex:sfc_sf.obj
 0001:00017f50       ptr2mxStruct               0000000180018f50 f   sfc_mex:sfc_sf.obj
 0001:00018260       SNPRINTF_WRAPPER           0000000180019260 f   sfc_debug:sfcdebug.obj
 0001:00018290       sf_debug_chart_instance_initialized 0000000180019290 f   sfc_debug:sfcdebug.obj
 0001:00018430       sfrtAddSize                0000000180019430 f   sfc_debug:sfcdebug.obj
 0001:000184f0       sfrtGenSizeString          00000001800194f0 f   sfc_debug:sfcdebug.obj
 0001:00018c40       fill_single_message_info   0000000180019c40 f   sfc_debug:sfcdebug.obj
 0001:00018ec0       sf_debug_sim_status_listener 0000000180019ec0 f   sfc_debug:sfcdebug.obj
 0001:00019450       sf_debug_form_mask_bits    000000018001a450 f   sfc_debug:sfcdebug.obj
 0001:00019470       sf_debug_form_sf_data_type_offsets 000000018001a470 f   sfc_debug:sfcdebug.obj
 0001:00019530       sf_debug_free_all          000000018001a530 f   sfc_debug:sfcdebug.obj
 0001:000196c0       sf_debug_append_debugger_context 000000018001a6c0 f   sfc_debug:sfcdebug.obj
 0001:00019a30       local_strdup               000000018001aa30 f   sfc_debug:sfcdebug.obj
 0001:0001a9b0       sf_debug_em_terminate      000000018001b9b0 f   sfc_debug:sfcdebug.obj
 0001:0001a9f0       sf_debug_push_eml_function 000000018001b9f0 f   sfc_debug:sfcdebug.obj
 0001:0001aa90       sf_debug_pop_eml_function  000000018001ba90 f   sfc_debug:sfcdebug.obj
 0001:0001b730       sf_debug_get_machine_number_from_id_or_name 000000018001c730 f   sfc_debug:sfcdebug.obj
 0001:0001b880       sf_debug_get_chart_number_from_id 000000018001c880 f   sfc_debug:sfcdebug.obj
 0001:0001c660       sf_debug_transfer_control_to_debugger_GUI 000000018001d660 f   sfc_debug:sfcdebug.obj
 0001:0001d5d0       sf_debug_scripts_rehash    000000018001e5d0 f   sfc_debug:sfcdebug.obj
 0001:0001d7e0       sf_debug_get_script_line_count 000000018001e7e0 f   sfc_debug:sfcdebug.obj
 0001:0001e230       cv_eml_state_cvId          000000018001f230 f   sfc_debug:sfcdebug.obj
 0001:0001e2a0       cv_eml_trans_cvId          000000018001f2a0 f   sfc_debug:sfcdebug.obj
 0001:0001f720       sf_debug_data_array_bounds_error 0000000180020720 f   sfc_debug:sfcdebug.obj
 0001:0001fad0       eml_debug_runtime_error_doclink 0000000180020ad0 f   sfc_debug:sfcdebug.obj
 0001:0001fc40       sf_debug_runtime_error     0000000180020c40 f   sfc_debug:sfcdebug.obj
 0001:0001fcb0       sf_debug_matlab_error      0000000180020cb0 f   sfc_debug:sfcdebug.obj
 0001:00020620       sf_debug_data_value_error  0000000180021620 f   sfc_debug:sfcdebug.obj
 0001:00020ef0       sf_debug_data_loss_error   0000000180021ef0 f   sfc_debug:sfcdebug.obj
 0001:00021e10       call_cv_range_check        0000000180022e10 f   sfc_debug:sfcdebug.obj
 0001:00022670       sf_debug_invoke_cycle_detection_code 0000000180023670 f   sfc_debug:sfcdebug.obj
 0001:000231e0       sf_reset_debug_info_struct 00000001800241e0 f   sfc_debug:sfcdebug.obj
 0001:000239d0       cv_script_cvId             00000001800249d0 f   sfc_debug:sfcdebug.obj
 0001:00024b90       sfc_api_chart_visible      0000000180025b90 f   sfc_debug:sfc_api.obj
 0001:00024c20       sfc_api_active_instance    0000000180025c20 f   sfc_debug:sfc_api.obj
 0001:00024cb0       sfc_api_machine_load       0000000180025cb0 f   sfc_debug:sfc_api.obj
 0001:00024da0       sfc_api_debugger_alive     0000000180025da0 f   sfc_debug:sfc_api.obj
 0001:00024db0       sfc_api_go                 0000000180025db0 f   sfc_debug:sfc_api.obj
 0001:00024dc0       sfc_api_step_over          0000000180025dc0 f   sfc_debug:sfc_api.obj
 0001:00024dd0       sfc_api_step_out           0000000180025dd0 f   sfc_debug:sfc_api.obj
 0001:00024de0       sfc_api_resume             0000000180025de0 f   sfc_debug:sfc_api.obj
 0001:00024df0       sfc_api_break              0000000180025df0 f   sfc_debug:sfc_api.obj
 0001:00024e00       sfc_api_stop_debugging     0000000180025e00 f   sfc_debug:sfc_api.obj
 0001:00024e60       sfc_api_is_cycle_detected  0000000180025e60 f   sfc_debug:sfc_api.obj
 0001:00024ec0       sfc_api_is_array_bounds_detected 0000000180025ec0 f   sfc_debug:sfc_api.obj
 0001:00024f20       sfc_api_set_disable_all_breakpoints 0000000180025f20 f   sfc_debug:sfc_api.obj
 0001:00024fa0       sfc_api_disable_all_breakpoints_and_go 0000000180025fa0 f   sfc_debug:sfc_api.obj
 0001:00024fb0       sfc_api_close              0000000180025fb0 f   sfc_debug:sfc_api.obj
 0001:00024fc0       sfc_api_browse_data        0000000180025fc0 f   sfc_debug:sfc_api.obj
 0001:00025040       sfc_api_watch_data         0000000180026040 f   sfc_debug:sfc_api.obj
 0001:00025150       sfc_api_extract_message_post_receive_info 0000000180026150 f   sfc_debug:sfc_api.obj
 0001:00025170       sfc_api_assign_data        0000000180026170 f   sfc_debug:sfc_api.obj
 0001:00025220       sfc_api_whos               0000000180026220 f   sfc_debug:sfc_api.obj
 0001:000252b0       sfc_api_get_consistency_info 00000001800262b0 f   sfc_debug:sfc_api.obj
 0001:000252c0       sfc_api_browse_trace       00000001800262c0 f   sfc_debug:sfc_api.obj
 0001:000252d0       sfc_api_break_on_chart_entry 00000001800262d0 f   sfc_debug:sfc_api.obj
 0001:00025300       sfc_api_break_on_event_broadcast 0000000180026300 f   sfc_debug:sfc_api.obj
 0001:00025330       sfc_api_break_on_state_entry 0000000180026330 f   sfc_debug:sfc_api.obj
 0001:00025360       sfc_api_set_watch          0000000180026360 f   sfc_debug:sfc_api.obj
 0001:00025410       sfc_api_set_breakpoints    0000000180026410 f   sfc_debug:sfc_api.obj
 0001:000254d0       sfc_api_set_eml_breakpoints 00000001800264d0 f   sfc_debug:sfc_api.obj
 0001:00025570       sfc_api_set_script_breakpoints 0000000180026570 f   sfc_debug:sfc_api.obj
 0001:000255d0       sfc_api_add_script_breakpoints 00000001800265d0 f   sfc_debug:sfc_api.obj
 0001:00025630       sfc_api_clear_script_breakpoints 0000000180026630 f   sfc_debug:sfc_api.obj
 0001:00025690       sfc_api_query_script_breakpoints 0000000180026690 f   sfc_debug:sfc_api.obj
 0001:00025700       sfc_api_get_script_id      0000000180026700 f   sfc_debug:sfc_api.obj
 0001:000257c0       sfc_api_get_active_states  00000001800267c0 f   sfc_debug:sfc_api.obj
 0001:00025850       sfc_api_break_between_times 0000000180026850 f   sfc_debug:sfc_api.obj
 0001:000258c0       sfc_api_get_instance_handle 00000001800268c0 f   sfc_debug:sfc_api.obj
 0001:00025990       sfc_api_set_animation      0000000180026990 f   sfc_debug:sfc_api.obj
 0001:000259e0       sfc_api_select_chart       00000001800269e0 f   sfc_debug:sfc_api.obj
 0001:00025a50       sfc_api_select_charts      0000000180026a50 f   sfc_debug:sfc_api.obj
 0001:00025a80       sfc_api_cycle_detection_check 0000000180026a80 f   sfc_debug:sfc_api.obj
 0001:00025ad0       sfc_api_data_range_check   0000000180026ad0 f   sfc_debug:sfc_api.obj
 0001:00025b20       sfc_api_transition_conflict_check 0000000180026b20 f   sfc_debug:sfc_api.obj
 0001:00025b70       sfc_api_state_consistency_check 0000000180026b70 f   sfc_debug:sfc_api.obj
 0001:00025bc0       sfc_api_set_instance_cv_ids 0000000180026bc0 f   sfc_debug:sfc_api.obj
 0001:00025cf0       sfc_api_set_script_cv_ids  0000000180026cf0 f   sfc_debug:sfc_api.obj
 0001:00025dc0       sfc_api_get_current_machine_id 0000000180026dc0 f   sfc_debug:sfc_api.obj
 0001:00025df0       sfc_api_get_current_machine_number 0000000180026df0 f   sfc_debug:sfc_api.obj
 0001:00025e20       sfc_api_get_current_chart_number 0000000180026e20 f   sfc_debug:sfc_api.obj
 0001:00025e50       sfc_api_get_current_instance_number 0000000180026e50 f   sfc_debug:sfc_api.obj
 0001:00025e80       sfc_api_get_current_instance_handle 0000000180026e80 f   sfc_debug:sfc_api.obj
 0001:00025ea0       sfc_api_get_current_is_minor_time_step 0000000180026ea0 f   sfc_debug:sfc_api.obj
 0001:00025ed0       sfc_api_get_current_machine_name 0000000180026ed0 f   sfc_debug:sfc_api.obj
 0001:00025ef0       sfc_api_get_current_chart_id 0000000180026ef0 f   sfc_debug:sfc_api.obj
 0001:00025f20       sfc_api_get_current_object_type 0000000180026f20 f   sfc_debug:sfc_api.obj
 0001:00025f50       sfc_api_get_current_event_type 0000000180026f50 f   sfc_debug:sfc_api.obj
 0001:00025f80       sfc_api_get_current_object_id 0000000180026f80 f   sfc_debug:sfc_api.obj
 0001:00025fb0       sfc_get_current_active_event_type 0000000180026fb0 f   sfc_debug:sfc_api.obj
 0001:00025fe0       sfc_api_get_current_active_event_id 0000000180026fe0 f   sfc_debug:sfc_api.obj
 0001:00026010       sfc_api_get_current_simulation_time 0000000180027010 f   sfc_debug:sfc_api.obj
 0001:00026030       sfc_get_current_tag_type   0000000180027030 f   sfc_debug:sfc_api.obj
 0001:00026060       sfc_get_current_coverage_percentage 0000000180027060 f   sfc_debug:sfc_api.obj
 0001:00026080       sfc_get_current_statement_context 0000000180027080 f   sfc_debug:sfc_api.obj
 0001:000260a0       sfc_get_current_optional_integer 00000001800270a0 f   sfc_debug:sfc_api.obj
 0001:000260d0       sfc_get_current_statement_info 00000001800270d0 f   sfc_debug:sfc_api.obj
 0001:00026170       sfc_api_get                0000000180027170 f   sfc_debug:sfc_api.obj
 0001:00026dd0       sf_debug_sm_fill_state_activity_data 0000000180027dd0 f   sfc_debug:sfdb_animation.obj
 0001:00029610       void_ptr_stack_vector_free_total 000000018002a610 f   sfc_debug:sfdb_data_browse.obj
 0001:00029690       sf_debug_st_terminate_machine 000000018002a690 f   sfc_debug:sfdb_data_browse.obj
 0001:000296d0       sf_debug_st_terminate_instance 000000018002a6d0 f   sfc_debug:sfdb_data_browse.obj
 0001:00029a80       push_on_to_void_ptr_stack  000000018002aa80 f   sfc_debug:sfdb_data_browse.obj
 0001:00029c10       pop_from_void_ptr_stack    000000018002ac10 f   sfc_debug:sfdb_data_browse.obj
 0001:00029d40       sf_debug_st_get_data_value 000000018002ad40 f   sfc_debug:sfdb_data_browse.obj
 0001:0002a270       mx_value                   000000018002b270 f   sfc_debug:sfdb_data_browse.obj
 0001:0002a2b0       sf_debug_st_fill_data_struct 000000018002b2b0 f   sfc_debug:sfdb_data_browse.obj
 0001:0002a5f0       data_type_format_strings   000000018002b5f0 f   sfc_debug:sfdb_data_browse.obj
 0001:0002a6a0       sf_debug_st_fill_data      000000018002b6a0 f   sfc_debug:sfdb_data_browse.obj
 0001:0002b390       sf_debug_hm_get_simulink_handle 000000018002c390 f   sfc_debug:sfdb_handle_management.obj
 0001:0002be40       sf_debug_hm_initialize_globals 000000018002ce40 f   sfc_debug:sfdb_handle_management.obj
 0001:0002bf40       sf_debug_hm_get_machine_debug_flag 000000018002cf40 f   sfc_debug:sfdb_handle_management.obj
 0001:0002c0b0       sf_debug_hm_get_machine_id 000000018002d0b0 f   sfc_debug:sfdb_handle_management.obj
 0001:0002c1d0       sf_debug_hm_get_chart_id   000000018002d1d0 f   sfc_debug:sfdb_handle_management.obj
 0001:0002c370       sf_debug_hm_register_executing_SFunction 000000018002d370 f   sfc_debug:sfdb_handle_management.obj
 0001:0002c700       sf_debug_hm_form_object_boolean_properties 000000018002d700 f   sfc_debug:sfdb_handle_management.obj
 0001:0002c9d0       sf_debug_hm_form_object_properties 000000018002d9d0 f   sfc_debug:sfdb_handle_management.obj
 0001:0002cc10       sf_debug_hm_terminate_charts 000000018002dc10 f   sfc_debug:sfdb_handle_management.obj
 0001:0002d2f0       sf_debug_hm_terminate_machines 000000018002e2f0 f   sfc_debug:sfdb_handle_management.obj
 0001:0002ed60       sf_debug_ss_copy_dimension 000000018002fd60 f   sfc_debug:sfdb_symbol_scope.obj
 0001:0002ee20       sf_debug_ss_get_number_elements 000000018002fe20 f   sfc_debug:sfdb_symbol_scope.obj
 0001:0002ee40       sf_debug_ss_fill_data_struct 000000018002fe40 f   sfc_debug:sfdb_symbol_scope.obj
 0001:0002f190       sf_debug_ss_reset_data_info 0000000180030190 f   sfc_debug:sfdb_symbol_scope.obj
 0001:0002f1f0       sf_debug_fill_data_info_by_symbol_scope_entry 00000001800301f0 f   sfc_debug:sfdb_symbol_scope.obj
 0001:0002f2b0       sf_debug_fill_data_info_by_data_vector 00000001800302b0 f   sfc_debug:sfdb_symbol_scope.obj
 0001:0002f500       get_data_info_helper       0000000180030500 f   sfc_debug:sfdb_symbol_scope.obj
 0001:0002f7f0       sf_debug_ss_get_data_info  00000001800307f0 f   sfc_debug:sfdb_symbol_scope.obj
 0001:0002fa10       sf_debug_select_mex_function 0000000180030a10 f   sfc_debug:sfdb_symbol_scope.obj
 0001:0002fa40       sf_debug_is_dyn_matrix_initialized 0000000180030a40 f   sfc_debug:sfdb_symbol_scope.obj
 0001:0002fa60       sf_debug_ss_set_data_value_try 0000000180030a60 f   sfc_debug:sfdb_symbol_scope.obj
 0001:0002fc50       sf_debug_ss_get_data_value 0000000180030c50 f   sfc_debug:sfdb_symbol_scope.obj
 0001:000303b0       sf_debug_ss_data_bytes_string 00000001800313b0 f   sfc_debug:sfdb_symbol_scope.obj
 0001:00030440       sf_debug_ss_data_class_string 0000000180031440 f   sfc_debug:sfdb_symbol_scope.obj
 0001:000307c0       sf_debug_ss_data_size_string 00000001800317c0 f   sfc_debug:sfdb_symbol_scope.obj
 0001:000308a0       sf_debug_ss_data_create_data_info_struct 00000001800318a0 f   sfc_debug:sfdb_symbol_scope.obj
 0001:00030b50       sf_debug_ss_data_create_name_value_pair 0000000180031b50 f   sfc_debug:sfdb_symbol_scope.obj
 0001:00030bf0       sf_debug_ss_data_get_whos_info 0000000180031bf0 f   sfc_debug:sfdb_symbol_scope.obj
 0001:00030c00       same_named_data_in_data_array 0000000180031c00 f   sfc_debug:sfdb_symbol_scope.obj
 0001:00032390       sf_debug_cc_terminate_chart 0000000180033390 f   sfc_debug:sfdb_coverage.obj
 0001:000326a0       sf_debug_cc_terminate_instance 00000001800336a0 f   sfc_debug:sfdb_coverage.obj
 0001:00033270       sf_debug_cc_mark_object_if_needed 0000000180034270 f   sfc_debug:sfdb_coverage.obj
 0001:00033af0       sf_debug_bm_initialize_eml 0000000180034af0 f   sfc_debug:sfdb_breakpoints.obj
 0001:00034bb0       sf_debug_bm_map_debug_tag_to_breakpoint_tag 0000000180035bb0 f   sfc_debug:sfdb_breakpoints.obj
 0001:00034c90       sf_debug_bm_is_a_eml_breakpoint_impl 0000000180035c90 f   sfc_debug:sfdb_breakpoints.obj
 0001:000365c0       sf_debug_sc_push_on_error_stack 00000001800375c0 f   sfc_debug:sfdb_state_consistency.obj
 0001:000366e0       sf_debug_sc_reset_error_stack 00000001800376e0 f   sfc_debug:sfdb_state_consistency.obj
 0001:00036870       sf_debug_sc_is_state_inconsistent 0000000180037870 f   sfc_debug:sfdb_state_consistency.obj
 0001:00036b60       sf_debug_sc_fill_consistency_info 0000000180037b60 f   sfc_debug:sfdb_state_consistency.obj
 0001:00037100       void_assertion_fcn         0000000180038100 f   sfc_debug:sfdb_call_stack.obj
 0001:00037650       sf_debug_tm_fill_local_trace 0000000180038650 f   sfc_debug:sfdb_call_stack.obj
 0001:00037bf0       sf_debug_cd_terminate_instance 0000000180038bf0 f   sfc_debug:sfdb_cycle_detection.obj
 0001:00037c50       sf_debug_cd_free_checksum_stack 0000000180038c50 f   sfc_debug:sfdb_cycle_detection.obj
 0001:00037ca0       sf_debug_cd_reset_pack_strings 0000000180038ca0 f   sfc_debug:sfdb_cycle_detection.obj
 0001:00038340       md5file_clear              0000000180039340 f   sfc_debug:ckmd5.obj
 0001:00038370       Encode                     0000000180039370 f   sfc_debug:ckmd5.obj
 0001:000383c0       Decode                     00000001800393c0 f   sfc_debug:ckmd5.obj
 0001:00038460       MD5Transform               0000000180039460 f   sfc_debug:ckmd5.obj
 0001:00038cc0       md5file_addn               0000000180039cc0 f   sfc_debug:ckmd5.obj
 0001:00038d90       md5file_hash               0000000180039d90 f   sfc_debug:ckmd5.obj
 0001:00039288       pre_c_init                 000000018003a288 f   MSVCRT:crtdll.obj
 0001:00039544       __DllMainCRTStartup        000000018003a544 f   MSVCRT:crtdll.obj
 0001:00039c40       __DllMainCRTStartup$filt$0 000000018003ac40 f   MSVCRT:crtdll.obj
 0001:00039c70       __DllMainCRTStartup$fin$1  000000018003ac70 f   MSVCRT:crtdll.obj
 0001:00039c8a       _onexit$fin$0              000000018003ac8a f   MSVCRT:atonexit.obj
 0001:00039cb0       _IsNonwritableInCurrentImage$filt$0 000000018003acb0 f   MSVCRT:pesect.obj
