 four_states_sym_sfun

 Timestamp is 54febbee (Tue Mar 10 15:09:58 2015)

 Preferred load address is 0000000180000000

 Start         Length     Name                   Class
 0001:00000000 00039134H .text                   CODE
 0001:00039140 00000092H .text$x                 CODE
 0002:00000000 00000488H .idata$5                DATA
 0002:00000488 00000008H .CRT$XCA                DATA
 0002:00000490 00000008H .CRT$XCZ                DATA
 0002:00000498 00000008H .CRT$XIA                DATA
 0002:000004a0 00000008H .CRT$XIAA               DATA
 0002:000004a8 00000008H .CRT$XIZ                DATA
 0002:000004b0 00004b0cH .rdata                  DATA
 0002:00004fc0 00000008H .rtc$IAA                DATA
 0002:00004fc8 00000008H .rtc$IZZ                DATA
 0002:00004fd0 00000008H .rtc$TAA                DATA
 0002:00004fd8 00000008H .rtc$TZZ                DATA
 0002:00004fe0 0000419cH .xdata                  DATA
 0002:0000917c 0000008cH .idata$2                DATA
 0002:00009208 00000014H .idata$3                DATA
 0002:00009220 00000488H .idata$4                DATA
 0002:000096a8 00000a9eH .idata$6                DATA
 0002:0000a150 0000005aH .edata                  DATA
 0003:00000000 00001618H .data                   DATA
 0003:00001620 00002438H .bss                    DATA
 0004:00000000 00003174H .pdata                  DATA

  Address         Publics by Value              Rva+Base               Lib:Object

 0000:00000000       ___safe_se_handler_count   0000000000000000     <absolute>
 0000:00000000       ___safe_se_handler_table   0000000000000000     <absolute>
 0000:00000000       __ImageBase                0000000180000000     <linker-defined>
 0001:00000000       sf_c1_four_states_sym_get_eml_resolved_functions_info 0000000180001000 f   c1_four_states_sym.obj
 0001:00000080       sf_c1_four_states_sym_get_check_sum 0000000180001080 f   c1_four_states_sym.obj
 0001:00000100       sf_c1_four_states_sym_get_autoinheritance_info 0000000180001100 f   c1_four_states_sym.obj
 0001:00000520       sf_c1_four_states_sym_third_party_uses_info 0000000180001520 f   c1_four_states_sym.obj
 0001:00000550       sf_internal_get_sim_state_c1_four_states_sym 0000000180001550 f   c1_four_states_sym.obj
 0001:000009e0       sf_internal_set_sim_state_c1_four_states_sym 00000001800019e0 f   c1_four_states_sym.obj
 0001:00001690       c1_four_states_sym_method_dispatcher 0000000180002690 f   c1_four_states_sym.obj
 0001:00006fc0       sf_process_check_sum_call  0000000180007fc0 f   four_states_sym_sfun_registry.obj
 0001:00007010       sf_process_autoinheritance_call 0000000180008010 f   four_states_sym_sfun_registry.obj
 0001:000071b0       sf_process_get_third_party_uses_info_call 00000001800081b0 f   four_states_sym_sfun_registry.obj
 0001:00007350       sf_process_get_eml_resolved_functions_info_call 0000000180008350 f   four_states_sym_sfun_registry.obj
 0001:000074d0       sf_mex_unlock_call         00000001800084d0 f   four_states_sym_sfun_registry.obj
 0001:00007580       sf_machine_global_initializer_called 0000000180008580 f   four_states_sym_sfun_registry.obj
 0001:000075b0       sf_machine_global_method_dispatcher 00000001800085b0 f   four_states_sym_sfun_registry.obj
 0001:00007610       sf_machine_global_terminator 0000000180008610 f   four_states_sym_sfun_registry.obj
 0001:00007660       sf_register_machine_exported_symbols 0000000180008660 f   four_states_sym_sfun_registry.obj
 0001:00007680       callCustomFcn              0000000180008680 f   four_states_sym_sfun_registry.obj
 0001:00007690       sf_machine_global_initializer 0000000180008690 f   four_states_sym_sfun_registry.obj
 0001:00007710       _ssSetStateAbsTol          0000000180008710 f   four_states_sym_sfun_registry.obj
 0001:000077f0       _ssGetAbsTol               00000001800087f0 f   four_states_sym_sfun_registry.obj
 0001:00007860       _ssSetInputPortMatrixDimensions 0000000180008860 f   four_states_sym_sfun_registry.obj
 0001:00007970       _ssSetOutputPortMatrixDimensions 0000000180008970 f   four_states_sym_sfun_registry.obj
 0001:00007a80       _ssSetInputPortVectorDimension 0000000180008a80 f   four_states_sym_sfun_registry.obj
 0001:00007b50       _ssSetOutputPortVectorDimension 0000000180008b50 f   four_states_sym_sfun_registry.obj
 0001:00007c20       ssIsRunTimeParamTunable    0000000180008c20 f   four_states_sym_sfun_registry.obj
 0001:00007c90       ssGetSFuncBlockHandle      0000000180008c90 f   four_states_sym_sfun_registry.obj
 0001:00007d00       _ssGetCurrentInputPortWidth 0000000180008d00 f   four_states_sym_sfun_registry.obj
 0001:00007e20       _ssGetCurrentOutputPortWidth 0000000180008e20 f   four_states_sym_sfun_registry.obj
 0001:00007f40       _ssGetCallSystemNumFcnCallDestinations 0000000180008f40 f   four_states_sym_sfun_registry.obj
 0001:00007fb0       ssWarning                  0000000180008fb0 f   four_states_sym_sfun_registry.obj
 0001:000080c0       ssGetIsZeroCrossControlDisabled 00000001800090c0 f   four_states_sym_sfun_registry.obj
 0001:00008130       ssSetIsInputPortUsedForContZcSignal 0000000180009130 f   four_states_sym_sfun_registry.obj
 0001:000081a0       ssSetZcSignalIsZcElementDisc 00000001800091a0 f   four_states_sym_sfun_registry.obj
 0001:00008250       ssSetZcSignalName          0000000180009250 f   four_states_sym_sfun_registry.obj
 0001:000082c0       ssSetZcSignalWidth         00000001800092c0 f   four_states_sym_sfun_registry.obj
 0001:00008330       ssSetZcSignalZcEventType   0000000180009330 f   four_states_sym_sfun_registry.obj
 0001:000083a0       ssSetZcSignalType          00000001800093a0 f   four_states_sym_sfun_registry.obj
 0001:00008410       ssSetZcSignalZcTol         0000000180009410 f   four_states_sym_sfun_registry.obj
 0001:00008480       ssSetZcSignalNeedsEventNotification 0000000180009480 f   four_states_sym_sfun_registry.obj
 0001:000084f0       ssCreateAndAddZcSignalInfo 00000001800094f0 f   four_states_sym_sfun_registry.obj
 0001:00008560       ssCloneAndAddZcSignalInfo  0000000180009560 f   four_states_sym_sfun_registry.obj
 0001:000085d0       ssGetNumZcSignals          00000001800095d0 f   four_states_sym_sfun_registry.obj
 0001:00008640       ssGetZcSignalVector        0000000180009640 f   four_states_sym_sfun_registry.obj
 0001:000086b0       ssGetZcSignalZcEvents      00000001800096b0 f   four_states_sym_sfun_registry.obj
 0001:00008720       ssGetZcSignalName          0000000180009720 f   four_states_sym_sfun_registry.obj
 0001:00008790       ssGetZcSignalWidth         0000000180009790 f   four_states_sym_sfun_registry.obj
 0001:00008800       ssGetZcSignalZcEventType   0000000180009800 f   four_states_sym_sfun_registry.obj
 0001:00008870       ssGetZcSignalType          0000000180009870 f   four_states_sym_sfun_registry.obj
 0001:000088e0       ssGetZcSignalZcTol         00000001800098e0 f   four_states_sym_sfun_registry.obj
 0001:00008960       ssGetZcSignalNeedsEventNotification 0000000180009960 f   four_states_sym_sfun_registry.obj
 0001:000089d0       ssGetZcSignalIsZcElementDisc 00000001800099d0 f   four_states_sym_sfun_registry.obj
 0001:00008a70       ssGetIsInputPortElementContinuous 0000000180009a70 f   four_states_sym_sfun_registry.obj
 0001:00008b10       _ssGetInputPortSignalPtrsFcn 0000000180009b10 f   four_states_sym_sfun_registry.obj
 0001:00008dd0       _ssGetInputPortSignalFcn   0000000180009dd0 f   four_states_sym_sfun_registry.obj
 0001:00008ff0       _ssSetInputPortDirectFeedThroughFcn 0000000180009ff0 f   four_states_sym_sfun_registry.obj
 0001:00009150       _ssSetInputPortReusableFcn 000000018000a150 f   four_states_sym_sfun_registry.obj
 0001:00009240       _ssSetOutputPortReusableFcn 000000018000a240 f   four_states_sym_sfun_registry.obj
 0001:00009320       ssGetDTypeIdFromMxArray    000000018000a320 f   four_states_sym_sfun_registry.obj
 0001:00009440       ssWriteRTWStr              000000018000a440 f   four_states_sym_sfun_registry.obj
 0001:000094a0       ssWriteRTWMxVectParam      000000018000a4a0 f   four_states_sym_sfun_registry.obj
 0001:00009500       ssWriteRTWMx2dMatParam     000000018000a500 f   four_states_sym_sfun_registry.obj
 0001:00009580       ssWriteRTWNameValuePair    000000018000a580 f   four_states_sym_sfun_registry.obj
 0001:00009a70       ssWriteRTWParameters       000000018000aa70 f   four_states_sym_sfun_registry.obj
 0001:0000a070       ssWriteRTWParamSettings    000000018000b070 f   four_states_sym_sfun_registry.obj
 0001:0000a740       ssWriteRTWWorkVect         000000018000b740 f   four_states_sym_sfun_registry.obj
 0001:0000ac40       mexFunction                000000018000bc40 f   four_states_sym_sfun_registry.obj
 0001:0000c970       ProcessMexSfunctionEveryCall 000000018000d970 f   four_states_sym_sfun_registry.obj
 0001:0000cae0       four_states_sym_initializer 000000018000dae0 f   four_states_sym_sfun.obj
 0001:0000caf0       four_states_sym_terminator 000000018000daf0 f   four_states_sym_sfun.obj
 0001:0000cb00       sf_four_states_sym_method_dispatcher 000000018000db00 f   four_states_sym_sfun.obj
 0001:0000cb50       sf_four_states_sym_process_check_sum_call 000000018000db50 f   four_states_sym_sfun.obj
 0001:0000cf60       sf_four_states_sym_autoinheritance_info 000000018000df60 f   four_states_sym_sfun.obj
 0001:0000d0d0       sf_four_states_sym_get_eml_resolved_functions_info 000000018000e0d0 f   four_states_sym_sfun.obj
 0001:0000d200       sf_four_states_sym_third_party_uses_info 000000018000e200 f   four_states_sym_sfun.obj
 0001:0000d350       four_states_sym_debug_initialize 000000018000e350 f   four_states_sym_sfun.obj
 0001:0000d3d0       four_states_sym_register_exported_symbols 000000018000e3d0 f   four_states_sym_sfun.obj
 0001:0000d3e0       load_four_states_sym_optimization_info 000000018000e3e0 f   four_states_sym_sfun.obj
 0001:0000d430       unload_four_states_sym_optimization_info 000000018000e430 f   four_states_sym_sfun.obj
 0001:0000d550       sf_mex_mx_is_numeric       000000018000e550 f   sfc_mex:sfc_mex.obj
 0001:0000d590       strcmp_ignore_ws           000000018000e590 f   sfc_mex:sfc_mex.obj
 0001:0000d6d0       sf_mex_duplicatearraysafe  000000018000e6d0 f   sfc_mex:sfc_mex.obj
 0001:0000d830       sf_set_error_debugger_context_message_fcn 000000018000e830 f   sfc_mex:sfc_mex.obj
 0001:0000d840       sf_set_debugger_matlab_error_fcn 000000018000e840 f   sfc_mex:sfc_mex.obj
 0001:0000d880       sf_set_error_prefix_string 000000018000e880 f   sfc_mex:sfc_mex.obj
 0001:0000d8b0       sf_get_error_prefix_string 000000018000e8b0 f   sfc_mex:sfc_mex.obj
 0001:0000d8c0       sf_mex_enter_parallel_region 000000018000e8c0 f   sfc_mex:sfc_mex.obj
 0001:0000d8d0       sf_mex_exit_parallel_region 000000018000e8d0 f   sfc_mex:sfc_mex.obj
 0001:0000d8e0       sf_get_current_jmp_buf_ptr 000000018000e8e0 f   sfc_mex:sfc_mex.obj
 0001:0000d8f0       sf_set_current_jmp_buf_ptr 000000018000e8f0 f   sfc_mex:sfc_mex.obj
 0001:0000d900       sf_mex_set_halt_simulation 000000018000e900 f   sfc_mex:sfc_mex.obj
 0001:0000d910       sf_mex_get_halt_simulation 000000018000e910 f   sfc_mex:sfc_mex.obj
 0001:0000d920       sf_mex_clear_error_message 000000018000e920 f   sfc_mex:sfc_mex.obj
 0001:0000d940       sf_mex_get_error_message_for_read 000000018000e940 f   sfc_mex:sfc_mex.obj
 0001:0000d950       sf_mex_get_error_message_buffer_length 000000018000e950 f   sfc_mex:sfc_mex.obj
 0001:0000da30       sf_mex_warning_message     000000018000ea30 f   sfc_mex:sfc_mex.obj
 0001:0000daa0       sf_mex_v_errbuf_createf    000000018000eaa0 f   sfc_mex:sfc_mex.obj
 0001:0000dab0       sf_mex_errbuf_createf      000000018000eab0 f   sfc_mex:sfc_mex.obj
 0001:0000dae0       sf_mex_v_errbuf_catf       000000018000eae0 f   sfc_mex:sfc_mex.obj
 0001:0000db20       sf_mex_errbuf_catf         000000018000eb20 f   sfc_mex:sfc_mex.obj
 0001:0000db70       sf_mex_errbuf_copy         000000018000eb70 f   sfc_mex:sfc_mex.obj
 0001:0000db80       sf_mex_errbuf_clear        000000018000eb80 f   sfc_mex:sfc_mex.obj
 0001:0000db90       sf_mex_errbuf_isempty      000000018000eb90 f   sfc_mex:sfc_mex.obj
 0001:0000dc90       sf_mex_set_error_status    000000018000ec90 f   sfc_mex:sfc_mex.obj
 0001:0000dce0       sf_mex_error_direct_call   000000018000ece0 f   sfc_mex:sfc_mex.obj
 0001:0000dd00       sf_mex_error_message_no_long_jump 000000018000ed00 f   sfc_mex:sfc_mex.obj
 0001:0000dd20       sf_mex_long_jump_on_error  000000018000ed20 f   sfc_mex:sfc_mex.obj
 0001:0000dd50       sf_mex_call_matlab         000000018000ed50 f   sfc_mex:sfc_mex.obj
 0001:0000de70       sf_mex_check_builtin       000000018000ee70 f   sfc_mex:sfc_mex.obj
 0001:0000df10       sf_mex_check_builtin_vs    000000018000ef10 f   sfc_mex:sfc_mex.obj
 0001:0000dfd0       sf_mex_check_enum          000000018000efd0 f   sfc_mex:sfc_mex.obj
 0001:0000e050       sf_mex_create_enum         000000018000f050 f   sfc_mex:sfc_mex.obj
 0001:0000e0c0       sf_mex_get_enum_element    000000018000f0c0 f   sfc_mex:sfc_mex.obj
 0001:0000e0d0       sf_mex_createcellarray     000000018000f0d0 f   sfc_mex:sfc_mex.obj
 0001:0000e0e0       sf_mex_setcell             000000018000f0e0 f   sfc_mex:sfc_mex.obj
 0001:0000e0f0       sf_mex_getcell             000000018000f0f0 f   sfc_mex:sfc_mex.obj
 0001:0000e100       sf_mex_dup                 000000018000f100 f   sfc_mex:sfc_mex.obj
 0001:0000e120       sf_mex_assign              000000018000f120 f   sfc_mex:sfc_mex.obj
 0001:0000e1a0       sf_mex_destroy             000000018000f1a0 f   sfc_mex:sfc_mex.obj
 0001:0000e1d0       mx_array_has_fi_type       000000018000f1d0 f   sfc_mex:sfc_mex.obj
 0001:0000e200       sf_mex_convert_from_fi     000000018000f200 f   sfc_mex:sfc_mex.obj
 0001:0000e330       sf_mex_convert_to_double   000000018000f330 f   sfc_mex:sfc_mex.obj
 0001:0000e450       sf_mex_import_fi_vs        000000018000f450 f   sfc_mex:sfc_mex.obj
 0001:0000e680       sf_matrix_matrix_index_ok  000000018000f680 f   sfc_mex:sfc_mex.obj
 0001:0000e710       sf_vector_vector_index_ok  000000018000f710 f   sfc_mex:sfc_mex.obj
 0001:0000e740       ssGetCurrentInputPortDimensions_wrapper 000000018000f740 f   sfc_mex:sfc_mex.obj
 0001:0000e760       ssGetCurrentOutputPortDimensions_wrapper 000000018000f760 f   sfc_mex:sfc_mex.obj
 0001:0000e780       sf_mex_emlrt_context_is_debug_mode 000000018000f780 f   sfc_mex:sfc_mex.obj
 0001:0000e790       sf_mex_emlrt_context_set_debug_mode 000000018000f790 f   sfc_mex:sfc_mex.obj
 0001:0000e7a0       sf_mex_emlrtNameCapturePostProcessR2012a 000000018000f7a0 f   sfc_mex:sfc_mex.obj
 0001:0000e810       sf_clear_error_manager_info 000000018000f810 f   sfc_mex:sfc_mex.obj
 0001:0000e870       sf_mex_stop_simulation_abruptly_wo_error 000000018000f870 f   sfc_mex:sfc_mex.obj
 0001:0000e8b0       sf_mex_error_message       000000018000f8b0 f   sfc_mex:sfc_mex.obj
 0001:0000e920       sf_react_to_error_in_matlab_call 000000018000f920 f   sfc_mex:sfc_mex.obj
 0001:0000e950       sf_mex_addfield            000000018000f950 f   sfc_mex:sfc_mex.obj
 0001:0000e9f0       sf_mex_getfield            000000018000f9f0 f   sfc_mex:sfc_mex.obj
 0001:0000ecf0       sf_mex_check_class         000000018000fcf0 f   sfc_mex:sfc_mex.obj
 0001:0000ed90       sf_mex_is_real             000000018000fd90 f   sfc_mex:sfc_mex.obj
 0001:0000f200       sf_mex_decode_encoded_mx_struct_array 0000000180010200 f   sfc_mex:sfc_mex.obj
 0001:0000f4f0       sf_mex_lw_bounds_check     00000001800104f0 f   sfc_mex:sfc_mex.obj
 0001:0000f520       sf_mex_lw_size_eq_check_1d 0000000180010520 f   sfc_mex:sfc_mex.obj
 0001:0000f540       sf_mex_lw_size_eq_check_nd 0000000180010540 f   sfc_mex:sfc_mex.obj
 0001:0000f720       sf_mex_lw_dim_size_eq_check 0000000180010720 f   sfc_mex:sfc_mex.obj
 0001:0000f750       sf_mex_lw_dim_size_geq_check 0000000180010750 f   sfc_mex:sfc_mex.obj
 0001:0000f780       sf_mex_lw_sub_assign_size_check_nd 0000000180010780 f   sfc_mex:sfc_mex.obj
 0001:0000f950       sf_mex_lw_runtime_error_msgid 0000000180010950 f   sfc_mex:sfc_mex.obj
 0001:0000fa40       sf_mex_lw_matrix_matrix_index_check 0000000180010a40 f   sfc_mex:sfc_mex.obj
 0001:0000fa60       sf_mex_lw_vector_vector_index_check 0000000180010a60 f   sfc_mex:sfc_mex.obj
 0001:0000faa0       sf_mex_lw_for_loop_vector_check 0000000180010aa0 f   sfc_mex:sfc_mex.obj
 0001:0000fb30       sf_mex_lw_non_negative_check 0000000180010b30 f   sfc_mex:sfc_mex.obj
 0001:0000fb70       sf_mex_overflow_error      0000000180010b70 f   sfc_mex:sfc_mex.obj
 0001:0000fb80       sf_mex_dividebyzero_error  0000000180010b80 f   sfc_mex:sfc_mex.obj
 0001:0000fb90       sf_mex_unsafe_enum_error   0000000180010b90 f   sfc_mex:sfc_mex.obj
 0001:0000fba0       sf_emlrtErrHandler         0000000180010ba0 f   sfc_mex:sfc_mex.obj
 0001:0000fc80       sf_mex_size_one_check      0000000180010c80 f   sfc_mex:sfc_mex.obj
 0001:0000fca0       sf_mex_printf              0000000180010ca0 f   sfc_mex:sfc_mex.obj
 0001:0000fe70       sf_mex_check_size          0000000180010e70 f   sfc_mex:sfc_mex.obj
 0001:00010110       sf_mex_check_struct        0000000180011110 f   sfc_mex:sfc_mex.obj
 0001:00010370       sf_mex_check_struct_vs     0000000180011370 f   sfc_mex:sfc_mex.obj
 0001:00010400       sf_mex_check_fi            0000000180011400 f   sfc_mex:sfc_mex.obj
 0001:00010500       sf_mex_check_fi_vs         0000000180011500 f   sfc_mex:sfc_mex.obj
 0001:000105a0       sf_echo_expression         00000001800115a0 f   sfc_mex:sfc_mex.obj
 0001:00010600       sf_assertion_failed        0000000180011600 f   sfc_mex:sfc_mex.obj
 0001:000108e0       sf_mex_evalin              00000001800118e0 f   sfc_mex:sfc_mex.obj
 0001:00010b50       sf_mex_export              0000000180011b50 f   sfc_mex:sfc_mex.obj
 0001:00010c10       sf_mex_get_ml_var_no_error 0000000180011c10 f   sfc_mex:sfc_mex.obj
 0001:00010db0       sf_mex_get_ml_var          0000000180011db0 f   sfc_mex:sfc_mex.obj
 0001:00011240       ml_set_element_value_in_array 0000000180012240 f   sfc_mex:sfc_mex.obj
 0001:00012300       sf_mex_call_impl           0000000180013300 f   sfc_mex:sfc_mex.obj
 0001:00012720       sf_mex_call_debug          0000000180013720 f   sfc_mex:sfc_mex.obj
 0001:00012750       sf_mex_call                0000000180013750 f   sfc_mex:sfc_mex.obj
 0001:00012da0       sf_mex_createstruct        0000000180013da0 f   sfc_mex:sfc_mex.obj
 0001:00012eb0       sf_mex_createstructarray   0000000180013eb0 f   sfc_mex:sfc_mex.obj
 0001:00012f30       sf_mex_get_mx_datatype_from_sf_datatype 0000000180013f30 f   sfc_mex:sfc_mex.obj
 0001:00013240       sf_mex_ml_var_sub          0000000180014240 f   sfc_mex:sfc_mex.obj
 0001:00013420       sf_mex_ml_var_subsasgn     0000000180014420 f   sfc_mex:sfc_mex.obj
 0001:00013820       sf_mex_sub                 0000000180014820 f   sfc_mex:sfc_mex.obj
 0001:00013a30       sf_mex_subsasgn            0000000180014a30 f   sfc_mex:sfc_mex.obj
 0001:00013f40       sf_mex_create              0000000180014f40 f   sfc_mex:sfc_mex.obj
 0001:000148e0       sf_mex_import_named        00000001800158e0 f   sfc_mex:sfc_mex.obj
 0001:00014940       sf_mex_import              0000000180015940 f   sfc_mex:sfc_mex.obj
 0001:00014990       sf_mex_import_vs           0000000180015990 f   sfc_mex:sfc_mex.obj
 0001:00014aa0       sf_mex_lower_fixpt_mx_array 0000000180015aa0 f   sfc_mex:sfc_mex.obj
 0001:00014da0       sf_send_message_wrapper    0000000180015da0 f   sfc_mex:sfc_sf.obj
 0001:00014dd0       sf_receive_message_wrapper 0000000180015dd0 f   sfc_mex:sfc_sf.obj
 0001:00014e10       sf_check_out_message_wrapper 0000000180015e10 f   sfc_mex:sfc_sf.obj
 0001:00014e50       sf_check_in_message_wrapper 0000000180015e50 f   sfc_mex:sfc_sf.obj
 0001:00014e90       sf_no_message_wrapper      0000000180015e90 f   sfc_mex:sfc_sf.obj
 0001:00015220       sim_mode_is_rtw_gen        0000000180016220 f   sfc_mex:sfc_sf.obj
 0001:00015250       sim_mode_is_external       0000000180016250 f   sfc_mex:sfc_sf.obj
 0001:00015260       sim_mode_is_modelref_sim   0000000180016260 f   sfc_mex:sfc_sf.obj
 0001:00015280       mdlInitializeSizes         0000000180016280 f   sfc_mex:sfc_sf.obj
 0001:000152a0       mdlInitializeSampleTimes   00000001800162a0 f   sfc_mex:sfc_sf.obj
 0001:000152e0       mdlZeroCrossings           00000001800162e0 f   sfc_mex:sfc_sf.obj
 0001:000153d0       mdlDerivatives             00000001800163d0 f   sfc_mex:sfc_sf.obj
 0001:00015490       mdl_initialize_conditions_processing 0000000180016490 f   sfc_mex:sfc_sf.obj
 0001:000154c0       mdlInitializeConditions    00000001800164c0 f   sfc_mex:sfc_sf.obj
 0001:00015580       mdlGetSimState             0000000180016580 f   sfc_mex:sfc_sf.obj
 0001:00015590       mdlSetSimState             0000000180016590 f   sfc_mex:sfc_sf.obj
 0001:000155a0       mdl_ext_mode_exec_processing 00000001800165a0 f   sfc_mex:sfc_sf.obj
 0001:000155c0       mdlExtModeExec             00000001800165c0 f   sfc_mex:sfc_sf.obj
 0001:00015760       mdlTerminate               0000000180016760 f   sfc_mex:sfc_sf.obj
 0001:000157d0       mdlRTW                     00000001800167d0 f   sfc_mex:sfc_sf.obj
 0001:00015800       mdlSetWorkWidths           0000000180016800 f   sfc_mex:sfc_sf.obj
 0001:00015810       mdlProcessParameters       0000000180016810 f   sfc_mex:sfc_sf.obj
 0001:00015820       mdl_start_processing       0000000180016820 f   sfc_mex:sfc_sf.obj
 0001:00015880       mdlStart                   0000000180016880 f   sfc_mex:sfc_sf.obj
 0001:00015990       mdlEnable                  0000000180016990 f   sfc_mex:sfc_sf.obj
 0001:00015a70       mdlDisable                 0000000180016a70 f   sfc_mex:sfc_sf.obj
 0001:00015b30       sf_get_chart_instance_ptr  0000000180016b30 f   sfc_mex:sfc_sf.obj
 0001:00015b50       sf_load_rtw_optimization_info 0000000180016b50 f   sfc_mex:sfc_sf.obj
 0001:00015c20       sf_update_buildInfo        0000000180016c20 f   sfc_mex:sfc_sf.obj
 0001:00015d20       sf_rtw_info_uint_prop      0000000180016d20 f   sfc_mex:sfc_sf.obj
 0001:00015e60       sf_is_chart_inlinable      0000000180016e60 f   sfc_mex:sfc_sf.obj
 0001:00015e80       sf_mark_output_events_with_multiple_callers 0000000180016e80 f   sfc_mex:sfc_sf.obj
 0001:00016010       sf_mark_chart_reusable_outputs 0000000180017010 f   sfc_mex:sfc_sf.obj
 0001:00016270       sf_mark_chart_expressionable_inputs 0000000180017270 f   sfc_mex:sfc_sf.obj
 0001:000164d0       sf_get_subchart_simstruct  00000001800174d0 f   sfc_mex:sfc_sf.obj
 0001:00016520       sf_get_fixpt_data_type_id  0000000180017520 f   sfc_mex:sfc_sf.obj
 0001:00016560       sf_get_enum_data_type_id   0000000180017560 f   sfc_mex:sfc_sf.obj
 0001:000165a0       sf_get_param_data_type_id  00000001800175a0 f   sfc_mex:sfc_sf.obj
 0001:000165d0       sf_mex_listen_for_ctrl_c_force 00000001800175d0 f   sfc_mex:sfc_sf.obj
 0001:000166e0       sf_mex_draw_now            00000001800176e0 f   sfc_mex:sfc_sf.obj
 0001:00016720       sf_mex_set_debugger_sim_status_listener_fcn 0000000180017720 f   sfc_mex:sfc_sf.obj
 0001:00016730       sf_mex_listen_for_ctrl_c   0000000180017730 f   sfc_mex:sfc_sf.obj
 0001:000167d0       sf_mex_get_sfun_param      00000001800177d0 f   sfc_mex:sfc_sf.obj
 0001:00016820       sf_get_runtime_param_data  0000000180017820 f   sfc_mex:sfc_sf.obj
 0001:00016860       sf_call_output_fcn_call    0000000180017860 f   sfc_mex:sfc_sf.obj
 0001:000169a0       sf_call_output_fcn_enable  00000001800179a0 f   sfc_mex:sfc_sf.obj
 0001:00016a30       sf_call_output_fcn_disable 0000000180017a30 f   sfc_mex:sfc_sf.obj
 0001:00016ac0       sf_clear_rtw_identifier    0000000180017ac0 f   sfc_mex:sfc_sf.obj
 0001:000172e0       sf_set_encoded_dwork_info  00000001800182e0 f   sfc_mex:sfc_sf.obj
 0001:00017330       sf_get_dwork_info_from_mat_file 0000000180018330 f   sfc_mex:sfc_sf.obj
 0001:000174f0       sf_set_rtw_dwork_info      00000001800184f0 f   sfc_mex:sfc_sf.obj
 0001:00017660       mdlOutputs                 0000000180018660 f   sfc_mex:sfc_sf.obj
 0001:00017780       sf_debug_chart_instance_initialized_quick 0000000180018780 f   sfc_debug:sfcdebug.obj
 0001:00017800       sf_debug_disp              0000000180018800 f   sfc_debug:sfcdebug.obj
 0001:00017ad0       sf_debug_data_runtime_size_mismatch_error_check 0000000180018ad0 f   sfc_debug:sfcdebug.obj
 0001:00017b80       sf_debug_try_loading_machine 0000000180018b80 f   sfc_debug:sfcdebug.obj
 0001:00017c80       sf_debug_reset_current_state_configuration 0000000180018c80 f   sfc_debug:sfcdebug.obj
 0001:00017d00       sf_debug_store_current_state_configuration 0000000180018d00 f   sfc_debug:sfcdebug.obj
 0001:00017d80       sf_debug_restore_previous_state_configuration 0000000180018d80 f   sfc_debug:sfcdebug.obj
 0001:00017e00       sf_debug_restore_previous_state_configuration2 0000000180018e00 f   sfc_debug:sfcdebug.obj
 0001:00017e80       sf_debug_get_event_scope   0000000180018e80 f   sfc_debug:sfcdebug.obj
 0001:00017ff0       use_debugger_step_animation 0000000180018ff0 f   sfc_debug:sfcdebug.obj
 0001:00018010       sf_debug_get_script_id     0000000180019010 f   sfc_debug:sfcdebug.obj
 0001:000180a0       sf_debug_set_script_translation 00000001800190a0 f   sfc_debug:sfcdebug.obj
 0001:00018220       sf_debug_extract_message_post_receive_info 0000000180019220 f   sfc_debug:sfcdebug.obj
 0001:000183e0       sf_debug_get_current_machine_id 00000001800193e0 f   sfc_debug:sfcdebug.obj
 0001:00018400       sf_debug_get_current_optional_integer 0000000180019400 f   sfc_debug:sfcdebug.obj
 0001:00018410       sf_debug_get_current_machine_number 0000000180019410 f   sfc_debug:sfcdebug.obj
 0001:00018430       sf_debug_get_current_machine_name 0000000180019430 f   sfc_debug:sfcdebug.obj
 0001:00018450       sf_debug_get_current_chart_id 0000000180019450 f   sfc_debug:sfcdebug.obj
 0001:00018490       sf_debug_get_current_chart_number 0000000180019490 f   sfc_debug:sfcdebug.obj
 0001:000184a0       sf_debug_get_current_instance_number 00000001800194a0 f   sfc_debug:sfcdebug.obj
 0001:000184b0       sf_debug_get_current_is_minor_time_step 00000001800194b0 f   sfc_debug:sfcdebug.obj
 0001:00018530       sf_debug_get_current_object_type 0000000180019530 f   sfc_debug:sfcdebug.obj
 0001:00018540       sf_debug_get_current_instance_handle 0000000180019540 f   sfc_debug:sfcdebug.obj
 0001:000185a0       sf_debug_get_current_event_type 00000001800195a0 f   sfc_debug:sfcdebug.obj
 0001:000185b0       sf_debug_get_current_object_id 00000001800195b0 f   sfc_debug:sfcdebug.obj
 0001:000185f0       sf_debug_get_current_active_event_type 00000001800195f0 f   sfc_debug:sfcdebug.obj
 0001:00018600       sf_debug_get_current_active_event_id 0000000180019600 f   sfc_debug:sfcdebug.obj
 0001:00018640       sf_debug_get_current_tag_type 0000000180019640 f   sfc_debug:sfcdebug.obj
 0001:00018650       sf_debug_get_current_simulation_time 0000000180019650 f   sfc_debug:sfcdebug.obj
 0001:00018660       sf_debug_get_current_coverage_percentage 0000000180019660 f   sfc_debug:sfcdebug.obj
 0001:00018670       sf_debug_current_statement_context 0000000180019670 f   sfc_debug:sfcdebug.obj
 0001:000186f0       sf_debug_get_current_statement_info 00000001800196f0 f   sfc_debug:sfcdebug.obj
 0001:00018890       sf_debug_terminate_instance 0000000180019890 f   sfc_debug:sfcdebug.obj
 0001:00018bb0       sf_debug_assertion_failed  0000000180019bb0 f   sfc_debug:sfcdebug.obj
 0001:00018d80       sf_debug_create_debug_instance_struct 0000000180019d80 f   sfc_debug:sfcdebug.obj
 0001:00018dd0       sf_debug_set_number_of_data_with_change_event_for_machine 0000000180019dd0 f   sfc_debug:sfcdebug.obj
 0001:00018e20       sf_debug_set_machine_event_thresholds 0000000180019e20 f   sfc_debug:sfcdebug.obj
 0001:00018e40       sf_debug_set_machine_event_scope 0000000180019e40 f   sfc_debug:sfcdebug.obj
 0001:00018e90       sf_debug_set_machine_data_thresholds 0000000180019e90 f   sfc_debug:sfcdebug.obj
 0001:00018ee0       sf_debug_set_machine_data_scope 0000000180019ee0 f   sfc_debug:sfcdebug.obj
 0001:00018f80       sf_debug_set_machine_data_name 0000000180019f80 f   sfc_debug:sfcdebug.obj
 0001:00019030       sf_debug_set_machine_data_size 000000018001a030 f   sfc_debug:sfcdebug.obj
 0001:00019180       sf_debug_set_machine_data_type 000000018001a180 f   sfc_debug:sfcdebug.obj
 0001:000192f0       sf_debug_get_chart_data_number 000000018001a2f0 f   sfc_debug:sfcdebug.obj
 0001:00019310       sf_debug_get_chart_event_number 000000018001a310 f   sfc_debug:sfcdebug.obj
 0001:00019330       sf_debug_set_chart_state_info 000000018001a330 f   sfc_debug:sfcdebug.obj
 0001:000193c0       sf_debug_set_chart_decomposition 000000018001a3c0 f   sfc_debug:sfcdebug.obj
 0001:00019430       sf_debug_set_chart_substate_count 000000018001a430 f   sfc_debug:sfcdebug.obj
 0001:00019510       sf_debug_set_chart_substate_index 000000018001a510 f   sfc_debug:sfcdebug.obj
 0001:00019590       sf_debug_set_chart_state_substate_count 000000018001a590 f   sfc_debug:sfcdebug.obj
 0001:000196b0       sf_debug_set_chart_state_substate_index 000000018001a6b0 f   sfc_debug:sfcdebug.obj
 0001:00019740       sf_debug_set_number_of_data_with_change_event_for_chart 000000018001a740 f   sfc_debug:sfcdebug.obj
 0001:000197d0       sf_debug_set_number_of_states_with_entry_event_for_chart 000000018001a7d0 f   sfc_debug:sfcdebug.obj
 0001:00019850       sf_debug_set_number_of_states_with_exit_event_for_chart 000000018001a850 f   sfc_debug:sfcdebug.obj
 0001:000198d0       sf_debug_set_chart_disable_implicit_casting 000000018001a8d0 f   sfc_debug:sfcdebug.obj
 0001:00019940       sf_debug_set_chart_event_thresholds 000000018001a940 f   sfc_debug:sfcdebug.obj
 0001:000199c0       sf_debug_set_chart_data_compiled_props 000000018001a9c0 f   sfc_debug:sfcdebug.obj
 0001:00019d00       sf_debug_set_chart_data_props 000000018001ad00 f   sfc_debug:sfcdebug.obj
 0001:0001a020       sf_debug_check_fi_license  000000018001b020 f   sfc_debug:sfcdebug.obj
 0001:0001a1e0       sf_debug_symbol_scope_push 000000018001b1e0 f   sfc_debug:sfcdebug.obj
 0001:0001a220       sf_debug_symbol_scope_push_eml 000000018001b220 f   sfc_debug:sfcdebug.obj
 0001:0001a270       sf_debug_symbol_scope_pop  000000018001b270 f   sfc_debug:sfcdebug.obj
 0001:0001a2b0       sf_debug_symbol_scope_add_importable 000000018001b2b0 f   sfc_debug:sfcdebug.obj
 0001:0001a330       sf_debug_symbol_scope_add  000000018001b330 f   sfc_debug:sfcdebug.obj
 0001:0001a3b0       sf_debug_symbol_scope_add_dyn_importable 000000018001b3b0 f   sfc_debug:sfcdebug.obj
 0001:0001a470       sf_debug_symbol_scope_add_dyn 000000018001b470 f   sfc_debug:sfcdebug.obj
 0001:0001a4b0       sf_debug_symbol_scope_add_eml_importable 000000018001b4b0 f   sfc_debug:sfcdebug.obj
 0001:0001a4f0       sf_debug_symbol_scope_add_eml 000000018001b4f0 f   sfc_debug:sfcdebug.obj
 0001:0001a530       sf_debug_symbol_scope_add_eml_dyn_importable 000000018001b530 f   sfc_debug:sfcdebug.obj
 0001:0001a590       sf_debug_symbol_scope_add_eml_dyn 000000018001b590 f   sfc_debug:sfcdebug.obj
 0001:0001a5f0       sf_debug_symbol_switch     000000018001b5f0 f   sfc_debug:sfcdebug.obj
 0001:0001a610       sf_debug_symbol_scope_add_verbose 000000018001b610 f   sfc_debug:sfcdebug.obj
 0001:0001a6e0       sf_debug_set_machine_data_value_ptr 000000018001b6e0 f   sfc_debug:sfcdebug.obj
 0001:0001a720       sf_debug_set_instance_data_value_ptr 000000018001b720 f   sfc_debug:sfcdebug.obj
 0001:0001a7f0       sf_debug_unset_instance_data_value_ptr 000000018001b7f0 f   sfc_debug:sfcdebug.obj
 0001:0001a8a0       sf_debug_set_chart_event_scope 000000018001b8a0 f   sfc_debug:sfcdebug.obj
 0001:0001a920       sf_debug_set_chart_transition_coverage_maps 000000018001b920 f   sfc_debug:sfcdebug.obj
 0001:0001aa20       sf_debug_set_chart_state_coverage_maps 000000018001ba20 f   sfc_debug:sfcdebug.obj
 0001:0001aaf0       sf_debug_set_instance_transition_coverage_weights 000000018001baf0 f   sfc_debug:sfcdebug.obj
 0001:0001ab80       sf_debug_set_instance_state_coverage_weights 000000018001bb80 f   sfc_debug:sfcdebug.obj
 0001:0001add0       sf_debug_unload_machine    000000018001bdd0 f   sfc_debug:sfcdebug.obj
 0001:0001ae20       sf_debug_load_machine      000000018001be20 f   sfc_debug:sfcdebug.obj
 0001:0001af30       sf_debug_set_active_instance_in_data_dictionary 000000018001bf30 f   sfc_debug:sfcdebug.obj
 0001:0001b110       sf_debug_set_active_instance 000000018001c110 f   sfc_debug:sfcdebug.obj
 0001:0001b270       sf_debug_chart_visiblity_change 000000018001c270 f   sfc_debug:sfcdebug.obj
 0001:0001b360       sf_debug_select_chart      000000018001c360 f   sfc_debug:sfcdebug.obj
 0001:0001b4c0       sf_debug_set_instance_cv_ids 000000018001c4c0 f   sfc_debug:sfcdebug.obj
 0001:0001b7f0       sf_debug_select_charts     000000018001c7f0 f   sfc_debug:sfcdebug.obj
 0001:0001b9a0       sf_debug_initialized       000000018001c9a0 f   sfc_debug:sfcdebug.obj
 0001:0001b9c0       sf_debug_is_uninterruptible 000000018001c9c0 f   sfc_debug:sfcdebug.obj
 0001:0001b9f0       sf_debug_initialize_debugger_gui 000000018001c9f0 f   sfc_debug:sfcdebug.obj
 0001:0001bdd0       sf_debug_resume            000000018001cdd0 f   sfc_debug:sfcdebug.obj
 0001:0001bdf0       sf_debug_go                000000018001cdf0 f   sfc_debug:sfcdebug.obj
 0001:0001be00       sf_debug_break             000000018001ce00 f   sfc_debug:sfcdebug.obj
 0001:0001be10       sf_debug_step_over         000000018001ce10 f   sfc_debug:sfcdebug.obj
 0001:0001be20       sf_debug_step_out          000000018001ce20 f   sfc_debug:sfcdebug.obj
 0001:0001be30       sf_debug_set_disable_all_breakpoints 000000018001ce30 f   sfc_debug:sfcdebug.obj
 0001:0001be40       sf_debug_disable_all_breakpoints_and_go 000000018001ce40 f   sfc_debug:sfcdebug.obj
 0001:0001be50       sf_debug_break_on_chart_entry 000000018001ce50 f   sfc_debug:sfcdebug.obj
 0001:0001be60       sf_debug_break_on_event_broadcast 000000018001ce60 f   sfc_debug:sfcdebug.obj
 0001:0001be70       sf_debug_break_on_state_entry 000000018001ce70 f   sfc_debug:sfcdebug.obj
 0001:0001be80       sf_debug_break_between_times 000000018001ce80 f   sfc_debug:sfcdebug.obj
 0001:0001bea0       sf_debug_browse_data       000000018001cea0 f   sfc_debug:sfcdebug.obj
 0001:0001beb0       sf_debug_watch_data        000000018001ceb0 f   sfc_debug:sfcdebug.obj
 0001:0001bee0       sf_debug_assign_data       000000018001cee0 f   sfc_debug:sfcdebug.obj
 0001:0001bef0       sf_debug_whos              000000018001cef0 f   sfc_debug:sfcdebug.obj
 0001:0001bf10       sf_debug_get_consistency_info 000000018001cf10 f   sfc_debug:sfcdebug.obj
 0001:0001bf20       sf_debug_browse_trace      000000018001cf20 f   sfc_debug:sfcdebug.obj
 0001:0001bf30       sf_debug_set_breakpoints   000000018001cf30 f   sfc_debug:sfcdebug.obj
 0001:0001c0a0       sf_debug_set_eml_breakpoints 000000018001d0a0 f   sfc_debug:sfcdebug.obj
 0001:0001c200       sf_debug_set_script_breakpoints 000000018001d200 f   sfc_debug:sfcdebug.obj
 0001:0001c280       sf_debug_add_script_breakpoints 000000018001d280 f   sfc_debug:sfcdebug.obj
 0001:0001c2f0       sf_debug_clear_script_breakpoints 000000018001d2f0 f   sfc_debug:sfcdebug.obj
 0001:0001c360       sf_debug_query_script_breakpoints 000000018001d360 f   sfc_debug:sfcdebug.obj
 0001:0001c410       sf_debug_get_eml_script_id 000000018001d410 f   sfc_debug:sfcdebug.obj
 0001:0001c460       sf_debug_set_watch         000000018001d460 f   sfc_debug:sfcdebug.obj
 0001:0001c680       sf_debug_get_instance_handle 000000018001d680 f   sfc_debug:sfcdebug.obj
 0001:0001c710       sf_debug_get_active_states 000000018001d710 f   sfc_debug:sfcdebug.obj
 0001:0001c720       sf_debug_set_honor_breakpoints 000000018001d720 f   sfc_debug:sfcdebug.obj
 0001:0001c730       sf_debug_get_animation     000000018001d730 f   sfc_debug:sfcdebug.obj
 0001:0001c740       sf_debug_set_animation     000000018001d740 f   sfc_debug:sfcdebug.obj
 0001:0001c750       sf_debug_animate           000000018001d750 f   sfc_debug:sfcdebug.obj
 0001:0001c770       sf_debug_cycle_detection_check 000000018001d770 f   sfc_debug:sfcdebug.obj
 0001:0001c780       sf_debug_data_range_check  000000018001d780 f   sfc_debug:sfcdebug.obj
 0001:0001c790       sf_debug_transition_conflict_check 000000018001d790 f   sfc_debug:sfcdebug.obj
 0001:0001c7a0       sf_debug_state_consistency_check 000000018001d7a0 f   sfc_debug:sfcdebug.obj
 0001:0001c7b0       sf_debug_data_range_check_enabled 000000018001d7b0 f   sfc_debug:sfcdebug.obj
 0001:0001c7d0       sf_debug_transition_conflict_check_enabled 000000018001d7d0 f   sfc_debug:sfcdebug.obj
 0001:0001c7f0       sf_debug_transition_conflict_check_begin 000000018001d7f0 f   sfc_debug:sfcdebug.obj
 0001:0001c810       sf_debug_transition_conflict_check_end 000000018001d810 f   sfc_debug:sfcdebug.obj
 0001:0001c830       sf_debug_stop_debugging    000000018001d830 f   sfc_debug:sfcdebug.obj
 0001:0001c860       sf_debug_is_cycle_detected 000000018001d860 f   sfc_debug:sfcdebug.obj
 0001:0001c870       sf_debug_is_array_bounds_detected 000000018001d870 f   sfc_debug:sfcdebug.obj
 0001:0001c880       sf_debug_get_state_vectors_data_size 000000018001d880 f   sfc_debug:sfcdebug.obj
 0001:0001c8c0       sf_debug_get_state_vectors_data 000000018001d8c0 f   sfc_debug:sfcdebug.obj
 0001:0001c9d0       sf_debug_set_state_vectors_data 000000018001d9d0 f   sfc_debug:sfcdebug.obj
 0001:0001cc60       sf_debug_get_script_index  000000018001dc60 f   sfc_debug:sfcdebug.obj
 0001:0001cdf0       sf_debug_add_script        000000018001ddf0 f   sfc_debug:sfcdebug.obj
 0001:0001cf80       cv_eval_point              000000018001df80 f   sfc_debug:sfcdebug.obj
 0001:0001d0f0       cv_eval_testobjective      000000018001e0f0 f   sfc_debug:sfcdebug.obj
 0001:0001d200       sf_debug_cv_init_state     000000018001e200 f   sfc_debug:sfcdebug.obj
 0001:0001d330       sf_debug_cv_init_chart     000000018001e330 f   sfc_debug:sfcdebug.obj
 0001:0001d420       sf_debug_cv_init_trans     000000018001e420 f   sfc_debug:sfcdebug.obj
 0001:0001d530       sf_debug_cv_init_saturation 000000018001e530 f   sfc_debug:sfcdebug.obj
 0001:0001d630       sf_debug_cv_init_testobjectives 000000018001e630 f   sfc_debug:sfcdebug.obj
 0001:0001d810       cv_eml_init_script         000000018001e810 f   sfc_debug:sfcdebug.obj
 0001:0001d930       cv_eml_init_fcn            000000018001e930 f   sfc_debug:sfcdebug.obj
 0001:0001da40       cv_eml_init_testobjective  000000018001ea40 f   sfc_debug:sfcdebug.obj
 0001:0001db20       cv_eml_init_saturation     000000018001eb20 f   sfc_debug:sfcdebug.obj
 0001:0001dbf0       cv_eml_init_if             000000018001ebf0 f   sfc_debug:sfcdebug.obj
 0001:0001dcd0       cv_eml_init_for            000000018001ecd0 f   sfc_debug:sfcdebug.obj
 0001:0001dda0       cv_eml_init_while          000000018001eda0 f   sfc_debug:sfcdebug.obj
 0001:0001de70       cv_eml_init_mcdc           000000018001ee70 f   sfc_debug:sfcdebug.obj
 0001:0001df90       cv_eml_init_switch         000000018001ef90 f   sfc_debug:sfcdebug.obj
 0001:0001e090       cv_eml_eval                000000018001f090 f   sfc_debug:sfcdebug.obj
 0001:0001e180       sf_debug_bm_is_a_eml_breakpoint 000000018001f180 f   sfc_debug:sfcdebug.obj
 0001:0001e2d0       sf_debug_temporal_threshold 000000018001f2d0 f   sfc_debug:sfcdebug.obj
 0001:0001e640       sf_debug_transition_conflict_error 000000018001f640 f   sfc_debug:sfcdebug.obj
 0001:0001e9a0       sf_debug_state_inconsistency_error 000000018001f9a0 f   sfc_debug:sfcdebug.obj
 0001:0001eac0       sf_debug_check_for_state_inconsistency 000000018001fac0 f   sfc_debug:sfcdebug.obj
 0001:0001eb00       sf_debug_cycle_detecton_error 000000018001fb00 f   sfc_debug:sfcdebug.obj
 0001:0001f250       sf_debug_size_eq_check_1d  0000000180020250 f   sfc_debug:sfcdebug.obj
 0001:0001f270       sf_debug_size_eq_check_nd  0000000180020270 f   sfc_debug:sfcdebug.obj
 0001:0001f470       sf_debug_dim_size_eq_check 0000000180020470 f   sfc_debug:sfcdebug.obj
 0001:0001f4a0       sf_debug_dim_size_geq_check 00000001800204a0 f   sfc_debug:sfcdebug.obj
 0001:0001f4d0       sf_debug_sub_assign_size_check_nd 00000001800204d0 f   sfc_debug:sfcdebug.obj
 0001:0001f6b0       sf_debug_matrix_matrix_index_check 00000001800206b0 f   sfc_debug:sfcdebug.obj
 0001:0001f700       sf_debug_vector_vector_index_check 0000000180020700 f   sfc_debug:sfcdebug.obj
 0001:0001f750       sf_debug_for_loop_vector_check 0000000180020750 f   sfc_debug:sfcdebug.obj
 0001:0001f7f0       sf_debug_runtime_error_msgid 00000001800207f0 f   sfc_debug:sfcdebug.obj
 0001:0001f890       sf_debug_data_array_bounds_error_check 0000000180020890 f   sfc_debug:sfcdebug.obj
 0001:0001f9a0       sf_debug_eml_data_array_bounds_error_check 00000001800209a0 f   sfc_debug:sfcdebug.obj
 0001:0001fe60       sf_debug_integer_check     0000000180020e60 f   sfc_debug:sfcdebug.obj
 0001:0001ff50       sf_debug_not_nan_check     0000000180020f50 f   sfc_debug:sfcdebug.obj
 0001:00020020       sf_debug_non_negative_check 0000000180021020 f   sfc_debug:sfcdebug.obj
 0001:000200f0       sf_debug_overflow_detection 00000001800210f0 f   sfc_debug:sfcdebug.obj
 0001:00020750       sf_debug_cast_to_real32_T  0000000180021750 f   sfc_debug:sfcdebug.obj
 0001:00020820       sf_debug_cast_to_int8_T    0000000180021820 f   sfc_debug:sfcdebug.obj
 0001:000208f0       sf_debug_cast_to_uint8_T   00000001800218f0 f   sfc_debug:sfcdebug.obj
 0001:000209c0       sf_debug_cast_to_int16_T   00000001800219c0 f   sfc_debug:sfcdebug.obj
 0001:00020a90       sf_debug_cast_to_uint16_T  0000000180021a90 f   sfc_debug:sfcdebug.obj
 0001:00020b60       sf_debug_cast_to_int32_T   0000000180021b60 f   sfc_debug:sfcdebug.obj
 0001:00020c30       sf_debug_cast_to_uint32_T  0000000180021c30 f   sfc_debug:sfcdebug.obj
 0001:00020d00       sf_debug_data_range_error  0000000180021d00 f   sfc_debug:sfcdebug.obj
 0001:00021010       sf_debug_read_before_write_check 0000000180022010 f   sfc_debug:sfcdebug.obj
 0001:00021440       sf_debug_data_range_error_wrapper_min_max 0000000180022440 f   sfc_debug:sfcdebug.obj
 0001:00021560       sf_debug_data_range_error_wrapper_min 0000000180022560 f   sfc_debug:sfcdebug.obj
 0001:00021670       sf_debug_data_range_error_wrapper_max 0000000180022670 f   sfc_debug:sfcdebug.obj
 0001:00021780       sf_debug_data_range_wrapper 0000000180022780 f   sfc_debug:sfcdebug.obj
 0001:00021840       sf_debug_set_current_status_info 0000000180022840 f   sfc_debug:sfcdebug.obj
 0001:00021be0       sf_debug_register_message_post_receive_info 0000000180022be0 f   sfc_debug:sfcdebug.obj
 0001:00021e30       sf_debug_call              0000000180022e30 f   sfc_debug:sfcdebug.obj
 0001:00022790       sf_debug_initialize_machine 0000000180023790 f   sfc_debug:sfcdebug.obj
 0001:00022a40       sf_debug_initialize_chart  0000000180023a40 f   sfc_debug:sfcdebug.obj
 0001:00022e90       sf_debug_ensure_script     0000000180023e90 f   sfc_debug:sfcdebug.obj
 0001:00022f40       cv_eval_saturation         0000000180023f40 f   sfc_debug:sfcdebug.obj
 0001:000230c0       cv_saturation_accum        00000001800240c0 f   sfc_debug:sfcdebug.obj
 0001:00023200       cv_script_init_script      0000000180024200 f   sfc_debug:sfcdebug.obj
 0001:000232f0       cv_script_init_fcn         00000001800242f0 f   sfc_debug:sfcdebug.obj
 0001:000233b0       cv_script_init_testobjective 00000001800243b0 f   sfc_debug:sfcdebug.obj
 0001:00023470       cv_script_init_saturation  0000000180024470 f   sfc_debug:sfcdebug.obj
 0001:00023520       cv_script_init_if          0000000180024520 f   sfc_debug:sfcdebug.obj
 0001:000235e0       cv_script_init_for         00000001800245e0 f   sfc_debug:sfcdebug.obj
 0001:00023690       cv_script_init_while       0000000180024690 f   sfc_debug:sfcdebug.obj
 0001:00023740       cv_script_init_mcdc        0000000180024740 f   sfc_debug:sfcdebug.obj
 0001:00023840       cv_script_init_switch      0000000180024840 f   sfc_debug:sfcdebug.obj
 0001:00023920       cv_script_eval             0000000180024920 f   sfc_debug:sfcdebug.obj
 0001:000239f0       eml_debug_line_call        00000001800249f0 f   sfc_debug:sfcdebug.obj
 0001:00023bc0       sf_debug_terminate         0000000180024bc0 f   sfc_debug:sfcdebug.obj
 0001:00023dd0       sf_debug_set_script_cv_ids 0000000180024dd0 f   sfc_debug:sfcdebug.obj
 0001:00023f00       sf_debug_api               0000000180024f00 f   sfc_debug:sfc_api.obj
 0001:000257f0       sf_debug_sm_terminate      00000001800267f0 f   sfc_debug:sfdb_animation.obj
 0001:000259a0       sf_debug_reset_path_objects 00000001800269a0 f   sfc_debug:sfdb_animation.obj
 0001:00025a20       sf_debug_sm_reset_object_selection_status 0000000180026a20 f   sfc_debug:sfdb_animation.obj
 0001:00025ac0       sf_debug_sm_reset_state_buffer 0000000180026ac0 f   sfc_debug:sfdb_animation.obj
 0001:00025b90       sf_debug_sm_store_state_buffer 0000000180026b90 f   sfc_debug:sfdb_animation.obj
 0001:00025c10       sf_debug_sm_restore_state_buffer1 0000000180026c10 f   sfc_debug:sfdb_animation.obj
 0001:00025c80       sf_debug_sm_restore_state_buffer2 0000000180026c80 f   sfc_debug:sfdb_animation.obj
 0001:00025cf0       sf_debug_sm_chart_active   0000000180026cf0 f   sfc_debug:sfdb_animation.obj
 0001:00025d40       sf_debug_sm_select_active_objects 0000000180026d40 f   sfc_debug:sfdb_animation.obj
 0001:00026210       sf_debug_sm_is_chart_active 0000000180027210 f   sfc_debug:sfdb_animation.obj
 0001:00026250       sf_debug_sm_is_state_active 0000000180027250 f   sfc_debug:sfdb_animation.obj
 0001:00026490       sf_debug_sm_get_active_states 0000000180027490 f   sfc_debug:sfdb_animation.obj
 0001:00026a40       sf_debug_sm_initialize_instance 0000000180027a40 f   sfc_debug:sfdb_animation.obj
 0001:00026c50       sf_debug_sm_change_object_selection_status 0000000180027c50 f   sfc_debug:sfdb_animation.obj
 0001:00026f20       cv_create_interface        0000000180027f20 f   sfc_debug:cv_sfinterface.obj
 0001:00027230       cv_init_trans              0000000180028230 f   sfc_debug:cv_sfinterface.obj
 0001:00027280       cv_init_saturation         0000000180028280 f   sfc_debug:cv_sfinterface.obj
 0001:000272c0       cv_init_testobjective      00000001800282c0 f   sfc_debug:cv_sfinterface.obj
 0001:00027300       cv_init_state              0000000180028300 f   sfc_debug:cv_sfinterface.obj
 0001:00027370       cv_init_chart              0000000180028370 f   sfc_debug:cv_sfinterface.obj
 0001:000273c0       cv_dec_update_call         00000001800283c0 f   sfc_debug:cv_sfinterface.obj
 0001:00027400       cv_cond_update_call        0000000180028400 f   sfc_debug:cv_sfinterface.obj
 0001:00027440       cv_saturation_update_call  0000000180028440 f   sfc_debug:cv_sfinterface.obj
 0001:00027480       cv_saturation_update_accum 0000000180028480 f   sfc_debug:cv_sfinterface.obj
 0001:000274c0       cv_testobjective_update_call 00000001800284c0 f   sfc_debug:cv_sfinterface.obj
 0001:00027500       cv_sigrange_update         0000000180028500 f   sfc_debug:cv_sfinterface.obj
 0001:00027540       cvsf_eml_eval              0000000180028540 f   sfc_debug:cv_sfinterface.obj
 0001:00027620       cvsf_eml_init_script       0000000180028620 f   sfc_debug:cv_sfinterface.obj
 0001:000276b0       cvsf_eml_init_fcn          00000001800286b0 f   sfc_debug:cv_sfinterface.obj
 0001:00027710       cvsf_eml_init_testobjective 0000000180028710 f   sfc_debug:cv_sfinterface.obj
 0001:00027770       cvsf_eml_init_saturation   0000000180028770 f   sfc_debug:cv_sfinterface.obj
 0001:000277c0       cvsf_eml_init_if           00000001800287c0 f   sfc_debug:cv_sfinterface.obj
 0001:00027820       cvsf_eml_init_for          0000000180028820 f   sfc_debug:cv_sfinterface.obj
 0001:00027870       cvsf_eml_init_while        0000000180028870 f   sfc_debug:cv_sfinterface.obj
 0001:000278c0       cvsf_eml_init_mcdc         00000001800288c0 f   sfc_debug:cv_sfinterface.obj
 0001:00027950       cvsf_eml_init_switch       0000000180028950 f   sfc_debug:cv_sfinterface.obj
 0001:000279c0       cvsf_script_eval           00000001800289c0 f   sfc_debug:cv_sfinterface.obj
 0001:00027aa0       cvsf_script_init_script    0000000180028aa0 f   sfc_debug:cv_sfinterface.obj
 0001:00027b30       cvsf_script_init_fcn       0000000180028b30 f   sfc_debug:cv_sfinterface.obj
 0001:00027b90       cvsf_script_init_testobjective 0000000180028b90 f   sfc_debug:cv_sfinterface.obj
 0001:00027bf0       cvsf_script_init_saturation 0000000180028bf0 f   sfc_debug:cv_sfinterface.obj
 0001:00027c40       cvsf_script_init_if        0000000180028c40 f   sfc_debug:cv_sfinterface.obj
 0001:00027ca0       cvsf_script_init_for       0000000180028ca0 f   sfc_debug:cv_sfinterface.obj
 0001:00027cf0       cvsf_script_init_while     0000000180028cf0 f   sfc_debug:cv_sfinterface.obj
 0001:00027d40       cvsf_script_init_mcdc      0000000180028d40 f   sfc_debug:cv_sfinterface.obj
 0001:00027dd0       cvsf_script_init_switch    0000000180028dd0 f   sfc_debug:cv_sfinterface.obj
 0001:00027e40       cv_destroy_interface       0000000180028e40 f   sfc_debug:cv_sfinterface.obj
 0001:00027e60       cv_create_instance_objects 0000000180028e60 f   sfc_debug:cv_sfinterface.obj
 0001:000282d0       cv_is_enabled              00000001800292d0 f   sfc_debug:cv_sfinterface.obj
 0001:000282e0       sf_debug_cv_initialize_script 00000001800292e0 f   sfc_debug:cv_sfinterface.obj
 0001:00028470       sf_debug_cv_initialize_instance 0000000180029470 f   sfc_debug:cv_sfinterface.obj
 0001:00028800       sf_debug_cv_terminate_chart 0000000180029800 f   sfc_debug:cv_sfinterface.obj
 0001:00028920       cv_call_trans_test         0000000180029920 f   sfc_debug:cv_sfinterface.obj
 0001:00028930       cv_call_sub_cond_test      0000000180029930 f   sfc_debug:cv_sfinterface.obj
 0001:00028970       sf_debug_st_initialize_machine 0000000180029970 f   sfc_debug:sfdb_data_browse.obj
 0001:00028a20       sf_debug_st_initialize_instance 0000000180029a20 f   sfc_debug:sfdb_data_browse.obj
 0001:00028c30       sf_debug_st_terminate      0000000180029c30 f   sfc_debug:sfdb_data_browse.obj
 0001:00028fd0       sf_debug_st_set_data_value_ptr_in_machine 0000000180029fd0 f   sfc_debug:sfdb_data_browse.obj
 0001:00029060       sf_debug_st_set_data_value_ptr_in_instance 000000018002a060 f   sfc_debug:sfdb_data_browse.obj
 0001:00029140       sf_debug_st_unset_data_value_ptr_in_machine 000000018002a140 f   sfc_debug:sfdb_data_browse.obj
 0001:000291b0       sf_debug_st_unset_data_value_ptr_in_instance 000000018002a1b0 f   sfc_debug:sfdb_data_browse.obj
 0001:00029470       sf_debug_mx_value          000000018002a470 f   sfc_debug:sfdb_data_browse.obj
 0001:000294d0       sf_debug_mx_packed_vector  000000018002a4d0 f   sfc_debug:sfdb_data_browse.obj
 0001:000295b0       sf_debug_mx_uint_vector    000000018002a5b0 f   sfc_debug:sfdb_data_browse.obj
 0001:00029660       sf_debug_st_get_double_value_from_void_ptr_vector 000000018002a660 f   sfc_debug:sfdb_data_browse.obj
 0001:0002a140       sf_debug_st_browse_data    000000018002b140 f   sfc_debug:sfdb_data_browse.obj
 0001:0002a980       sf_debug_hm_initialize_instance 000000018002b980 f   sfc_debug:sfdb_handle_management.obj
 0001:0002ae60       sf_debug_hm_get_object_id  000000018002be60 f   sfc_debug:sfdb_handle_management.obj
 0001:0002ba10       sf_debug_hm_update_chart_visibility 000000018002ca10 f   sfc_debug:sfdb_handle_management.obj
 0001:0002cc00       sf_debug_object_is_eml_function 000000018002dc00 f   sfc_debug:sfdb_handle_management.obj
 0001:0002cc70       sf_debug_hm_initialize_ids_in_machine 000000018002dc70 f   sfc_debug:sfdb_handle_management.obj
 0001:0002cde0       sf_debug_hm_initialize_ids_in_chart 000000018002dde0 f   sfc_debug:sfdb_handle_management.obj
 0001:0002cee0       sf_debug_hm_initialize_chart 000000018002dee0 f   sfc_debug:sfdb_handle_management.obj
 0001:0002d5e0       sf_debug_hm_terminate      000000018002e5e0 f   sfc_debug:sfdb_handle_management.obj
 0001:0002d640       sf_debug_hm_initialize_machine 000000018002e640 f   sfc_debug:sfdb_handle_management.obj
 0001:0002dd60       sf_debug_ss_initialize     000000018002ed60 f   sfc_debug:sfdb_symbol_scope.obj
 0001:0002dd80       sf_debug_ss_terminate      000000018002ed80 f   sfc_debug:sfdb_symbol_scope.obj
 0001:0002de10       sf_debug_ss_push_symbol_scope 000000018002ee10 f   sfc_debug:sfdb_symbol_scope.obj
 0001:0002df10       sf_debug_ss_push_symbol_scope_eml 000000018002ef10 f   sfc_debug:sfdb_symbol_scope.obj
 0001:0002df70       sf_debug_ss_pop_symbol_scope 000000018002ef70 f   sfc_debug:sfdb_symbol_scope.obj
 0001:0002e020       sf_debug_ss_add_symbol     000000018002f020 f   sfc_debug:sfdb_symbol_scope.obj
 0001:0002e190       sf_debug_ss_add_symbol_eml 000000018002f190 f   sfc_debug:sfdb_symbol_scope.obj
 0001:0002f090       sf_debug_ss_set_data_value 0000000180030090 f   sfc_debug:sfdb_symbol_scope.obj
 0001:0002f4e0       getInstanceNumber          00000001800304e0 f   sfc_debug:sfdb_symbol_scope.obj
 0001:0002f5b0       sf_debug_ss_watch_data     00000001800305b0 f   sfc_debug:sfdb_symbol_scope.obj
 0001:0002f7a0       sf_debug_ss_assign_data    00000001800307a0 f   sfc_debug:sfdb_symbol_scope.obj
 0001:000301b0       get_data_entry_name        00000001800311b0 f   sfc_debug:sfdb_symbol_scope.obj
 0001:00030200       sf_debug_ss_whos           0000000180031200 f   sfc_debug:sfdb_symbol_scope.obj
 0001:00030850       sf_debug_cc_initialize_chart 0000000180031850 f   sfc_debug:sfdb_coverage.obj
 0001:00031240       sf_debug_cc_initialize_instance 0000000180032240 f   sfc_debug:sfdb_coverage.obj
 0001:00031f80       sf_debug_cc_terminate      0000000180032f80 f   sfc_debug:sfdb_coverage.obj
 0001:00032070       sf_debug_cc_set_transition_maps 0000000180033070 f   sfc_debug:sfdb_coverage.obj
 0001:000321a0       sf_debug_cc_set_state_maps 00000001800331a0 f   sfc_debug:sfdb_coverage.obj
 0001:00032280       sf_debug_cc_set_transition_weights 0000000180033280 f   sfc_debug:sfdb_coverage.obj
 0001:00032540       sf_debug_cc_set_state_weights 0000000180033540 f   sfc_debug:sfdb_coverage.obj
 0001:00032810       sf_debug_cc_mark_transition_guard 0000000180033810 f   sfc_debug:sfdb_coverage.obj
 0001:000328a0       sf_debug_cc_mark_transition_trigger 00000001800338a0 f   sfc_debug:sfdb_coverage.obj
 0001:00032930       sf_debug_cc_mark_transition_decision 0000000180033930 f   sfc_debug:sfdb_coverage.obj
 0001:000329a0       sf_debug_cc_mark_transition_condition_action 00000001800339a0 f   sfc_debug:sfdb_coverage.obj
 0001:000329f0       sf_debug_cc_mark_transition_transition_action 00000001800339f0 f   sfc_debug:sfdb_coverage.obj
 0001:00032a40       sf_debug_cc_mark_state_entry 0000000180033a40 f   sfc_debug:sfdb_coverage.obj
 0001:00032a90       sf_debug_cc_mark_state_during 0000000180033a90 f   sfc_debug:sfdb_coverage.obj
 0001:00032ae0       sf_debug_cc_mark_state_exit 0000000180033ae0 f   sfc_debug:sfdb_coverage.obj
 0001:00032b30       sf_debug_bm_clear_script_breakpoints 0000000180033b30 f   sfc_debug:sfdb_breakpoints.obj
 0001:00032b60       sf_debug_bm_set_script_breakpoint 0000000180033b60 f   sfc_debug:sfdb_breakpoints.obj
 0001:00032be0       sf_debug_bm_clear_single_script_breakpoint 0000000180033be0 f   sfc_debug:sfdb_breakpoints.obj
 0001:00032c60       sf_debug_bm_query_script_breakpoint 0000000180033c60 f   sfc_debug:sfdb_breakpoints.obj
 0001:00032cb0       sf_debug_bm_initialize_scripts 0000000180033cb0 f   sfc_debug:sfdb_breakpoints.obj
 0001:00033340       sf_debug_bm_terminate      0000000180034340 f   sfc_debug:sfdb_breakpoints.obj
 0001:00033620       sf_debug_bm_remove_all_breakpoints_in_machine 0000000180034620 f   sfc_debug:sfdb_breakpoints.obj
 0001:00033680       sf_debug_bm_remove_all_breakpoints_in_chart 0000000180034680 f   sfc_debug:sfdb_breakpoints.obj
 0001:000337d0       sf_debug_bm_initialize_global_breakpoints 00000001800347d0 f   sfc_debug:sfdb_breakpoints.obj
 0001:00033950       sf_debug_bm_set_breakpoint 0000000180034950 f   sfc_debug:sfdb_breakpoints.obj
 0001:00033f10       sf_debug_bm_set_eml_breakpoint 0000000180034f10 f   sfc_debug:sfdb_breakpoints.obj
 0001:00033fa0       sf_debug_bm_initialize_machine_breakpoint_map 0000000180034fa0 f   sfc_debug:sfdb_breakpoints.obj
 0001:000343c0       sf_debug_bm_is_a_breakpoint 00000001800353c0 f   sfc_debug:sfdb_breakpoints.obj
 0001:000348e0       sf_debug_bm_get_all_breakpoints_in_machine 00000001800358e0 f   sfc_debug:sfdb_breakpoints.obj
 0001:00034be0       sf_debug_bm_get_all_breakpoints_in_chart 0000000180035be0 f   sfc_debug:sfdb_breakpoints.obj
 0001:00035770       sf_debug_bm_initialize_machine 0000000180036770 f   sfc_debug:sfdb_breakpoints.obj
 0001:00035840       sf_debug_bm_initialize_chart 0000000180036840 f   sfc_debug:sfdb_breakpoints.obj
 0001:00035c30       sf_debug_sc_terminate      0000000180036c30 f   sfc_debug:sfdb_state_consistency.obj
 0001:00035f50       sf_debug_sc_is_chart_consistent 0000000180036f50 f   sfc_debug:sfdb_state_consistency.obj
 0001:00036200       sf_debug_sc_get_consistency_error_info 0000000180037200 f   sfc_debug:sfdb_state_consistency.obj
 0001:00036610       sf_debug_tm_terminate      0000000180037610 f   sfc_debug:sfdb_call_stack.obj
 0001:000366c0       sf_debug_tm_push_chart_instance 00000001800376c0 f   sfc_debug:sfdb_call_stack.obj
 0001:00036800       sf_debug_tm_pop_chart_instance 0000000180037800 f   sfc_debug:sfdb_call_stack.obj
 0001:00036860       sf_debug_tm_push_trace_node 0000000180037860 f   sfc_debug:sfdb_call_stack.obj
 0001:000369e0       sf_debug_tm_pop_trace_node 00000001800379e0 f   sfc_debug:sfdb_call_stack.obj
 0001:00036a60       sf_debug_tm_get_current_global_trace_index 0000000180037a60 f   sfc_debug:sfdb_call_stack.obj
 0001:00036a70       sf_debug_tm_get_current_local_trace_index 0000000180037a70 f   sfc_debug:sfdb_call_stack.obj
 0001:00036aa0       sf_debug_tm_set_cycle_detected_flag 0000000180037aa0 f   sfc_debug:sfdb_call_stack.obj
 0001:00036ae0       sf_debug_tm_set_cycle_started_flag 0000000180037ae0 f   sfc_debug:sfdb_call_stack.obj
 0001:00036b20       sf_debug_tm_get_chart_number_from_stack 0000000180037b20 f   sfc_debug:sfdb_call_stack.obj
 0001:00036d20       sf_debug_tm_browse_trace   0000000180037d20 f   sfc_debug:sfdb_call_stack.obj
 0001:00037030       sf_debug_cd_initialize_instance 0000000180038030 f   sfc_debug:sfdb_cycle_detection.obj
 0001:000372e0       sf_debug_cd_mark_processed_transition_in_instance 00000001800382e0 f   sfc_debug:sfdb_cycle_detection.obj
 0001:00037380       sf_debug_cd_checksum_push  0000000180038380 f   sfc_debug:sfdb_cycle_detection.obj
 0001:00037630       sf_debug_cd_checksum_pop   0000000180038630 f   sfc_debug:sfdb_cycle_detection.obj
 0001:000376a0       sf_debug_cd_turn_off_cycle_detection 00000001800386a0 f   sfc_debug:sfdb_cycle_detection.obj
 0001:000376f0       sf_debug_cd_terminate      00000001800386f0 f   sfc_debug:sfdb_cycle_detection.obj
 0001:00037920       md5_initialize_state       0000000180038920 f   sfc_debug:ckmd5.obj
 0001:000383b0       md5_update_state           00000001800393b0 f   sfc_debug:ckmd5.obj
 0001:000383d0       md5_get_hash               00000001800393d0 f   sfc_debug:ckmd5.obj
 0001:00038400       md5_get_hash_for_a_single_string 0000000180039400 f   sfc_debug:ckmd5.obj
 0001:00038460       mxGetPr                    0000000180039460 f   libmx:libmx.dll
 0001:00038466       mxCreateDoubleScalar       0000000180039466 f   libmx:libmx.dll
 0001:0003846c       mxCreateDoubleMatrix_730   000000018003946c f   libmx:libmx.dll
 0001:00038472       mxSetField_730             0000000180039472 f   libmx:libmx.dll
 0001:00038478       mxCreateString             0000000180039478 f   libmx:libmx.dll
 0001:0003847e       mxCreateStructMatrix_730   000000018003947e f   libmx:libmx.dll
 0001:00038484       mxCreateCellMatrix_730     0000000180039484 f   libmx:libmx.dll
 0001:0003848a       mxDestroyArray             000000018003948a f   libmx:libmx.dll
 0001:00038490       mxDuplicateArray           0000000180039490 f   libmx:libmx.dll
 0001:00038496       mxGetString_730            0000000180039496 f   libmx:libmx.dll
 0001:0003849c       mxIsChar                   000000018003949c f   libmx:libmx.dll
 0001:000384a2       mxGetClassID               00000001800394a2 f   libmx:libmx.dll
 0001:000384a8       mxIsNumeric                00000001800394a8 f   libmx:libmx.dll
 0001:000384ae       mxIsComplex                00000001800394ae f   libmx:libmx.dll
 0001:000384b4       mxGetN                     00000001800394b4 f   libmx:libmx.dll
 0001:000384ba       mxGetM                     00000001800394ba f   libmx:libmx.dll
 0001:000384c0       mxCalloc                   00000001800394c0 f   libmx:libmx.dll
 0001:000384c6       mxGetScalar                00000001800394c6 f   libmx:libmx.dll
 0001:000384cc       mxIsLogical                00000001800394cc f   libmx:libmx.dll
 0001:000384d2       mxCreateDoubleMatrix_700   00000001800394d2 f   libmx:libmx.dll
 0001:000384d8       mxFree                     00000001800394d8 f   libmx:libmx.dll
 0001:000384de       mxArrayToString            00000001800394de f   libmx:libmx.dll
 0001:000384e4       mxCreateCellMatrix_700     00000001800394e4 f   libmx:libmx.dll
 0001:000384ea       mxSetCell_700              00000001800394ea f   libmx:libmx.dll
 0001:000384f0       mxGetCell_700              00000001800394f0 f   libmx:libmx.dll
 0001:000384f6       mxGetClassName             00000001800394f6 f   libmx:libmx.dll
 0001:000384fc       mxSetField_700             00000001800394fc f   libmx:libmx.dll
 0001:00038502       mxAddField                 0000000180039502 f   libmx:libmx.dll
 0001:00038508       mxGetField_700             0000000180039508 f   libmx:libmx.dll
 0001:0003850e       mxGetNumberOfElements      000000018003950e f   libmx:libmx.dll
 0001:00038514       mxIsStruct                 0000000180039514 f   libmx:libmx.dll
 0001:0003851a       mxIsA                      000000018003951a f   libmx:libmx.dll
 0001:00038520       mxIsClass                  0000000180039520 f   libmx:libmx.dll
 0001:00038526       mxGetLogicals              0000000180039526 f   libmx:libmx.dll
 0001:0003852c       mxIsSparse                 000000018003952c f   libmx:libmx.dll
 0001:00038532       mxSetFieldByNumber_700     0000000180039532 f   libmx:libmx.dll
 0001:00038538       mxGetFieldByNumber_700     0000000180039538 f   libmx:libmx.dll
 0001:0003853e       mxGetFieldNameByNumber     000000018003953e f   libmx:libmx.dll
 0001:00038544       mxGetNumberOfFields        0000000180039544 f   libmx:libmx.dll
 0001:0003854a       mxCreateStructMatrix_700   000000018003954a f   libmx:libmx.dll
 0001:00038550       mxGetFieldNumber           0000000180039550 f   libmx:libmx.dll
 0001:00038556       mxIsNaN                    0000000180039556 f   libmx:libmx.dll
 0001:0003855c       mxIsEmpty                  000000018003955c f   libmx:libmx.dll
 0001:00038562       mxGetData                  0000000180039562 f   libmx:libmx.dll
 0001:00038568       mxGetImagData              0000000180039568 f   libmx:libmx.dll
 0001:0003856e       mxArrayClassIDName         000000018003956e f   libmx:libmx.dll
 0001:00038574       mxCreateNumericMatrix_700  0000000180039574 f   libmx:libmx.dll
 0001:0003857a       mxCreateStructArray_700    000000018003957a f   libmx:libmx.dll
 0001:00038580       mxCalcSingleSubscript_700  0000000180039580 f   libmx:libmx.dll
 0001:00038586       mxGetDimensions_700        0000000180039586 f   libmx:libmx.dll
 0001:0003858c       mxGetNumberOfDimensions_700 000000018003958c f   libmx:libmx.dll
 0001:00038592       mxCreateNumericArray_700   0000000180039592 f   libmx:libmx.dll
 0001:00038598       mxGetElementSize           0000000180039598 f   libmx:libmx.dll
 0001:0003859e       mxCreateStringFromNChars_700 000000018003959e f   libmx:libmx.dll
 0001:000385a4       mxGetString_700            00000001800395a4 f   libmx:libmx.dll
 0001:000385aa       mxIsLogicalScalarTrue      00000001800395aa f   libmx:libmx.dll
 0001:000385b0       mxCreateLogicalScalar      00000001800395b0 f   libmx:libmx.dll
 0001:000385b6       mexUnlock                  00000001800395b6 f   libmex:libmex.dll
 0001:000385bc       mexIsLocked                00000001800395bc f   libmex:libmex.dll
 0001:000385c2       mexWarnMsgTxt              00000001800395c2 f   libmex:libmex.dll
 0001:000385c8       mexCallMATLAB              00000001800395c8 f   libmex:libmex.dll
 0001:000385ce       mexErrMsgTxt               00000001800395ce f   libmex:libmex.dll
 0001:000385d4       mexMakeArrayPersistent     00000001800395d4 f   libmex:libmex.dll
 0001:000385da       mexSetTrapFlag             00000001800395da f   libmex:libmex.dll
 0001:000385e0       mexPutVariable             00000001800395e0 f   libmex:libmex.dll
 0001:000385e6       mexGetVariable             00000001800395e6 f   libmex:libmex.dll
 0001:000385ec       mexLock                    00000001800395ec f   libmex:libmex.dll
 0001:000385f2       mexMakeMemoryPersistent    00000001800395f2 f   libmex:libmex.dll
 0001:000385f8       mexFunctionName            00000001800395f8 f   libmex:libmex.dll
 0001:000385fe       ssRegisterDataTypeFxpFSlopeFixExpBias 00000001800395fe f   libfixedpoint:libfixedpoint.dll
 0001:00038604       ssRegisterDataTypeFxpScaledDouble 0000000180039604 f   libfixedpoint:libfixedpoint.dll
 0001:0003860a       utMalloc                   000000018003960a f   libut:libut.dll
 0001:00038610       utFree                     0000000180039610 f   libut:libut.dll
 0001:00038616       utVSNprintf                0000000180039616 f   libut:libut.dll
 0001:0003861c       utCPUtime                  000000018003961c f   libut:libut.dll
 0001:00038622       utCalloc                   0000000180039622 f   libut:libut.dll
 0001:00038628       utRealloc                  0000000180039628 f   libut:libut.dll
 0001:0003862e       emlrtCreateRootTLS         000000018003962e f   libemlrt:libemlrt.dll
 0001:00038634       emlrtDestroyRootTLS        0000000180039634 f   libemlrt:libemlrt.dll
 0001:0003863a       emlrtCheckBuiltInR2012b    000000018003963a f   libemlrt:libemlrt.dll
 0001:00038640       emlrtCheckVsBuiltInR2012b  0000000180039640 f   libemlrt:libemlrt.dll
 0001:00038646       emlrtCheckEnumR2012b       0000000180039646 f   libemlrt:libemlrt.dll
 0001:0003864c       emlrtCreateEnumR2012b      000000018003964c f   libemlrt:libemlrt.dll
 0001:00038652       emlrtGetEnumElementR2009a  0000000180039652 f   libemlrt:libemlrt.dll
 0001:00038658       emlrtCreateReference       0000000180039658 f   libemlrt:libemlrt.dll
 0001:0003865e       emlrtImportVsFiArrayR2009b 000000018003965e f   libemlrt:libemlrt.dll
 0001:00038664       emlrtNameCapturePostProcessR2012a 0000000180039664 f   libemlrt:libemlrt.dll
 0001:0003866a       emlrtExtractMessageId      000000018003966a f   libemlrt:libemlrt.dll
 0001:00038670       emlrtTranslateMessageIDtoLCPstring 0000000180039670 f   libemlrt:libemlrt.dll
 0001:00038676       emlrtForLoopVectorIsValidR2011b 0000000180039676 f   libemlrt:libemlrt.dll
 0001:0003867c       emlrtTranslateUTF16MessagetoLCPstring 000000018003967c f   libemlrt:libemlrt.dll
 0001:00038682       emlrtGetEnumUnderlyingArrayR2009a 0000000180039682 f   libemlrt:libemlrt.dll
 0001:00038688       emlrtIsEnumR2009a          0000000180039688 f   libemlrt:libemlrt.dll
 0001:0003868e       memset                     000000018003968e f   MSVCRT:MSVCR100.dll
 0001:00038694       __GSHandlerCheckCommon     0000000180039694 f   MSVCRT:gshandler.obj
 0001:000386f8       __GSHandlerCheck           00000001800396f8 f   MSVCRT:gshandler.obj
 0001:00038730       __security_check_cookie    0000000180039730 f   MSVCRT:amdsecgs.obj
 0001:00038750       strcmp                     0000000180039750 f   MSVCRT:MSVCR100.dll
 0001:00038756       free                       0000000180039756 f   MSVCRT:MSVCR100.dll
 0001:0003875c       sprintf                    000000018003975c f   MSVCRT:MSVCR100.dll
 0001:00038762       malloc                     0000000180039762 f   MSVCRT:MSVCR100.dll
 0001:00038768       strlen                     0000000180039768 f   MSVCRT:MSVCR100.dll
 0001:0003876e       strcat                     000000018003976e f   MSVCRT:MSVCR100.dll
 0001:00038774       memcpy                     0000000180039774 f   MSVCRT:MSVCR100.dll
 0001:0003877c       NtCurrentTeb               000000018003977c f i MSVCRT:crtdll.obj
 0001:000387e8       _CRT_INIT                  00000001800397e8 f   MSVCRT:crtdll.obj
 0001:00038b80       _DllMainCRTStartup         0000000180039b80 f   MSVCRT:crtdll.obj
 0001:00038bbe       strncpy                    0000000180039bbe f   MSVCRT:MSVCR100.dll
 0001:00038be0       _alloca_probe              0000000180039be0     MSVCRT:chkstk.obj
 0001:00038be0       __chkstk                   0000000180039be0 f   MSVCRT:chkstk.obj
 0001:00038c2e       longjmp                    0000000180039c2e f   MSVCRT:MSVCR100.dll
 0001:00038c34       strncmp                    0000000180039c34 f   MSVCRT:MSVCR100.dll
 0001:00038c3a       ceil                       0000000180039c3a f   MSVCRT:MSVCR100.dll
 0001:00038c40       strrchr                    0000000180039c40 f   MSVCRT:MSVCR100.dll
 0001:00038c46       _setjmp                    0000000180039c46 f   MSVCRT:MSVCR100.dll
 0001:00038c4c       ldexp                      0000000180039c4c f   MSVCRT:MSVCR100.dll
 0001:00038c54       __report_gsfailure         0000000180039c54 f   MSVCRT:gs_report.obj
 0001:00038da0       __clean_type_info_names    0000000180039da0 f   MSVCRT:tncleanup.obj
 0001:00038dac       _onexit                    0000000180039dac f   MSVCRT:atonexit.obj
 0001:00038e5c       atexit                     0000000180039e5c f   MSVCRT:atonexit.obj
 0001:00038e74       _RTC_Initialize            0000000180039e74 f   MSVCRT:_initsect_.obj
 0001:00038eac       _RTC_Terminate             0000000180039eac f   MSVCRT:_initsect_.obj
 0001:00038ee4       _malloc_crt                0000000180039ee4 f   MSVCRT:MSVCR100.dll
 0001:00038ef0       _ValidateImageBase         0000000180039ef0 f   MSVCRT:pesect.obj
 0001:00038f20       _FindPESection             0000000180039f20 f   MSVCRT:pesect.obj
 0001:00038f70       _IsNonwritableInCurrentImage 0000000180039f70 f   MSVCRT:pesect.obj
 0001:00038fb2       _initterm                  0000000180039fb2 f   MSVCRT:MSVCR100.dll
 0001:00038fb8       _initterm_e                0000000180039fb8 f   MSVCRT:MSVCR100.dll
 0001:00038fbe       _encoded_null              0000000180039fbe f   MSVCRT:MSVCR100.dll
 0001:00038fc4       _amsg_exit                 0000000180039fc4 f   MSVCRT:MSVCR100.dll
 0001:00038fca       __C_specific_handler       0000000180039fca f   MSVCRT:MSVCR100.dll
 0001:00038fd0       __CppXcptFilter            0000000180039fd0 f   MSVCRT:MSVCR100.dll
 0001:00038fd8       DllMain                    0000000180039fd8 f   MSVCRT:dllmain.obj
 0001:00038ffc       __security_init_cookie     0000000180039ffc f   MSVCRT:gs_support.obj
 0001:000390b0       __crt_debugger_hook        000000018003a0b0 f   MSVCRT:MSVCR100.dll
 0001:000390b6       __clean_type_info_names_internal 000000018003a0b6 f   MSVCRT:MSVCR100.dll
 0001:000390bc       _unlock                    000000018003a0bc f   MSVCRT:MSVCR100.dll
 0001:000390c2       __dllonexit                000000018003a0c2 f   MSVCRT:MSVCR100.dll
 0001:000390c8       _lock                      000000018003a0c8 f   MSVCRT:MSVCR100.dll
 0001:000390ce       EncodePointer              000000018003a0ce f   kernel32:KERNEL32.dll
 0001:000390d4       DecodePointer              000000018003a0d4 f   kernel32:KERNEL32.dll
 0001:000390da       Sleep                      000000018003a0da f   kernel32:KERNEL32.dll
 0001:000390e0       TerminateProcess           000000018003a0e0 f   kernel32:KERNEL32.dll
 0001:000390e6       GetCurrentProcess          000000018003a0e6 f   kernel32:KERNEL32.dll
 0001:000390ec       UnhandledExceptionFilter   000000018003a0ec f   kernel32:KERNEL32.dll
 0001:000390f2       SetUnhandledExceptionFilter 000000018003a0f2 f   kernel32:KERNEL32.dll
 0001:000390f8       IsDebuggerPresent          000000018003a0f8 f   kernel32:KERNEL32.dll
 0001:000390fe       RtlVirtualUnwind           000000018003a0fe f   kernel32:KERNEL32.dll
 0001:00039104       RtlLookupFunctionEntry     000000018003a104 f   kernel32:KERNEL32.dll
 0001:0003910a       RtlCaptureContext          000000018003a10a f   kernel32:KERNEL32.dll
 0001:00039110       DisableThreadLibraryCalls  000000018003a110 f   kernel32:KERNEL32.dll
 0001:00039116       QueryPerformanceCounter    000000018003a116 f   kernel32:KERNEL32.dll
 0001:0003911c       GetTickCount               000000018003a11c f   kernel32:KERNEL32.dll
 0001:00039122       GetCurrentThreadId         000000018003a122 f   kernel32:KERNEL32.dll
 0001:00039128       GetCurrentProcessId        000000018003a128 f   kernel32:KERNEL32.dll
 0001:0003912e       GetSystemTimeAsFileTime    000000018003a12e f   kernel32:KERNEL32.dll
 0002:00000000       __imp_GetSystemTimeAsFileTime 000000018003b000     kernel32:KERNEL32.dll
 0002:00000008       __imp_GetCurrentProcessId  000000018003b008     kernel32:KERNEL32.dll
 0002:00000010       __imp_GetCurrentThreadId   000000018003b010     kernel32:KERNEL32.dll
 0002:00000018       __imp_GetTickCount         000000018003b018     kernel32:KERNEL32.dll
 0002:00000020       __imp_QueryPerformanceCounter 000000018003b020     kernel32:KERNEL32.dll
 0002:00000028       __imp_DisableThreadLibraryCalls 000000018003b028     kernel32:KERNEL32.dll
 0002:00000030       __imp_RtlCaptureContext    000000018003b030     kernel32:KERNEL32.dll
 0002:00000038       __imp_RtlLookupFunctionEntry 000000018003b038     kernel32:KERNEL32.dll
 0002:00000040       __imp_RtlVirtualUnwind     000000018003b040     kernel32:KERNEL32.dll
 0002:00000048       __imp_IsDebuggerPresent    000000018003b048     kernel32:KERNEL32.dll
 0002:00000050       __imp_SetUnhandledExceptionFilter 000000018003b050     kernel32:KERNEL32.dll
 0002:00000058       __imp_UnhandledExceptionFilter 000000018003b058     kernel32:KERNEL32.dll
 0002:00000060       __imp_GetCurrentProcess    000000018003b060     kernel32:KERNEL32.dll
 0002:00000068       __imp_TerminateProcess     000000018003b068     kernel32:KERNEL32.dll
 0002:00000070       __imp_Sleep                000000018003b070     kernel32:KERNEL32.dll
 0002:00000078       __imp_DecodePointer        000000018003b078     kernel32:KERNEL32.dll
 0002:00000080       __imp_EncodePointer        000000018003b080     kernel32:KERNEL32.dll
 0002:00000088       \177KERNEL32_NULL_THUNK_DATA 000000018003b088     kernel32:KERNEL32.dll
 0002:00000090       __imp__onexit              000000018003b090     MSVCRT:MSVCR100.dll
 0002:00000098       __imp__lock                000000018003b098     MSVCRT:MSVCR100.dll
 0002:000000a0       __imp___dllonexit          000000018003b0a0     MSVCRT:MSVCR100.dll
 0002:000000a8       __imp__unlock              000000018003b0a8     MSVCRT:MSVCR100.dll
 0002:000000b0       __imp___clean_type_info_names_internal 000000018003b0b0     MSVCRT:MSVCR100.dll
 0002:000000b8       __imp___crt_debugger_hook  000000018003b0b8     MSVCRT:MSVCR100.dll
 0002:000000c0       __imp___CppXcptFilter      000000018003b0c0     MSVCRT:MSVCR100.dll
 0002:000000c8       __imp___C_specific_handler 000000018003b0c8     MSVCRT:MSVCR100.dll
 0002:000000d0       __imp__amsg_exit           000000018003b0d0     MSVCRT:MSVCR100.dll
 0002:000000d8       __imp__encoded_null        000000018003b0d8     MSVCRT:MSVCR100.dll
 0002:000000e0       __imp__initterm_e          000000018003b0e0     MSVCRT:MSVCR100.dll
 0002:000000e8       __imp__initterm            000000018003b0e8     MSVCRT:MSVCR100.dll
 0002:000000f0       __imp__malloc_crt          000000018003b0f0     MSVCRT:MSVCR100.dll
 0002:000000f8       __imp_ldexp                000000018003b0f8     MSVCRT:MSVCR100.dll
 0002:00000100       __imp__setjmp              000000018003b100     MSVCRT:MSVCR100.dll
 0002:00000108       __imp_strrchr              000000018003b108     MSVCRT:MSVCR100.dll
 0002:00000110       __imp_ceil                 000000018003b110     MSVCRT:MSVCR100.dll
 0002:00000118       __imp_strncmp              000000018003b118     MSVCRT:MSVCR100.dll
 0002:00000120       __imp_longjmp              000000018003b120     MSVCRT:MSVCR100.dll
 0002:00000128       __imp_strncpy              000000018003b128     MSVCRT:MSVCR100.dll
 0002:00000130       __imp_memcpy               000000018003b130     MSVCRT:MSVCR100.dll
 0002:00000138       __imp_strcat               000000018003b138     MSVCRT:MSVCR100.dll
 0002:00000140       __imp_strlen               000000018003b140     MSVCRT:MSVCR100.dll
 0002:00000148       __imp_malloc               000000018003b148     MSVCRT:MSVCR100.dll
 0002:00000150       __imp_sprintf              000000018003b150     MSVCRT:MSVCR100.dll
 0002:00000158       __imp_free                 000000018003b158     MSVCRT:MSVCR100.dll
 0002:00000160       __imp_strcmp               000000018003b160     MSVCRT:MSVCR100.dll
 0002:00000168       __imp_memset               000000018003b168     MSVCRT:MSVCR100.dll
 0002:00000170       \177MSVCR100_NULL_THUNK_DATA 000000018003b170     MSVCRT:MSVCR100.dll
 0002:00000178       __imp_emlrtIsEnumR2009a    000000018003b178     libemlrt:libemlrt.dll
 0002:00000180       __imp_emlrtGetEnumUnderlyingArrayR2009a 000000018003b180     libemlrt:libemlrt.dll
 0002:00000188       __imp_emlrtTranslateUTF16MessagetoLCPstring 000000018003b188     libemlrt:libemlrt.dll
 0002:00000190       __imp_emlrtForLoopVectorIsValidR2011b 000000018003b190     libemlrt:libemlrt.dll
 0002:00000198       __imp_emlrtTranslateMessageIDtoLCPstring 000000018003b198     libemlrt:libemlrt.dll
 0002:000001a0       __imp_emlrtExtractMessageId 000000018003b1a0     libemlrt:libemlrt.dll
 0002:000001a8       __imp_emlrtNameCapturePostProcessR2012a 000000018003b1a8     libemlrt:libemlrt.dll
 0002:000001b0       __imp_emlrtImportVsFiArrayR2009b 000000018003b1b0     libemlrt:libemlrt.dll
 0002:000001b8       __imp_emlrtCreateReference 000000018003b1b8     libemlrt:libemlrt.dll
 0002:000001c0       __imp_emlrtGetEnumElementR2009a 000000018003b1c0     libemlrt:libemlrt.dll
 0002:000001c8       __imp_emlrtCreateEnumR2012b 000000018003b1c8     libemlrt:libemlrt.dll
 0002:000001d0       __imp_emlrtCheckEnumR2012b 000000018003b1d0     libemlrt:libemlrt.dll
 0002:000001d8       __imp_emlrtCheckVsBuiltInR2012b 000000018003b1d8     libemlrt:libemlrt.dll
 0002:000001e0       __imp_emlrtCheckBuiltInR2012b 000000018003b1e0     libemlrt:libemlrt.dll
 0002:000001e8       __imp_emlrtDestroyRootTLS  000000018003b1e8     libemlrt:libemlrt.dll
 0002:000001f0       __imp_emlrtCreateRootTLS   000000018003b1f0     libemlrt:libemlrt.dll
 0002:000001f8       \177libemlrt_NULL_THUNK_DATA 000000018003b1f8     libemlrt:libemlrt.dll
 0002:00000200       __imp_ssRegisterDataTypeFxpScaledDouble 000000018003b200     libfixedpoint:libfixedpoint.dll
 0002:00000208       __imp_ssRegisterDataTypeFxpFSlopeFixExpBias 000000018003b208     libfixedpoint:libfixedpoint.dll
 0002:00000210       \177libfixedpoint_NULL_THUNK_DATA 000000018003b210     libfixedpoint:libfixedpoint.dll
 0002:00000218       __imp_mexLock              000000018003b218     libmex:libmex.dll
 0002:00000220       __imp_mexMakeMemoryPersistent 000000018003b220     libmex:libmex.dll
 0002:00000228       __imp_mexFunctionName      000000018003b228     libmex:libmex.dll
 0002:00000230       __imp_mexGetVariable       000000018003b230     libmex:libmex.dll
 0002:00000238       __imp_mexPutVariable       000000018003b238     libmex:libmex.dll
[...]
 0001:0000edf0       sf_mex_check_complex       000000018000fdf0 f   sfc_mex:sfc_mex.obj
 0001:0000ee80       sf_mex_check_sparse        000000018000fe80 f   sfc_mex:sfc_mex.obj
 0001:0000eee0       sf_mex_check_numerictype   000000018000fee0 f   sfc_mex:sfc_mex.obj
 0001:0000f070       sf_mex_check_fimath        0000000180010070 f   sfc_mex:sfc_mex.obj
 0001:0000fbd0       size_mismatch_error        0000000180010bd0 f   sfc_mex:sfc_mex.obj
 0001:00010640       check_array_dimensions     0000000180011640 f   sfc_mex:sfc_mex.obj
 0001:000106b0       check_input_mxarray        00000001800116b0 f   sfc_mex:sfc_mex.obj
 0001:00010df0       sf_numeric_value_to_double 0000000180011df0 f   sfc_mex:sfc_mex.obj
 0001:00010e40       ml_generic_out_of_bounds_check 0000000180011e40 f   sfc_mex:sfc_mex.obj
 0001:00011000       ml_get_element_value_from_array 0000000180012000 f   sfc_mex:sfc_mex.obj
 0001:000113a0       _ml_generic_castability_check 00000001800123a0 f   sfc_mex:sfc_mex.obj
 0001:00011af0       ml_generic_castability_check 0000000180012af0 f   sfc_mex:sfc_mex.obj
 0001:00011b90       ml_check_mx_array_for_single_castability 0000000180012b90 f   sfc_mex:sfc_mex.obj
 0001:00011c30       ml_check_mx_array_for_logical_castability 0000000180012c30 f   sfc_mex:sfc_mex.obj
 0001:00011cd0       ml_check_mx_array_for_int8_castability 0000000180012cd0 f   sfc_mex:sfc_mex.obj
 0001:00011d80       ml_check_mx_array_for_uint8_castability 0000000180012d80 f   sfc_mex:sfc_mex.obj
 0001:00011de0       ml_check_mx_array_for_int16_castability 0000000180012de0 f   sfc_mex:sfc_mex.obj
 0001:00011e40       ml_check_mx_array_for_uint16_castability 0000000180012e40 f   sfc_mex:sfc_mex.obj
 0001:00011ea0       ml_check_mx_array_for_int32_castability 0000000180012ea0 f   sfc_mex:sfc_mex.obj
 0001:00011f00       ml_check_mx_array_for_uint32_castability 0000000180012f00 f   sfc_mex:sfc_mex.obj
 0001:00011f60       ml_check_mx_array_for_castability 0000000180012f60 f   sfc_mex:sfc_mex.obj
 0001:00012780       set_data_value             0000000180013780 f   sfc_mex:sfc_mex.obj
 0001:00012af0       get_data_value             0000000180013af0 f   sfc_mex:sfc_mex.obj
 0001:00012c00       get_next_element_address   0000000180013c00 f   sfc_mex:sfc_mex.obj
 0001:00012cd0       sf_normalize_index         0000000180013cd0 f   sfc_mex:sfc_mex.obj
 0001:00013080       ml_array_index_bound_check 0000000180014080 f   sfc_mex:sfc_mex.obj
 0001:00013c00       mx_value                   0000000180014c00 f   sfc_mex:sfc_mex.obj
 0001:00013c50       sf_create_numeric_array    0000000180014c50 f   sfc_mex:sfc_mex.obj
 0001:00013cf0       sf_mex_assign_to_mx_array  0000000180014cf0 f   sfc_mex:sfc_mex.obj
 0001:00014060       assign_from_mx_array       0000000180015060 f   sfc_mex:sfc_mex.obj
 0001:000147c0       sf_mex_import_v            00000001800157c0 f   sfc_mex:sfc_mex.obj
 0001:00014ed0       get_machine_and_chart_file_number 0000000180015ed0 f   sfc_mex:sfc_sf.obj
 0001:00014fc0       get_sfun_block_specialization 0000000180015fc0 f   sfc_mex:sfc_sf.obj
 0001:00015070       call_sf_machine_global_method_dispatcher 0000000180016070 f   sfc_mex:sfc_sf.obj
 0001:000152c0       mdl_zeroCrossings_processing 00000001800162c0 f   sfc_mex:sfc_sf.obj
 0001:000153a0       mdl_derivatives_processing 00000001800163a0 f   sfc_mex:sfc_sf.obj
 0001:00015680       mdl_outputs_continuous_legacy 0000000180016680 f   sfc_mex:sfc_sf.obj
 0001:00015700       mdl_outputs_processing     0000000180016700 f   sfc_mex:sfc_sf.obj
 0001:00015970       mdl_enable_processing      0000000180016970 f   sfc_mex:sfc_sf.obj
 0001:00015a50       mdl_disable_processing     0000000180016a50 f   sfc_mex:sfc_sf.obj
 0001:000168e0       sf_call_output_fcn_enable_disable 00000001800178e0 f   sfc_mex:sfc_sf.obj
 0001:00016b60       set_dwork_information_from_mx_array 0000000180017b60 f   sfc_mex:sfc_sf.obj
 0001:00017450       ptr2mxStruct               0000000180018450 f   sfc_mex:sfc_sf.obj
 0001:00017760       SNPRINTF_WRAPPER           0000000180018760 f   sfc_debug:sfcdebug.obj
 0001:00017790       sf_debug_chart_instance_initialized 0000000180018790 f   sfc_debug:sfcdebug.obj
 0001:00017930       sfrtAddSize                0000000180018930 f   sfc_debug:sfcdebug.obj
 0001:000179f0       sfrtGenSizeString          00000001800189f0 f   sfc_debug:sfcdebug.obj
 0001:00018140       fill_single_message_info   0000000180019140 f   sfc_debug:sfcdebug.obj
 0001:000183c0       sf_debug_sim_status_listener 00000001800193c0 f   sfc_debug:sfcdebug.obj
 0001:00018950       sf_debug_form_mask_bits    0000000180019950 f   sfc_debug:sfcdebug.obj
 0001:00018970       sf_debug_form_sf_data_type_offsets 0000000180019970 f   sfc_debug:sfcdebug.obj
 0001:00018a30       sf_debug_free_all          0000000180019a30 f   sfc_debug:sfcdebug.obj
 0001:00018bc0       sf_debug_append_debugger_context 0000000180019bc0 f   sfc_debug:sfcdebug.obj
 0001:00018f30       local_strdup               0000000180019f30 f   sfc_debug:sfcdebug.obj
 0001:00019eb0       sf_debug_em_terminate      000000018001aeb0 f   sfc_debug:sfcdebug.obj
 0001:00019ef0       sf_debug_push_eml_function 000000018001aef0 f   sfc_debug:sfcdebug.obj
 0001:00019f90       sf_debug_pop_eml_function  000000018001af90 f   sfc_debug:sfcdebug.obj
 0001:0001ac30       sf_debug_get_machine_number_from_id_or_name 000000018001bc30 f   sfc_debug:sfcdebug.obj
 0001:0001ad80       sf_debug_get_chart_number_from_id 000000018001bd80 f   sfc_debug:sfcdebug.obj
 0001:0001bb60       sf_debug_transfer_control_to_debugger_GUI 000000018001cb60 f   sfc_debug:sfcdebug.obj
 0001:0001cad0       sf_debug_scripts_rehash    000000018001dad0 f   sfc_debug:sfcdebug.obj
 0001:0001cce0       sf_debug_get_script_line_count 000000018001dce0 f   sfc_debug:sfcdebug.obj
 0001:0001d730       cv_eml_state_cvId          000000018001e730 f   sfc_debug:sfcdebug.obj
 0001:0001d7a0       cv_eml_trans_cvId          000000018001e7a0 f   sfc_debug:sfcdebug.obj
 0001:0001ec20       sf_debug_data_array_bounds_error 000000018001fc20 f   sfc_debug:sfcdebug.obj
 0001:0001efd0       eml_debug_runtime_error_doclink 000000018001ffd0 f   sfc_debug:sfcdebug.obj
 0001:0001f140       sf_debug_runtime_error     0000000180020140 f   sfc_debug:sfcdebug.obj
 0001:0001f1b0       sf_debug_matlab_error      00000001800201b0 f   sfc_debug:sfcdebug.obj
 0001:0001fb20       sf_debug_data_value_error  0000000180020b20 f   sfc_debug:sfcdebug.obj
 0001:000203f0       sf_debug_data_loss_error   00000001800213f0 f   sfc_debug:sfcdebug.obj
 0001:00021310       call_cv_range_check        0000000180022310 f   sfc_debug:sfcdebug.obj
 0001:00021b70       sf_debug_invoke_cycle_detection_code 0000000180022b70 f   sfc_debug:sfcdebug.obj
 0001:000226e0       sf_reset_debug_info_struct 00000001800236e0 f   sfc_debug:sfcdebug.obj
 0001:00022ed0       cv_script_cvId             0000000180023ed0 f   sfc_debug:sfcdebug.obj
 0001:00024090       sfc_api_chart_visible      0000000180025090 f   sfc_debug:sfc_api.obj
 0001:00024120       sfc_api_active_instance    0000000180025120 f   sfc_debug:sfc_api.obj
 0001:000241b0       sfc_api_machine_load       00000001800251b0 f   sfc_debug:sfc_api.obj
 0001:000242a0       sfc_api_debugger_alive     00000001800252a0 f   sfc_debug:sfc_api.obj
 0001:000242b0       sfc_api_go                 00000001800252b0 f   sfc_debug:sfc_api.obj
 0001:000242c0       sfc_api_step_over          00000001800252c0 f   sfc_debug:sfc_api.obj
 0001:000242d0       sfc_api_step_out           00000001800252d0 f   sfc_debug:sfc_api.obj
 0001:000242e0       sfc_api_resume             00000001800252e0 f   sfc_debug:sfc_api.obj
 0001:000242f0       sfc_api_break              00000001800252f0 f   sfc_debug:sfc_api.obj
 0001:00024300       sfc_api_stop_debugging     0000000180025300 f   sfc_debug:sfc_api.obj
 0001:00024360       sfc_api_is_cycle_detected  0000000180025360 f   sfc_debug:sfc_api.obj
 0001:000243c0       sfc_api_is_array_bounds_detected 00000001800253c0 f   sfc_debug:sfc_api.obj
 0001:00024420       sfc_api_set_disable_all_breakpoints 0000000180025420 f   sfc_debug:sfc_api.obj
 0001:000244a0       sfc_api_disable_all_breakpoints_and_go 00000001800254a0 f   sfc_debug:sfc_api.obj
 0001:000244b0       sfc_api_close              00000001800254b0 f   sfc_debug:sfc_api.obj
 0001:000244c0       sfc_api_browse_data        00000001800254c0 f   sfc_debug:sfc_api.obj
 0001:00024540       sfc_api_watch_data         0000000180025540 f   sfc_debug:sfc_api.obj
 0001:00024650       sfc_api_extract_message_post_receive_info 0000000180025650 f   sfc_debug:sfc_api.obj
 0001:00024670       sfc_api_assign_data        0000000180025670 f   sfc_debug:sfc_api.obj
 0001:00024720       sfc_api_whos               0000000180025720 f   sfc_debug:sfc_api.obj
 0001:000247b0       sfc_api_get_consistency_info 00000001800257b0 f   sfc_debug:sfc_api.obj
 0001:000247c0       sfc_api_browse_trace       00000001800257c0 f   sfc_debug:sfc_api.obj
 0001:000247d0       sfc_api_break_on_chart_entry 00000001800257d0 f   sfc_debug:sfc_api.obj
 0001:00024800       sfc_api_break_on_event_broadcast 0000000180025800 f   sfc_debug:sfc_api.obj
 0001:00024830       sfc_api_break_on_state_entry 0000000180025830 f   sfc_debug:sfc_api.obj
 0001:00024860       sfc_api_set_watch          0000000180025860 f   sfc_debug:sfc_api.obj
 0001:00024910       sfc_api_set_breakpoints    0000000180025910 f   sfc_debug:sfc_api.obj
 0001:000249d0       sfc_api_set_eml_breakpoints 00000001800259d0 f   sfc_debug:sfc_api.obj
 0001:00024a70       sfc_api_set_script_breakpoints 0000000180025a70 f   sfc_debug:sfc_api.obj
 0001:00024ad0       sfc_api_add_script_breakpoints 0000000180025ad0 f   sfc_debug:sfc_api.obj
 0001:00024b30       sfc_api_clear_script_breakpoints 0000000180025b30 f   sfc_debug:sfc_api.obj
 0001:00024b90       sfc_api_query_script_breakpoints 0000000180025b90 f   sfc_debug:sfc_api.obj
 0001:00024c00       sfc_api_get_script_id      0000000180025c00 f   sfc_debug:sfc_api.obj
 0001:00024cc0       sfc_api_get_active_states  0000000180025cc0 f   sfc_debug:sfc_api.obj
 0001:00024d50       sfc_api_break_between_times 0000000180025d50 f   sfc_debug:sfc_api.obj
 0001:00024dc0       sfc_api_get_instance_handle 0000000180025dc0 f   sfc_debug:sfc_api.obj
 0001:00024e90       sfc_api_set_animation      0000000180025e90 f   sfc_debug:sfc_api.obj
 0001:00024ee0       sfc_api_select_chart       0000000180025ee0 f   sfc_debug:sfc_api.obj
 0001:00024f50       sfc_api_select_charts      0000000180025f50 f   sfc_debug:sfc_api.obj
 0001:00024f80       sfc_api_cycle_detection_check 0000000180025f80 f   sfc_debug:sfc_api.obj
 0001:00024fd0       sfc_api_data_range_check   0000000180025fd0 f   sfc_debug:sfc_api.obj
 0001:00025020       sfc_api_transition_conflict_check 0000000180026020 f   sfc_debug:sfc_api.obj
 0001:00025070       sfc_api_state_consistency_check 0000000180026070 f   sfc_debug:sfc_api.obj
 0001:000250c0       sfc_api_set_instance_cv_ids 00000001800260c0 f   sfc_debug:sfc_api.obj
 0001:000251f0       sfc_api_set_script_cv_ids  00000001800261f0 f   sfc_debug:sfc_api.obj
 0001:000252c0       sfc_api_get_current_machine_id 00000001800262c0 f   sfc_debug:sfc_api.obj
 0001:000252f0       sfc_api_get_current_machine_number 00000001800262f0 f   sfc_debug:sfc_api.obj
 0001:00025320       sfc_api_get_current_chart_number 0000000180026320 f   sfc_debug:sfc_api.obj
 0001:00025350       sfc_api_get_current_instance_number 0000000180026350 f   sfc_debug:sfc_api.obj
 0001:00025380       sfc_api_get_current_instance_handle 0000000180026380 f   sfc_debug:sfc_api.obj
 0001:000253a0       sfc_api_get_current_is_minor_time_step 00000001800263a0 f   sfc_debug:sfc_api.obj
 0001:000253d0       sfc_api_get_current_machine_name 00000001800263d0 f   sfc_debug:sfc_api.obj
 0001:000253f0       sfc_api_get_current_chart_id 00000001800263f0 f   sfc_debug:sfc_api.obj
 0001:00025420       sfc_api_get_current_object_type 0000000180026420 f   sfc_debug:sfc_api.obj
 0001:00025450       sfc_api_get_current_event_type 0000000180026450 f   sfc_debug:sfc_api.obj
 0001:00025480       sfc_api_get_current_object_id 0000000180026480 f   sfc_debug:sfc_api.obj
 0001:000254b0       sfc_get_current_active_event_type 00000001800264b0 f   sfc_debug:sfc_api.obj
 0001:000254e0       sfc_api_get_current_active_event_id 00000001800264e0 f   sfc_debug:sfc_api.obj
 0001:00025510       sfc_api_get_current_simulation_time 0000000180026510 f   sfc_debug:sfc_api.obj
 0001:00025530       sfc_get_current_tag_type   0000000180026530 f   sfc_debug:sfc_api.obj
 0001:00025560       sfc_get_current_coverage_percentage 0000000180026560 f   sfc_debug:sfc_api.obj
 0001:00025580       sfc_get_current_statement_context 0000000180026580 f   sfc_debug:sfc_api.obj
 0001:000255a0       sfc_get_current_optional_integer 00000001800265a0 f   sfc_debug:sfc_api.obj
 0001:000255d0       sfc_get_current_statement_info 00000001800265d0 f   sfc_debug:sfc_api.obj
 0001:00025670       sfc_api_get                0000000180026670 f   sfc_debug:sfc_api.obj
 0001:000262d0       sf_debug_sm_fill_state_activity_data 00000001800272d0 f   sfc_debug:sfdb_animation.obj
 0001:00028b10       void_ptr_stack_vector_free_total 0000000180029b10 f   sfc_debug:sfdb_data_browse.obj
 0001:00028b90       sf_debug_st_terminate_machine 0000000180029b90 f   sfc_debug:sfdb_data_browse.obj
 0001:00028bd0       sf_debug_st_terminate_instance 0000000180029bd0 f   sfc_debug:sfdb_data_browse.obj
 0001:00028f80       push_on_to_void_ptr_stack  0000000180029f80 f   sfc_debug:sfdb_data_browse.obj
 0001:00029110       pop_from_void_ptr_stack    000000018002a110 f   sfc_debug:sfdb_data_browse.obj
 0001:00029240       sf_debug_st_get_data_value 000000018002a240 f   sfc_debug:sfdb_data_browse.obj
 0001:00029770       mx_value                   000000018002a770 f   sfc_debug:sfdb_data_browse.obj
 0001:000297b0       sf_debug_st_fill_data_struct 000000018002a7b0 f   sfc_debug:sfdb_data_browse.obj
 0001:00029af0       data_type_format_strings   000000018002aaf0 f   sfc_debug:sfdb_data_browse.obj
 0001:00029ba0       sf_debug_st_fill_data      000000018002aba0 f   sfc_debug:sfdb_data_browse.obj
 0001:0002a890       sf_debug_hm_get_simulink_handle 000000018002b890 f   sfc_debug:sfdb_handle_management.obj
 0001:0002b340       sf_debug_hm_initialize_globals 000000018002c340 f   sfc_debug:sfdb_handle_management.obj
 0001:0002b440       sf_debug_hm_get_machine_debug_flag 000000018002c440 f   sfc_debug:sfdb_handle_management.obj
 0001:0002b5b0       sf_debug_hm_get_machine_id 000000018002c5b0 f   sfc_debug:sfdb_handle_management.obj
 0001:0002b6d0       sf_debug_hm_get_chart_id   000000018002c6d0 f   sfc_debug:sfdb_handle_management.obj
 0001:0002b870       sf_debug_hm_register_executing_SFunction 000000018002c870 f   sfc_debug:sfdb_handle_management.obj
 0001:0002bc00       sf_debug_hm_form_object_boolean_properties 000000018002cc00 f   sfc_debug:sfdb_handle_management.obj
 0001:0002bed0       sf_debug_hm_form_object_properties 000000018002ced0 f   sfc_debug:sfdb_handle_management.obj
 0001:0002c110       sf_debug_hm_terminate_charts 000000018002d110 f   sfc_debug:sfdb_handle_management.obj
 0001:0002c7f0       sf_debug_hm_terminate_machines 000000018002d7f0 f   sfc_debug:sfdb_handle_management.obj
 0001:0002e260       sf_debug_ss_copy_dimension 000000018002f260 f   sfc_debug:sfdb_symbol_scope.obj
 0001:0002e320       sf_debug_ss_get_number_elements 000000018002f320 f   sfc_debug:sfdb_symbol_scope.obj
 0001:0002e340       sf_debug_ss_fill_data_struct 000000018002f340 f   sfc_debug:sfdb_symbol_scope.obj
 0001:0002e690       sf_debug_ss_reset_data_info 000000018002f690 f   sfc_debug:sfdb_symbol_scope.obj
 0001:0002e6f0       sf_debug_fill_data_info_by_symbol_scope_entry 000000018002f6f0 f   sfc_debug:sfdb_symbol_scope.obj
 0001:0002e7b0       sf_debug_fill_data_info_by_data_vector 000000018002f7b0 f   sfc_debug:sfdb_symbol_scope.obj
 0001:0002ea00       get_data_info_helper       000000018002fa00 f   sfc_debug:sfdb_symbol_scope.obj
 0001:0002ecf0       sf_debug_ss_get_data_info  000000018002fcf0 f   sfc_debug:sfdb_symbol_scope.obj
 0001:0002ef10       sf_debug_select_mex_function 000000018002ff10 f   sfc_debug:sfdb_symbol_scope.obj
 0001:0002ef40       sf_debug_is_dyn_matrix_initialized 000000018002ff40 f   sfc_debug:sfdb_symbol_scope.obj
 0001:0002ef60       sf_debug_ss_set_data_value_try 000000018002ff60 f   sfc_debug:sfdb_symbol_scope.obj
 0001:0002f150       sf_debug_ss_get_data_value 0000000180030150 f   sfc_debug:sfdb_symbol_scope.obj
 0001:0002f8b0       sf_debug_ss_data_bytes_string 00000001800308b0 f   sfc_debug:sfdb_symbol_scope.obj
 0001:0002f940       sf_debug_ss_data_class_string 0000000180030940 f   sfc_debug:sfdb_symbol_scope.obj
 0001:0002fcc0       sf_debug_ss_data_size_string 0000000180030cc0 f   sfc_debug:sfdb_symbol_scope.obj
 0001:0002fda0       sf_debug_ss_data_create_data_info_struct 0000000180030da0 f   sfc_debug:sfdb_symbol_scope.obj
 0001:00030050       sf_debug_ss_data_create_name_value_pair 0000000180031050 f   sfc_debug:sfdb_symbol_scope.obj
 0001:000300f0       sf_debug_ss_data_get_whos_info 00000001800310f0 f   sfc_debug:sfdb_symbol_scope.obj
 0001:00030100       same_named_data_in_data_array 0000000180031100 f   sfc_debug:sfdb_symbol_scope.obj
 0001:00031890       sf_debug_cc_terminate_chart 0000000180032890 f   sfc_debug:sfdb_coverage.obj
 0001:00031ba0       sf_debug_cc_terminate_instance 0000000180032ba0 f   sfc_debug:sfdb_coverage.obj
 0001:00032770       sf_debug_cc_mark_object_if_needed 0000000180033770 f   sfc_debug:sfdb_coverage.obj
 0001:00032ff0       sf_debug_bm_initialize_eml 0000000180033ff0 f   sfc_debug:sfdb_breakpoints.obj
 0001:000340b0       sf_debug_bm_map_debug_tag_to_breakpoint_tag 00000001800350b0 f   sfc_debug:sfdb_breakpoints.obj
 0001:00034190       sf_debug_bm_is_a_eml_breakpoint_impl 0000000180035190 f   sfc_debug:sfdb_breakpoints.obj
 0001:00035ac0       sf_debug_sc_push_on_error_stack 0000000180036ac0 f   sfc_debug:sfdb_state_consistency.obj
 0001:00035be0       sf_debug_sc_reset_error_stack 0000000180036be0 f   sfc_debug:sfdb_state_consistency.obj
 0001:00035d70       sf_debug_sc_is_state_inconsistent 0000000180036d70 f   sfc_debug:sfdb_state_consistency.obj
 0001:00036060       sf_debug_sc_fill_consistency_info 0000000180037060 f   sfc_debug:sfdb_state_consistency.obj
 0001:00036600       void_assertion_fcn         0000000180037600 f   sfc_debug:sfdb_call_stack.obj
 0001:00036b50       sf_debug_tm_fill_local_trace 0000000180037b50 f   sfc_debug:sfdb_call_stack.obj
 0001:000370f0       sf_debug_cd_terminate_instance 00000001800380f0 f   sfc_debug:sfdb_cycle_detection.obj
 0001:00037150       sf_debug_cd_free_checksum_stack 0000000180038150 f   sfc_debug:sfdb_cycle_detection.obj
 0001:000371a0       sf_debug_cd_reset_pack_strings 00000001800381a0 f   sfc_debug:sfdb_cycle_detection.obj
 0001:00037840       md5file_clear              0000000180038840 f   sfc_debug:ckmd5.obj
 0001:00037870       Encode                     0000000180038870 f   sfc_debug:ckmd5.obj
 0001:000378c0       Decode                     00000001800388c0 f   sfc_debug:ckmd5.obj
 0001:00037960       MD5Transform               0000000180038960 f   sfc_debug:ckmd5.obj
 0001:000381c0       md5file_addn               00000001800391c0 f   sfc_debug:ckmd5.obj
 0001:00038290       md5file_hash               0000000180039290 f   sfc_debug:ckmd5.obj
 0001:00038788       pre_c_init                 0000000180039788 f   MSVCRT:crtdll.obj
 0001:00038a44       __DllMainCRTStartup        0000000180039a44 f   MSVCRT:crtdll.obj
 0001:00039140       __DllMainCRTStartup$filt$0 000000018003a140 f   MSVCRT:crtdll.obj
 0001:00039170       __DllMainCRTStartup$fin$1  000000018003a170 f   MSVCRT:crtdll.obj
 0001:0003918a       _onexit$fin$0              000000018003a18a f   MSVCRT:atonexit.obj
 0001:000391b0       _IsNonwritableInCurrentImage$filt$0 000000018003a1b0 f   MSVCRT:pesect.obj
