 four_states_sym_sfun

 Timestamp is 550bdc67 (Fri Mar 20 14:07:59 2015)

 Preferred load address is 0000000180000000

 Start         Length     Name                   Class
 0001:00000000 000390d4H .text                   CODE
 0001:000390e0 00000092H .text$x                 CODE
 0002:00000000 00000488H .idata$5                DATA
 0002:00000488 00000008H .CRT$XCA                DATA
 0002:00000490 00000008H .CRT$XCZ                DATA
 0002:00000498 00000008H .CRT$XIA                DATA
 0002:000004a0 00000008H .CRT$XIAA               DATA
 0002:000004a8 00000008H .CRT$XIZ                DATA
 0002:000004b0 00004b0cH .rdata                  DATA
 0002:00004fc0 00000008H .rtc$IAA                DATA
 0002:00004fc8 00000008H .rtc$IZZ                DATA
 0002:00004fd0 00000008H .rtc$TAA                DATA
 0002:00004fd8 00000008H .rtc$TZZ                DATA
 0002:00004fe0 0000418cH .xdata                  DATA
 0002:0000916c 0000008cH .idata$2                DATA
 0002:000091f8 00000014H .idata$3                DATA
 0002:00009210 00000488H .idata$4                DATA
 0002:00009698 00000a9eH .idata$6                DATA
 0002:0000a140 0000005aH .edata                  DATA
 0003:00000000 000014e8H .data                   DATA
 0003:00001500 00002438H .bss                    DATA
 0004:00000000 00003150H .pdata                  DATA

  Address         Publics by Value              Rva+Base               Lib:Object

 0000:00000000       ___safe_se_handler_table   0000000000000000     <absolute>
 0000:00000000       ___safe_se_handler_count   0000000000000000     <absolute>
 0000:00000000       __ImageBase                0000000180000000     <linker-defined>
 0001:00000000       sf_c1_four_states_sym_get_eml_resolved_functions_info 0000000180001000 f   c1_four_states_sym.obj
 0001:00000080       sf_c1_four_states_sym_get_check_sum 0000000180001080 f   c1_four_states_sym.obj
 0001:00000100       sf_c1_four_states_sym_get_autoinheritance_info 0000000180001100 f   c1_four_states_sym.obj
 0001:000003a0       sf_c1_four_states_sym_third_party_uses_info 00000001800013a0 f   c1_four_states_sym.obj
 0001:000003d0       sf_internal_get_sim_state_c1_four_states_sym 00000001800013d0 f   c1_four_states_sym.obj
 0001:00000840       sf_internal_set_sim_state_c1_four_states_sym 0000000180001840 f   c1_four_states_sym.obj
 0001:000014d0       c1_four_states_sym_method_dispatcher 00000001800024d0 f   c1_four_states_sym.obj
 0001:00006f60       sf_process_check_sum_call  0000000180007f60 f   four_states_sym_sfun_registry.obj
 0001:00006fb0       sf_process_autoinheritance_call 0000000180007fb0 f   four_states_sym_sfun_registry.obj
 0001:00007150       sf_process_get_third_party_uses_info_call 0000000180008150 f   four_states_sym_sfun_registry.obj
 0001:000072f0       sf_process_get_eml_resolved_functions_info_call 00000001800082f0 f   four_states_sym_sfun_registry.obj
 0001:00007470       sf_mex_unlock_call         0000000180008470 f   four_states_sym_sfun_registry.obj
 0001:00007520       sf_machine_global_initializer_called 0000000180008520 f   four_states_sym_sfun_registry.obj
 0001:00007550       sf_machine_global_method_dispatcher 0000000180008550 f   four_states_sym_sfun_registry.obj
 0001:000075b0       sf_machine_global_terminator 00000001800085b0 f   four_states_sym_sfun_registry.obj
 0001:00007600       sf_register_machine_exported_symbols 0000000180008600 f   four_states_sym_sfun_registry.obj
 0001:00007620       callCustomFcn              0000000180008620 f   four_states_sym_sfun_registry.obj
 0001:00007630       sf_machine_global_initializer 0000000180008630 f   four_states_sym_sfun_registry.obj
 0001:000076b0       _ssSetStateAbsTol          00000001800086b0 f   four_states_sym_sfun_registry.obj
 0001:00007790       _ssGetAbsTol               0000000180008790 f   four_states_sym_sfun_registry.obj
 0001:00007800       _ssSetInputPortMatrixDimensions 0000000180008800 f   four_states_sym_sfun_registry.obj
 0001:00007910       _ssSetOutputPortMatrixDimensions 0000000180008910 f   four_states_sym_sfun_registry.obj
 0001:00007a20       _ssSetInputPortVectorDimension 0000000180008a20 f   four_states_sym_sfun_registry.obj
 0001:00007af0       _ssSetOutputPortVectorDimension 0000000180008af0 f   four_states_sym_sfun_registry.obj
 0001:00007bc0       ssIsRunTimeParamTunable    0000000180008bc0 f   four_states_sym_sfun_registry.obj
 0001:00007c30       ssGetSFuncBlockHandle      0000000180008c30 f   four_states_sym_sfun_registry.obj
 0001:00007ca0       _ssGetCurrentInputPortWidth 0000000180008ca0 f   four_states_sym_sfun_registry.obj
 0001:00007dc0       _ssGetCurrentOutputPortWidth 0000000180008dc0 f   four_states_sym_sfun_registry.obj
 0001:00007ee0       _ssGetCallSystemNumFcnCallDestinations 0000000180008ee0 f   four_states_sym_sfun_registry.obj
 0001:00007f50       ssWarning                  0000000180008f50 f   four_states_sym_sfun_registry.obj
 0001:00008060       ssGetIsZeroCrossControlDisabled 0000000180009060 f   four_states_sym_sfun_registry.obj
 0001:000080d0       ssSetIsInputPortUsedForContZcSignal 00000001800090d0 f   four_states_sym_sfun_registry.obj
 0001:00008140       ssSetZcSignalIsZcElementDisc 0000000180009140 f   four_states_sym_sfun_registry.obj
 0001:000081f0       ssSetZcSignalName          00000001800091f0 f   four_states_sym_sfun_registry.obj
 0001:00008260       ssSetZcSignalWidth         0000000180009260 f   four_states_sym_sfun_registry.obj
 0001:000082d0       ssSetZcSignalZcEventType   00000001800092d0 f   four_states_sym_sfun_registry.obj
 0001:00008340       ssSetZcSignalType          0000000180009340 f   four_states_sym_sfun_registry.obj
 0001:000083b0       ssSetZcSignalZcTol         00000001800093b0 f   four_states_sym_sfun_registry.obj
 0001:00008420       ssSetZcSignalNeedsEventNotification 0000000180009420 f   four_states_sym_sfun_registry.obj
 0001:00008490       ssCreateAndAddZcSignalInfo 0000000180009490 f   four_states_sym_sfun_registry.obj
 0001:00008500       ssCloneAndAddZcSignalInfo  0000000180009500 f   four_states_sym_sfun_registry.obj
 0001:00008570       ssGetNumZcSignals          0000000180009570 f   four_states_sym_sfun_registry.obj
 0001:000085e0       ssGetZcSignalVector        00000001800095e0 f   four_states_sym_sfun_registry.obj
 0001:00008650       ssGetZcSignalZcEvents      0000000180009650 f   four_states_sym_sfun_registry.obj
 0001:000086c0       ssGetZcSignalName          00000001800096c0 f   four_states_sym_sfun_registry.obj
 0001:00008730       ssGetZcSignalWidth         0000000180009730 f   four_states_sym_sfun_registry.obj
 0001:000087a0       ssGetZcSignalZcEventType   00000001800097a0 f   four_states_sym_sfun_registry.obj
 0001:00008810       ssGetZcSignalType          0000000180009810 f   four_states_sym_sfun_registry.obj
 0001:00008880       ssGetZcSignalZcTol         0000000180009880 f   four_states_sym_sfun_registry.obj
 0001:00008900       ssGetZcSignalNeedsEventNotification 0000000180009900 f   four_states_sym_sfun_registry.obj
 0001:00008970       ssGetZcSignalIsZcElementDisc 0000000180009970 f   four_states_sym_sfun_registry.obj
 0001:00008a10       ssGetIsInputPortElementContinuous 0000000180009a10 f   four_states_sym_sfun_registry.obj
 0001:00008ab0       _ssGetInputPortSignalPtrsFcn 0000000180009ab0 f   four_states_sym_sfun_registry.obj
 0001:00008d70       _ssGetInputPortSignalFcn   0000000180009d70 f   four_states_sym_sfun_registry.obj
 0001:00008f90       _ssSetInputPortDirectFeedThroughFcn 0000000180009f90 f   four_states_sym_sfun_registry.obj
 0001:000090f0       _ssSetInputPortReusableFcn 000000018000a0f0 f   four_states_sym_sfun_registry.obj
 0001:000091e0       _ssSetOutputPortReusableFcn 000000018000a1e0 f   four_states_sym_sfun_registry.obj
 0001:000092c0       ssGetDTypeIdFromMxArray    000000018000a2c0 f   four_states_sym_sfun_registry.obj
 0001:000093e0       ssWriteRTWStr              000000018000a3e0 f   four_states_sym_sfun_registry.obj
 0001:00009440       ssWriteRTWMxVectParam      000000018000a440 f   four_states_sym_sfun_registry.obj
 0001:000094a0       ssWriteRTWMx2dMatParam     000000018000a4a0 f   four_states_sym_sfun_registry.obj
 0001:00009520       ssWriteRTWNameValuePair    000000018000a520 f   four_states_sym_sfun_registry.obj
 0001:00009a10       ssWriteRTWParameters       000000018000aa10 f   four_states_sym_sfun_registry.obj
 0001:0000a010       ssWriteRTWParamSettings    000000018000b010 f   four_states_sym_sfun_registry.obj
 0001:0000a6e0       ssWriteRTWWorkVect         000000018000b6e0 f   four_states_sym_sfun_registry.obj
 0001:0000abe0       mexFunction                000000018000bbe0 f   four_states_sym_sfun_registry.obj
 0001:0000c910       ProcessMexSfunctionEveryCall 000000018000d910 f   four_states_sym_sfun_registry.obj
 0001:0000ca80       four_states_sym_initializer 000000018000da80 f   four_states_sym_sfun.obj
 0001:0000ca90       four_states_sym_terminator 000000018000da90 f   four_states_sym_sfun.obj
 0001:0000caa0       sf_four_states_sym_method_dispatcher 000000018000daa0 f   four_states_sym_sfun.obj
 0001:0000caf0       sf_four_states_sym_process_check_sum_call 000000018000daf0 f   four_states_sym_sfun.obj
 0001:0000cf00       sf_four_states_sym_autoinheritance_info 000000018000df00 f   four_states_sym_sfun.obj
 0001:0000d070       sf_four_states_sym_get_eml_resolved_functions_info 000000018000e070 f   four_states_sym_sfun.obj
 0001:0000d1a0       sf_four_states_sym_third_party_uses_info 000000018000e1a0 f   four_states_sym_sfun.obj
 0001:0000d2f0       four_states_sym_debug_initialize 000000018000e2f0 f   four_states_sym_sfun.obj
 0001:0000d370       four_states_sym_register_exported_symbols 000000018000e370 f   four_states_sym_sfun.obj
 0001:0000d380       load_four_states_sym_optimization_info 000000018000e380 f   four_states_sym_sfun.obj
 0001:0000d3d0       unload_four_states_sym_optimization_info 000000018000e3d0 f   four_states_sym_sfun.obj
 0001:0000d4f0       sf_mex_mx_is_numeric       000000018000e4f0 f   sfc_mex:sfc_mex.obj
 0001:0000d530       strcmp_ignore_ws           000000018000e530 f   sfc_mex:sfc_mex.obj
 0001:0000d670       sf_mex_duplicatearraysafe  000000018000e670 f   sfc_mex:sfc_mex.obj
 0001:0000d7d0       sf_set_error_debugger_context_message_fcn 000000018000e7d0 f   sfc_mex:sfc_mex.obj
 0001:0000d7e0       sf_set_debugger_matlab_error_fcn 000000018000e7e0 f   sfc_mex:sfc_mex.obj
 0001:0000d820       sf_set_error_prefix_string 000000018000e820 f   sfc_mex:sfc_mex.obj
 0001:0000d850       sf_get_error_prefix_string 000000018000e850 f   sfc_mex:sfc_mex.obj
 0001:0000d860       sf_mex_enter_parallel_region 000000018000e860 f   sfc_mex:sfc_mex.obj
 0001:0000d870       sf_mex_exit_parallel_region 000000018000e870 f   sfc_mex:sfc_mex.obj
 0001:0000d880       sf_get_current_jmp_buf_ptr 000000018000e880 f   sfc_mex:sfc_mex.obj
 0001:0000d890       sf_set_current_jmp_buf_ptr 000000018000e890 f   sfc_mex:sfc_mex.obj
 0001:0000d8a0       sf_mex_set_halt_simulation 000000018000e8a0 f   sfc_mex:sfc_mex.obj
 0001:0000d8b0       sf_mex_get_halt_simulation 000000018000e8b0 f   sfc_mex:sfc_mex.obj
 0001:0000d8c0       sf_mex_clear_error_message 000000018000e8c0 f   sfc_mex:sfc_mex.obj
 0001:0000d8e0       sf_mex_get_error_message_for_read 000000018000e8e0 f   sfc_mex:sfc_mex.obj
 0001:0000d8f0       sf_mex_get_error_message_buffer_length 000000018000e8f0 f   sfc_mex:sfc_mex.obj
 0001:0000d9d0       sf_mex_warning_message     000000018000e9d0 f   sfc_mex:sfc_mex.obj
 0001:0000da40       sf_mex_v_errbuf_createf    000000018000ea40 f   sfc_mex:sfc_mex.obj
 0001:0000da50       sf_mex_errbuf_createf      000000018000ea50 f   sfc_mex:sfc_mex.obj
 0001:0000da80       sf_mex_v_errbuf_catf       000000018000ea80 f   sfc_mex:sfc_mex.obj
 0001:0000dac0       sf_mex_errbuf_catf         000000018000eac0 f   sfc_mex:sfc_mex.obj
 0001:0000db10       sf_mex_errbuf_copy         000000018000eb10 f   sfc_mex:sfc_mex.obj
 0001:0000db20       sf_mex_errbuf_clear        000000018000eb20 f   sfc_mex:sfc_mex.obj
 0001:0000db30       sf_mex_errbuf_isempty      000000018000eb30 f   sfc_mex:sfc_mex.obj
 0001:0000dc30       sf_mex_set_error_status    000000018000ec30 f   sfc_mex:sfc_mex.obj
 0001:0000dc80       sf_mex_error_direct_call   000000018000ec80 f   sfc_mex:sfc_mex.obj
 0001:0000dca0       sf_mex_error_message_no_long_jump 000000018000eca0 f   sfc_mex:sfc_mex.obj
 0001:0000dcc0       sf_mex_long_jump_on_error  000000018000ecc0 f   sfc_mex:sfc_mex.obj
 0001:0000dcf0       sf_mex_call_matlab         000000018000ecf0 f   sfc_mex:sfc_mex.obj
 0001:0000de10       sf_mex_check_builtin       000000018000ee10 f   sfc_mex:sfc_mex.obj
 0001:0000deb0       sf_mex_check_builtin_vs    000000018000eeb0 f   sfc_mex:sfc_mex.obj
 0001:0000df70       sf_mex_check_enum          000000018000ef70 f   sfc_mex:sfc_mex.obj
 0001:0000dff0       sf_mex_create_enum         000000018000eff0 f   sfc_mex:sfc_mex.obj
 0001:0000e060       sf_mex_get_enum_element    000000018000f060 f   sfc_mex:sfc_mex.obj
 0001:0000e070       sf_mex_createcellarray     000000018000f070 f   sfc_mex:sfc_mex.obj
 0001:0000e080       sf_mex_setcell             000000018000f080 f   sfc_mex:sfc_mex.obj
 0001:0000e090       sf_mex_getcell             000000018000f090 f   sfc_mex:sfc_mex.obj
 0001:0000e0a0       sf_mex_dup                 000000018000f0a0 f   sfc_mex:sfc_mex.obj
 0001:0000e0c0       sf_mex_assign              000000018000f0c0 f   sfc_mex:sfc_mex.obj
 0001:0000e140       sf_mex_destroy             000000018000f140 f   sfc_mex:sfc_mex.obj
 0001:0000e170       mx_array_has_fi_type       000000018000f170 f   sfc_mex:sfc_mex.obj
 0001:0000e1a0       sf_mex_convert_from_fi     000000018000f1a0 f   sfc_mex:sfc_mex.obj
 0001:0000e2d0       sf_mex_convert_to_double   000000018000f2d0 f   sfc_mex:sfc_mex.obj
 0001:0000e3f0       sf_mex_import_fi_vs        000000018000f3f0 f   sfc_mex:sfc_mex.obj
 0001:0000e620       sf_matrix_matrix_index_ok  000000018000f620 f   sfc_mex:sfc_mex.obj
 0001:0000e6b0       sf_vector_vector_index_ok  000000018000f6b0 f   sfc_mex:sfc_mex.obj
 0001:0000e6e0       ssGetCurrentInputPortDimensions_wrapper 000000018000f6e0 f   sfc_mex:sfc_mex.obj
 0001:0000e700       ssGetCurrentOutputPortDimensions_wrapper 000000018000f700 f   sfc_mex:sfc_mex.obj
 0001:0000e720       sf_mex_emlrt_context_is_debug_mode 000000018000f720 f   sfc_mex:sfc_mex.obj
 0001:0000e730       sf_mex_emlrt_context_set_debug_mode 000000018000f730 f   sfc_mex:sfc_mex.obj
 0001:0000e740       sf_mex_emlrtNameCapturePostProcessR2012a 000000018000f740 f   sfc_mex:sfc_mex.obj
 0001:0000e7b0       sf_clear_error_manager_info 000000018000f7b0 f   sfc_mex:sfc_mex.obj
 0001:0000e810       sf_mex_stop_simulation_abruptly_wo_error 000000018000f810 f   sfc_mex:sfc_mex.obj
 0001:0000e850       sf_mex_error_message       000000018000f850 f   sfc_mex:sfc_mex.obj
 0001:0000e8c0       sf_react_to_error_in_matlab_call 000000018000f8c0 f   sfc_mex:sfc_mex.obj
 0001:0000e8f0       sf_mex_addfield            000000018000f8f0 f   sfc_mex:sfc_mex.obj
 0001:0000e990       sf_mex_getfield            000000018000f990 f   sfc_mex:sfc_mex.obj
 0001:0000ec90       sf_mex_check_class         000000018000fc90 f   sfc_mex:sfc_mex.obj
 0001:0000ed30       sf_mex_is_real             000000018000fd30 f   sfc_mex:sfc_mex.obj
 0001:0000f1a0       sf_mex_decode_encoded_mx_struct_array 00000001800101a0 f   sfc_mex:sfc_mex.obj
 0001:0000f490       sf_mex_lw_bounds_check     0000000180010490 f   sfc_mex:sfc_mex.obj
 0001:0000f4c0       sf_mex_lw_size_eq_check_1d 00000001800104c0 f   sfc_mex:sfc_mex.obj
 0001:0000f4e0       sf_mex_lw_size_eq_check_nd 00000001800104e0 f   sfc_mex:sfc_mex.obj
 0001:0000f6c0       sf_mex_lw_dim_size_eq_check 00000001800106c0 f   sfc_mex:sfc_mex.obj
 0001:0000f6f0       sf_mex_lw_dim_size_geq_check 00000001800106f0 f   sfc_mex:sfc_mex.obj
 0001:0000f720       sf_mex_lw_sub_assign_size_check_nd 0000000180010720 f   sfc_mex:sfc_mex.obj
 0001:0000f8f0       sf_mex_lw_runtime_error_msgid 00000001800108f0 f   sfc_mex:sfc_mex.obj
 0001:0000f9e0       sf_mex_lw_matrix_matrix_index_check 00000001800109e0 f   sfc_mex:sfc_mex.obj
 0001:0000fa00       sf_mex_lw_vector_vector_index_check 0000000180010a00 f   sfc_mex:sfc_mex.obj
 0001:0000fa40       sf_mex_lw_for_loop_vector_check 0000000180010a40 f   sfc_mex:sfc_mex.obj
 0001:0000fad0       sf_mex_lw_non_negative_check 0000000180010ad0 f   sfc_mex:sfc_mex.obj
 0001:0000fb10       sf_mex_overflow_error      0000000180010b10 f   sfc_mex:sfc_mex.obj
 0001:0000fb20       sf_mex_dividebyzero_error  0000000180010b20 f   sfc_mex:sfc_mex.obj
 0001:0000fb30       sf_mex_unsafe_enum_error   0000000180010b30 f   sfc_mex:sfc_mex.obj
 0001:0000fb40       sf_emlrtErrHandler         0000000180010b40 f   sfc_mex:sfc_mex.obj
 0001:0000fc20       sf_mex_size_one_check      0000000180010c20 f   sfc_mex:sfc_mex.obj
 0001:0000fc40       sf_mex_printf              0000000180010c40 f   sfc_mex:sfc_mex.obj
 0001:0000fe10       sf_mex_check_size          0000000180010e10 f   sfc_mex:sfc_mex.obj
 0001:000100b0       sf_mex_check_struct        00000001800110b0 f   sfc_mex:sfc_mex.obj
 0001:00010310       sf_mex_check_struct_vs     0000000180011310 f   sfc_mex:sfc_mex.obj
 0001:000103a0       sf_mex_check_fi            00000001800113a0 f   sfc_mex:sfc_mex.obj
 0001:000104a0       sf_mex_check_fi_vs         00000001800114a0 f   sfc_mex:sfc_mex.obj
 0001:00010540       sf_echo_expression         0000000180011540 f   sfc_mex:sfc_mex.obj
 0001:000105a0       sf_assertion_failed        00000001800115a0 f   sfc_mex:sfc_mex.obj
 0001:00010880       sf_mex_evalin              0000000180011880 f   sfc_mex:sfc_mex.obj
 0001:00010af0       sf_mex_export              0000000180011af0 f   sfc_mex:sfc_mex.obj
 0001:00010bb0       sf_mex_get_ml_var_no_error 0000000180011bb0 f   sfc_mex:sfc_mex.obj
 0001:00010d50       sf_mex_get_ml_var          0000000180011d50 f   sfc_mex:sfc_mex.obj
 0001:000111e0       ml_set_element_value_in_array 00000001800121e0 f   sfc_mex:sfc_mex.obj
 0001:000122a0       sf_mex_call_impl           00000001800132a0 f   sfc_mex:sfc_mex.obj
 0001:000126c0       sf_mex_call_debug          00000001800136c0 f   sfc_mex:sfc_mex.obj
 0001:000126f0       sf_mex_call                00000001800136f0 f   sfc_mex:sfc_mex.obj
 0001:00012d40       sf_mex_createstruct        0000000180013d40 f   sfc_mex:sfc_mex.obj
 0001:00012e50       sf_mex_createstructarray   0000000180013e50 f   sfc_mex:sfc_mex.obj
 0001:00012ed0       sf_mex_get_mx_datatype_from_sf_datatype 0000000180013ed0 f   sfc_mex:sfc_mex.obj
 0001:000131e0       sf_mex_ml_var_sub          00000001800141e0 f   sfc_mex:sfc_mex.obj
 0001:000133c0       sf_mex_ml_var_subsasgn     00000001800143c0 f   sfc_mex:sfc_mex.obj
 0001:000137c0       sf_mex_sub                 00000001800147c0 f   sfc_mex:sfc_mex.obj
 0001:000139d0       sf_mex_subsasgn            00000001800149d0 f   sfc_mex:sfc_mex.obj
 0001:00013ee0       sf_mex_create              0000000180014ee0 f   sfc_mex:sfc_mex.obj
 0001:00014880       sf_mex_import_named        0000000180015880 f   sfc_mex:sfc_mex.obj
 0001:000148e0       sf_mex_import              00000001800158e0 f   sfc_mex:sfc_mex.obj
 0001:00014930       sf_mex_import_vs           0000000180015930 f   sfc_mex:sfc_mex.obj
 0001:00014a40       sf_mex_lower_fixpt_mx_array 0000000180015a40 f   sfc_mex:sfc_mex.obj
 0001:00014d40       sf_send_message_wrapper    0000000180015d40 f   sfc_mex:sfc_sf.obj
 0001:00014d70       sf_receive_message_wrapper 0000000180015d70 f   sfc_mex:sfc_sf.obj
 0001:00014db0       sf_check_out_message_wrapper 0000000180015db0 f   sfc_mex:sfc_sf.obj
 0001:00014df0       sf_check_in_message_wrapper 0000000180015df0 f   sfc_mex:sfc_sf.obj
 0001:00014e30       sf_no_message_wrapper      0000000180015e30 f   sfc_mex:sfc_sf.obj
 0001:000151c0       sim_mode_is_rtw_gen        00000001800161c0 f   sfc_mex:sfc_sf.obj
 0001:000151f0       sim_mode_is_external       00000001800161f0 f   sfc_mex:sfc_sf.obj
 0001:00015200       sim_mode_is_modelref_sim   0000000180016200 f   sfc_mex:sfc_sf.obj
 0001:00015220       mdlInitializeSizes         0000000180016220 f   sfc_mex:sfc_sf.obj
 0001:00015240       mdlInitializeSampleTimes   0000000180016240 f   sfc_mex:sfc_sf.obj
 0001:00015280       mdlZeroCrossings           0000000180016280 f   sfc_mex:sfc_sf.obj
 0001:00015370       mdlDerivatives             0000000180016370 f   sfc_mex:sfc_sf.obj
 0001:00015430       mdl_initialize_conditions_processing 0000000180016430 f   sfc_mex:sfc_sf.obj
 0001:00015460       mdlInitializeConditions    0000000180016460 f   sfc_mex:sfc_sf.obj
 0001:00015520       mdlGetSimState             0000000180016520 f   sfc_mex:sfc_sf.obj
 0001:00015530       mdlSetSimState             0000000180016530 f   sfc_mex:sfc_sf.obj
 0001:00015540       mdl_ext_mode_exec_processing 0000000180016540 f   sfc_mex:sfc_sf.obj
 0001:00015560       mdlExtModeExec             0000000180016560 f   sfc_mex:sfc_sf.obj
 0001:00015700       mdlTerminate               0000000180016700 f   sfc_mex:sfc_sf.obj
 0001:00015770       mdlRTW                     0000000180016770 f   sfc_mex:sfc_sf.obj
 0001:000157a0       mdlSetWorkWidths           00000001800167a0 f   sfc_mex:sfc_sf.obj
 0001:000157b0       mdlProcessParameters       00000001800167b0 f   sfc_mex:sfc_sf.obj
 0001:000157c0       mdl_start_processing       00000001800167c0 f   sfc_mex:sfc_sf.obj
 0001:00015820       mdlStart                   0000000180016820 f   sfc_mex:sfc_sf.obj
 0001:00015930       mdlEnable                  0000000180016930 f   sfc_mex:sfc_sf.obj
 0001:00015a10       mdlDisable                 0000000180016a10 f   sfc_mex:sfc_sf.obj
 0001:00015ad0       sf_get_chart_instance_ptr  0000000180016ad0 f   sfc_mex:sfc_sf.obj
 0001:00015af0       sf_load_rtw_optimization_info 0000000180016af0 f   sfc_mex:sfc_sf.obj
 0001:00015bc0       sf_update_buildInfo        0000000180016bc0 f   sfc_mex:sfc_sf.obj
 0001:00015cc0       sf_rtw_info_uint_prop      0000000180016cc0 f   sfc_mex:sfc_sf.obj
 0001:00015e00       sf_is_chart_inlinable      0000000180016e00 f   sfc_mex:sfc_sf.obj
 0001:00015e20       sf_mark_output_events_with_multiple_callers 0000000180016e20 f   sfc_mex:sfc_sf.obj
 0001:00015fb0       sf_mark_chart_reusable_outputs 0000000180016fb0 f   sfc_mex:sfc_sf.obj
 0001:00016210       sf_mark_chart_expressionable_inputs 0000000180017210 f   sfc_mex:sfc_sf.obj
 0001:00016470       sf_get_subchart_simstruct  0000000180017470 f   sfc_mex:sfc_sf.obj
 0001:000164c0       sf_get_fixpt_data_type_id  00000001800174c0 f   sfc_mex:sfc_sf.obj
 0001:00016500       sf_get_enum_data_type_id   0000000180017500 f   sfc_mex:sfc_sf.obj
 0001:00016540       sf_get_param_data_type_id  0000000180017540 f   sfc_mex:sfc_sf.obj
 0001:00016570       sf_mex_listen_for_ctrl_c_force 0000000180017570 f   sfc_mex:sfc_sf.obj
 0001:00016680       sf_mex_draw_now            0000000180017680 f   sfc_mex:sfc_sf.obj
 0001:000166c0       sf_mex_set_debugger_sim_status_listener_fcn 00000001800176c0 f   sfc_mex:sfc_sf.obj
 0001:000166d0       sf_mex_listen_for_ctrl_c   00000001800176d0 f   sfc_mex:sfc_sf.obj
 0001:00016770       sf_mex_get_sfun_param      0000000180017770 f   sfc_mex:sfc_sf.obj
 0001:000167c0       sf_get_runtime_param_data  00000001800177c0 f   sfc_mex:sfc_sf.obj
 0001:00016800       sf_call_output_fcn_call    0000000180017800 f   sfc_mex:sfc_sf.obj
 0001:00016940       sf_call_output_fcn_enable  0000000180017940 f   sfc_mex:sfc_sf.obj
 0001:000169d0       sf_call_output_fcn_disable 00000001800179d0 f   sfc_mex:sfc_sf.obj
 0001:00016a60       sf_clear_rtw_identifier    0000000180017a60 f   sfc_mex:sfc_sf.obj
 0001:00017280       sf_set_encoded_dwork_info  0000000180018280 f   sfc_mex:sfc_sf.obj
 0001:000172d0       sf_get_dwork_info_from_mat_file 00000001800182d0 f   sfc_mex:sfc_sf.obj
 0001:00017490       sf_set_rtw_dwork_info      0000000180018490 f   sfc_mex:sfc_sf.obj
 0001:00017600       mdlOutputs                 0000000180018600 f   sfc_mex:sfc_sf.obj
 0001:00017720       sf_debug_chart_instance_initialized_quick 0000000180018720 f   sfc_debug:sfcdebug.obj
 0001:000177a0       sf_debug_disp              00000001800187a0 f   sfc_debug:sfcdebug.obj
 0001:00017a70       sf_debug_data_runtime_size_mismatch_error_check 0000000180018a70 f   sfc_debug:sfcdebug.obj
 0001:00017b20       sf_debug_try_loading_machine 0000000180018b20 f   sfc_debug:sfcdebug.obj
 0001:00017c20       sf_debug_reset_current_state_configuration 0000000180018c20 f   sfc_debug:sfcdebug.obj
 0001:00017ca0       sf_debug_store_current_state_configuration 0000000180018ca0 f   sfc_debug:sfcdebug.obj
 0001:00017d20       sf_debug_restore_previous_state_configuration 0000000180018d20 f   sfc_debug:sfcdebug.obj
 0001:00017da0       sf_debug_restore_previous_state_configuration2 0000000180018da0 f   sfc_debug:sfcdebug.obj
 0001:00017e20       sf_debug_get_event_scope   0000000180018e20 f   sfc_debug:sfcdebug.obj
 0001:00017f90       use_debugger_step_animation 0000000180018f90 f   sfc_debug:sfcdebug.obj
 0001:00017fb0       sf_debug_get_script_id     0000000180018fb0 f   sfc_debug:sfcdebug.obj
 0001:00018040       sf_debug_set_script_translation 0000000180019040 f   sfc_debug:sfcdebug.obj
 0001:000181c0       sf_debug_extract_message_post_receive_info 00000001800191c0 f   sfc_debug:sfcdebug.obj
 0001:00018380       sf_debug_get_current_machine_id 0000000180019380 f   sfc_debug:sfcdebug.obj
 0001:000183a0       sf_debug_get_current_optional_integer 00000001800193a0 f   sfc_debug:sfcdebug.obj
 0001:000183b0       sf_debug_get_current_machine_number 00000001800193b0 f   sfc_debug:sfcdebug.obj
 0001:000183d0       sf_debug_get_current_machine_name 00000001800193d0 f   sfc_debug:sfcdebug.obj
 0001:000183f0       sf_debug_get_current_chart_id 00000001800193f0 f   sfc_debug:sfcdebug.obj
 0001:00018430       sf_debug_get_current_chart_number 0000000180019430 f   sfc_debug:sfcdebug.obj
 0001:00018440       sf_debug_get_current_instance_number 0000000180019440 f   sfc_debug:sfcdebug.obj
 0001:00018450       sf_debug_get_current_is_minor_time_step 0000000180019450 f   sfc_debug:sfcdebug.obj
 0001:000184d0       sf_debug_get_current_object_type 00000001800194d0 f   sfc_debug:sfcdebug.obj
 0001:000184e0       sf_debug_get_current_instance_handle 00000001800194e0 f   sfc_debug:sfcdebug.obj
 0001:00018540       sf_debug_get_current_event_type 0000000180019540 f   sfc_debug:sfcdebug.obj
 0001:00018550       sf_debug_get_current_object_id 0000000180019550 f   sfc_debug:sfcdebug.obj
 0001:00018590       sf_debug_get_current_active_event_type 0000000180019590 f   sfc_debug:sfcdebug.obj
 0001:000185a0       sf_debug_get_current_active_event_id 00000001800195a0 f   sfc_debug:sfcdebug.obj
 0001:000185e0       sf_debug_get_current_tag_type 00000001800195e0 f   sfc_debug:sfcdebug.obj
 0001:000185f0       sf_debug_get_current_simulation_time 00000001800195f0 f   sfc_debug:sfcdebug.obj
 0001:00018600       sf_debug_get_current_coverage_percentage 0000000180019600 f   sfc_debug:sfcdebug.obj
 0001:00018610       sf_debug_current_statement_context 0000000180019610 f   sfc_debug:sfcdebug.obj
 0001:00018690       sf_debug_get_current_statement_info 0000000180019690 f   sfc_debug:sfcdebug.obj
 0001:00018830       sf_debug_terminate_instance 0000000180019830 f   sfc_debug:sfcdebug.obj
 0001:00018b50       sf_debug_assertion_failed  0000000180019b50 f   sfc_debug:sfcdebug.obj
 0001:00018d20       sf_debug_create_debug_instance_struct 0000000180019d20 f   sfc_debug:sfcdebug.obj
 0001:00018d70       sf_debug_set_number_of_data_with_change_event_for_machine 0000000180019d70 f   sfc_debug:sfcdebug.obj
 0001:00018dc0       sf_debug_set_machine_event_thresholds 0000000180019dc0 f   sfc_debug:sfcdebug.obj
 0001:00018de0       sf_debug_set_machine_event_scope 0000000180019de0 f   sfc_debug:sfcdebug.obj
 0001:00018e30       sf_debug_set_machine_data_thresholds 0000000180019e30 f   sfc_debug:sfcdebug.obj
 0001:00018e80       sf_debug_set_machine_data_scope 0000000180019e80 f   sfc_debug:sfcdebug.obj
 0001:00018f20       sf_debug_set_machine_data_name 0000000180019f20 f   sfc_debug:sfcdebug.obj
 0001:00018fd0       sf_debug_set_machine_data_size 0000000180019fd0 f   sfc_debug:sfcdebug.obj
 0001:00019120       sf_debug_set_machine_data_type 000000018001a120 f   sfc_debug:sfcdebug.obj
 0001:00019290       sf_debug_get_chart_data_number 000000018001a290 f   sfc_debug:sfcdebug.obj
 0001:000192b0       sf_debug_get_chart_event_number 000000018001a2b0 f   sfc_debug:sfcdebug.obj
 0001:000192d0       sf_debug_set_chart_state_info 000000018001a2d0 f   sfc_debug:sfcdebug.obj
 0001:00019360       sf_debug_set_chart_decomposition 000000018001a360 f   sfc_debug:sfcdebug.obj
 0001:000193d0       sf_debug_set_chart_substate_count 000000018001a3d0 f   sfc_debug:sfcdebug.obj
 0001:000194b0       sf_debug_set_chart_substate_index 000000018001a4b0 f   sfc_debug:sfcdebug.obj
 0001:00019530       sf_debug_set_chart_state_substate_count 000000018001a530 f   sfc_debug:sfcdebug.obj
 0001:00019650       sf_debug_set_chart_state_substate_index 000000018001a650 f   sfc_debug:sfcdebug.obj
 0001:000196e0       sf_debug_set_number_of_data_with_change_event_for_chart 000000018001a6e0 f   sfc_debug:sfcdebug.obj
 0001:00019770       sf_debug_set_number_of_states_with_entry_event_for_chart 000000018001a770 f   sfc_debug:sfcdebug.obj
 0001:000197f0       sf_debug_set_number_of_states_with_exit_event_for_chart 000000018001a7f0 f   sfc_debug:sfcdebug.obj
 0001:00019870       sf_debug_set_chart_disable_implicit_casting 000000018001a870 f   sfc_debug:sfcdebug.obj
 0001:000198e0       sf_debug_set_chart_event_thresholds 000000018001a8e0 f   sfc_debug:sfcdebug.obj
 0001:00019960       sf_debug_set_chart_data_compiled_props 000000018001a960 f   sfc_debug:sfcdebug.obj
 0001:00019ca0       sf_debug_set_chart_data_props 000000018001aca0 f   sfc_debug:sfcdebug.obj
 0001:00019fc0       sf_debug_check_fi_license  000000018001afc0 f   sfc_debug:sfcdebug.obj
 0001:0001a180       sf_debug_symbol_scope_push 000000018001b180 f   sfc_debug:sfcdebug.obj
 0001:0001a1c0       sf_debug_symbol_scope_push_eml 000000018001b1c0 f   sfc_debug:sfcdebug.obj
 0001:0001a210       sf_debug_symbol_scope_pop  000000018001b210 f   sfc_debug:sfcdebug.obj
 0001:0001a250       sf_debug_symbol_scope_add_importable 000000018001b250 f   sfc_debug:sfcdebug.obj
 0001:0001a2d0       sf_debug_symbol_scope_add  000000018001b2d0 f   sfc_debug:sfcdebug.obj
 0001:0001a350       sf_debug_symbol_scope_add_dyn_importable 000000018001b350 f   sfc_debug:sfcdebug.obj
 0001:0001a410       sf_debug_symbol_scope_add_dyn 000000018001b410 f   sfc_debug:sfcdebug.obj
 0001:0001a450       sf_debug_symbol_scope_add_eml_importable 000000018001b450 f   sfc_debug:sfcdebug.obj
 0001:0001a490       sf_debug_symbol_scope_add_eml 000000018001b490 f   sfc_debug:sfcdebug.obj
 0001:0001a4d0       sf_debug_symbol_scope_add_eml_dyn_importable 000000018001b4d0 f   sfc_debug:sfcdebug.obj
 0001:0001a530       sf_debug_symbol_scope_add_eml_dyn 000000018001b530 f   sfc_debug:sfcdebug.obj
 0001:0001a590       sf_debug_symbol_switch     000000018001b590 f   sfc_debug:sfcdebug.obj
 0001:0001a5b0       sf_debug_symbol_scope_add_verbose 000000018001b5b0 f   sfc_debug:sfcdebug.obj
 0001:0001a680       sf_debug_set_machine_data_value_ptr 000000018001b680 f   sfc_debug:sfcdebug.obj
 0001:0001a6c0       sf_debug_set_instance_data_value_ptr 000000018001b6c0 f   sfc_debug:sfcdebug.obj
 0001:0001a790       sf_debug_unset_instance_data_value_ptr 000000018001b790 f   sfc_debug:sfcdebug.obj
 0001:0001a840       sf_debug_set_chart_event_scope 000000018001b840 f   sfc_debug:sfcdebug.obj
 0001:0001a8c0       sf_debug_set_chart_transition_coverage_maps 000000018001b8c0 f   sfc_debug:sfcdebug.obj
 0001:0001a9c0       sf_debug_set_chart_state_coverage_maps 000000018001b9c0 f   sfc_debug:sfcdebug.obj
 0001:0001aa90       sf_debug_set_instance_transition_coverage_weights 000000018001ba90 f   sfc_debug:sfcdebug.obj
 0001:0001ab20       sf_debug_set_instance_state_coverage_weights 000000018001bb20 f   sfc_debug:sfcdebug.obj
 0001:0001ad70       sf_debug_unload_machine    000000018001bd70 f   sfc_debug:sfcdebug.obj
 0001:0001adc0       sf_debug_load_machine      000000018001bdc0 f   sfc_debug:sfcdebug.obj
 0001:0001aed0       sf_debug_set_active_instance_in_data_dictionary 000000018001bed0 f   sfc_debug:sfcdebug.obj
 0001:0001b0b0       sf_debug_set_active_instance 000000018001c0b0 f   sfc_debug:sfcdebug.obj
 0001:0001b210       sf_debug_chart_visiblity_change 000000018001c210 f   sfc_debug:sfcdebug.obj
 0001:0001b300       sf_debug_select_chart      000000018001c300 f   sfc_debug:sfcdebug.obj
 0001:0001b460       sf_debug_set_instance_cv_ids 000000018001c460 f   sfc_debug:sfcdebug.obj
 0001:0001b790       sf_debug_select_charts     000000018001c790 f   sfc_debug:sfcdebug.obj
 0001:0001b940       sf_debug_initialized       000000018001c940 f   sfc_debug:sfcdebug.obj
 0001:0001b960       sf_debug_is_uninterruptible 000000018001c960 f   sfc_debug:sfcdebug.obj
 0001:0001b990       sf_debug_initialize_debugger_gui 000000018001c990 f   sfc_debug:sfcdebug.obj
 0001:0001bd70       sf_debug_resume            000000018001cd70 f   sfc_debug:sfcdebug.obj
 0001:0001bd90       sf_debug_go                000000018001cd90 f   sfc_debug:sfcdebug.obj
 0001:0001bda0       sf_debug_break             000000018001cda0 f   sfc_debug:sfcdebug.obj
 0001:0001bdb0       sf_debug_step_over         000000018001cdb0 f   sfc_debug:sfcdebug.obj
 0001:0001bdc0       sf_debug_step_out          000000018001cdc0 f   sfc_debug:sfcdebug.obj
 0001:0001bdd0       sf_debug_set_disable_all_breakpoints 000000018001cdd0 f   sfc_debug:sfcdebug.obj
 0001:0001bde0       sf_debug_disable_all_breakpoints_and_go 000000018001cde0 f   sfc_debug:sfcdebug.obj
 0001:0001bdf0       sf_debug_break_on_chart_entry 000000018001cdf0 f   sfc_debug:sfcdebug.obj
 0001:0001be00       sf_debug_break_on_event_broadcast 000000018001ce00 f   sfc_debug:sfcdebug.obj
 0001:0001be10       sf_debug_break_on_state_entry 000000018001ce10 f   sfc_debug:sfcdebug.obj
 0001:0001be20       sf_debug_break_between_times 000000018001ce20 f   sfc_debug:sfcdebug.obj
 0001:0001be40       sf_debug_browse_data       000000018001ce40 f   sfc_debug:sfcdebug.obj
 0001:0001be50       sf_debug_watch_data        000000018001ce50 f   sfc_debug:sfcdebug.obj
 0001:0001be80       sf_debug_assign_data       000000018001ce80 f   sfc_debug:sfcdebug.obj
 0001:0001be90       sf_debug_whos              000000018001ce90 f   sfc_debug:sfcdebug.obj
 0001:0001beb0       sf_debug_get_consistency_info 000000018001ceb0 f   sfc_debug:sfcdebug.obj
 0001:0001bec0       sf_debug_browse_trace      000000018001cec0 f   sfc_debug:sfcdebug.obj
 0001:0001bed0       sf_debug_set_breakpoints   000000018001ced0 f   sfc_debug:sfcdebug.obj
 0001:0001c040       sf_debug_set_eml_breakpoints 000000018001d040 f   sfc_debug:sfcdebug.obj
 0001:0001c1a0       sf_debug_set_script_breakpoints 000000018001d1a0 f   sfc_debug:sfcdebug.obj
 0001:0001c220       sf_debug_add_script_breakpoints 000000018001d220 f   sfc_debug:sfcdebug.obj
 0001:0001c290       sf_debug_clear_script_breakpoints 000000018001d290 f   sfc_debug:sfcdebug.obj
 0001:0001c300       sf_debug_query_script_breakpoints 000000018001d300 f   sfc_debug:sfcdebug.obj
 0001:0001c3b0       sf_debug_get_eml_script_id 000000018001d3b0 f   sfc_debug:sfcdebug.obj
 0001:0001c400       sf_debug_set_watch         000000018001d400 f   sfc_debug:sfcdebug.obj
 0001:0001c620       sf_debug_get_instance_handle 000000018001d620 f   sfc_debug:sfcdebug.obj
 0001:0001c6b0       sf_debug_get_active_states 000000018001d6b0 f   sfc_debug:sfcdebug.obj
 0001:0001c6c0       sf_debug_set_honor_breakpoints 000000018001d6c0 f   sfc_debug:sfcdebug.obj
 0001:0001c6d0       sf_debug_get_animation     000000018001d6d0 f   sfc_debug:sfcdebug.obj
 0001:0001c6e0       sf_debug_set_animation     000000018001d6e0 f   sfc_debug:sfcdebug.obj
 0001:0001c6f0       sf_debug_animate           000000018001d6f0 f   sfc_debug:sfcdebug.obj
 0001:0001c710       sf_debug_cycle_detection_check 000000018001d710 f   sfc_debug:sfcdebug.obj
 0001:0001c720       sf_debug_data_range_check  000000018001d720 f   sfc_debug:sfcdebug.obj
 0001:0001c730       sf_debug_transition_conflict_check 000000018001d730 f   sfc_debug:sfcdebug.obj
 0001:0001c740       sf_debug_state_consistency_check 000000018001d740 f   sfc_debug:sfcdebug.obj
 0001:0001c750       sf_debug_data_range_check_enabled 000000018001d750 f   sfc_debug:sfcdebug.obj
 0001:0001c770       sf_debug_transition_conflict_check_enabled 000000018001d770 f   sfc_debug:sfcdebug.obj
 0001:0001c790       sf_debug_transition_conflict_check_begin 000000018001d790 f   sfc_debug:sfcdebug.obj
 0001:0001c7b0       sf_debug_transition_conflict_check_end 000000018001d7b0 f   sfc_debug:sfcdebug.obj
 0001:0001c7d0       sf_debug_stop_debugging    000000018001d7d0 f   sfc_debug:sfcdebug.obj
 0001:0001c800       sf_debug_is_cycle_detected 000000018001d800 f   sfc_debug:sfcdebug.obj
 0001:0001c810       sf_debug_is_array_bounds_detected 000000018001d810 f   sfc_debug:sfcdebug.obj
 0001:0001c820       sf_debug_get_state_vectors_data_size 000000018001d820 f   sfc_debug:sfcdebug.obj
 0001:0001c860       sf_debug_get_state_vectors_data 000000018001d860 f   sfc_debug:sfcdebug.obj
 0001:0001c970       sf_debug_set_state_vectors_data 000000018001d970 f   sfc_debug:sfcdebug.obj
 0001:0001cc00       sf_debug_get_script_index  000000018001dc00 f   sfc_debug:sfcdebug.obj
 0001:0001cd90       sf_debug_add_script        000000018001dd90 f   sfc_debug:sfcdebug.obj
 0001:0001cf20       cv_eval_point              000000018001df20 f   sfc_debug:sfcdebug.obj
 0001:0001d090       cv_eval_testobjective      000000018001e090 f   sfc_debug:sfcdebug.obj
 0001:0001d1a0       sf_debug_cv_init_state     000000018001e1a0 f   sfc_debug:sfcdebug.obj
 0001:0001d2d0       sf_debug_cv_init_chart     000000018001e2d0 f   sfc_debug:sfcdebug.obj
 0001:0001d3c0       sf_debug_cv_init_trans     000000018001e3c0 f   sfc_debug:sfcdebug.obj
 0001:0001d4d0       sf_debug_cv_init_saturation 000000018001e4d0 f   sfc_debug:sfcdebug.obj
 0001:0001d5d0       sf_debug_cv_init_testobjectives 000000018001e5d0 f   sfc_debug:sfcdebug.obj
 0001:0001d7b0       cv_eml_init_script         000000018001e7b0 f   sfc_debug:sfcdebug.obj
 0001:0001d8d0       cv_eml_init_fcn            000000018001e8d0 f   sfc_debug:sfcdebug.obj
 0001:0001d9e0       cv_eml_init_testobjective  000000018001e9e0 f   sfc_debug:sfcdebug.obj
 0001:0001dac0       cv_eml_init_saturation     000000018001eac0 f   sfc_debug:sfcdebug.obj
 0001:0001db90       cv_eml_init_if             000000018001eb90 f   sfc_debug:sfcdebug.obj
 0001:0001dc70       cv_eml_init_for            000000018001ec70 f   sfc_debug:sfcdebug.obj
 0001:0001dd40       cv_eml_init_while          000000018001ed40 f   sfc_debug:sfcdebug.obj
 0001:0001de10       cv_eml_init_mcdc           000000018001ee10 f   sfc_debug:sfcdebug.obj
 0001:0001df30       cv_eml_init_switch         000000018001ef30 f   sfc_debug:sfcdebug.obj
 0001:0001e030       cv_eml_eval                000000018001f030 f   sfc_debug:sfcdebug.obj
 0001:0001e120       sf_debug_bm_is_a_eml_breakpoint 000000018001f120 f   sfc_debug:sfcdebug.obj
 0001:0001e270       sf_debug_temporal_threshold 000000018001f270 f   sfc_debug:sfcdebug.obj
 0001:0001e5e0       sf_debug_transition_conflict_error 000000018001f5e0 f   sfc_debug:sfcdebug.obj
 0001:0001e940       sf_debug_state_inconsistency_error 000000018001f940 f   sfc_debug:sfcdebug.obj
 0001:0001ea60       sf_debug_check_for_state_inconsistency 000000018001fa60 f   sfc_debug:sfcdebug.obj
 0001:0001eaa0       sf_debug_cycle_detecton_error 000000018001faa0 f   sfc_debug:sfcdebug.obj
 0001:0001f1f0       sf_debug_size_eq_check_1d  00000001800201f0 f   sfc_debug:sfcdebug.obj
 0001:0001f210       sf_debug_size_eq_check_nd  0000000180020210 f   sfc_debug:sfcdebug.obj
 0001:0001f410       sf_debug_dim_size_eq_check 0000000180020410 f   sfc_debug:sfcdebug.obj
 0001:0001f440       sf_debug_dim_size_geq_check 0000000180020440 f   sfc_debug:sfcdebug.obj
 0001:0001f470       sf_debug_sub_assign_size_check_nd 0000000180020470 f   sfc_debug:sfcdebug.obj
 0001:0001f650       sf_debug_matrix_matrix_index_check 0000000180020650 f   sfc_debug:sfcdebug.obj
 0001:0001f6a0       sf_debug_vector_vector_index_check 00000001800206a0 f   sfc_debug:sfcdebug.obj
 0001:0001f6f0       sf_debug_for_loop_vector_check 00000001800206f0 f   sfc_debug:sfcdebug.obj
 0001:0001f790       sf_debug_runtime_error_msgid 0000000180020790 f   sfc_debug:sfcdebug.obj
 0001:0001f830       sf_debug_data_array_bounds_error_check 0000000180020830 f   sfc_debug:sfcdebug.obj
 0001:0001f940       sf_debug_eml_data_array_bounds_error_check 0000000180020940 f   sfc_debug:sfcdebug.obj
 0001:0001fe00       sf_debug_integer_check     0000000180020e00 f   sfc_debug:sfcdebug.obj
 0001:0001fef0       sf_debug_not_nan_check     0000000180020ef0 f   sfc_debug:sfcdebug.obj
 0001:0001ffc0       sf_debug_non_negative_check 0000000180020fc0 f   sfc_debug:sfcdebug.obj
 0001:00020090       sf_debug_overflow_detection 0000000180021090 f   sfc_debug:sfcdebug.obj
 0001:000206f0       sf_debug_cast_to_real32_T  00000001800216f0 f   sfc_debug:sfcdebug.obj
 0001:000207c0       sf_debug_cast_to_int8_T    00000001800217c0 f   sfc_debug:sfcdebug.obj
 0001:00020890       sf_debug_cast_to_uint8_T   0000000180021890 f   sfc_debug:sfcdebug.obj
 0001:00020960       sf_debug_cast_to_int16_T   0000000180021960 f   sfc_debug:sfcdebug.obj
 0001:00020a30       sf_debug_cast_to_uint16_T  0000000180021a30 f   sfc_debug:sfcdebug.obj
 0001:00020b00       sf_debug_cast_to_int32_T   0000000180021b00 f   sfc_debug:sfcdebug.obj
 0001:00020bd0       sf_debug_cast_to_uint32_T  0000000180021bd0 f   sfc_debug:sfcdebug.obj
 0001:00020ca0       sf_debug_data_range_error  0000000180021ca0 f   sfc_debug:sfcdebug.obj
 0001:00020fb0       sf_debug_read_before_write_check 0000000180021fb0 f   sfc_debug:sfcdebug.obj
 0001:000213e0       sf_debug_data_range_error_wrapper_min_max 00000001800223e0 f   sfc_debug:sfcdebug.obj
 0001:00021500       sf_debug_data_range_error_wrapper_min 0000000180022500 f   sfc_debug:sfcdebug.obj
 0001:00021610       sf_debug_data_range_error_wrapper_max 0000000180022610 f   sfc_debug:sfcdebug.obj
 0001:00021720       sf_debug_data_range_wrapper 0000000180022720 f   sfc_debug:sfcdebug.obj
 0001:000217e0       sf_debug_set_current_status_info 00000001800227e0 f   sfc_debug:sfcdebug.obj
 0001:00021b80       sf_debug_register_message_post_receive_info 0000000180022b80 f   sfc_debug:sfcdebug.obj
 0001:00021dd0       sf_debug_call              0000000180022dd0 f   sfc_debug:sfcdebug.obj
 0001:00022730       sf_debug_initialize_machine 0000000180023730 f   sfc_debug:sfcdebug.obj
 0001:000229e0       sf_debug_initialize_chart  00000001800239e0 f   sfc_debug:sfcdebug.obj
 0001:00022e30       sf_debug_ensure_script     0000000180023e30 f   sfc_debug:sfcdebug.obj
 0001:00022ee0       cv_eval_saturation         0000000180023ee0 f   sfc_debug:sfcdebug.obj
 0001:00023060       cv_saturation_accum        0000000180024060 f   sfc_debug:sfcdebug.obj
 0001:000231a0       cv_script_init_script      00000001800241a0 f   sfc_debug:sfcdebug.obj
 0001:00023290       cv_script_init_fcn         0000000180024290 f   sfc_debug:sfcdebug.obj
 0001:00023350       cv_script_init_testobjective 0000000180024350 f   sfc_debug:sfcdebug.obj
 0001:00023410       cv_script_init_saturation  0000000180024410 f   sfc_debug:sfcdebug.obj
 0001:000234c0       cv_script_init_if          00000001800244c0 f   sfc_debug:sfcdebug.obj
 0001:00023580       cv_script_init_for         0000000180024580 f   sfc_debug:sfcdebug.obj
 0001:00023630       cv_script_init_while       0000000180024630 f   sfc_debug:sfcdebug.obj
 0001:000236e0       cv_script_init_mcdc        00000001800246e0 f   sfc_debug:sfcdebug.obj
 0001:000237e0       cv_script_init_switch      00000001800247e0 f   sfc_debug:sfcdebug.obj
 0001:000238c0       cv_script_eval             00000001800248c0 f   sfc_debug:sfcdebug.obj
 0001:00023990       eml_debug_line_call        0000000180024990 f   sfc_debug:sfcdebug.obj
 0001:00023b60       sf_debug_terminate         0000000180024b60 f   sfc_debug:sfcdebug.obj
 0001:00023d70       sf_debug_set_script_cv_ids 0000000180024d70 f   sfc_debug:sfcdebug.obj
 0001:00023ea0       sf_debug_api               0000000180024ea0 f   sfc_debug:sfc_api.obj
 0001:00025790       sf_debug_sm_terminate      0000000180026790 f   sfc_debug:sfdb_animation.obj
 0001:00025940       sf_debug_reset_path_objects 0000000180026940 f   sfc_debug:sfdb_animation.obj
 0001:000259c0       sf_debug_sm_reset_object_selection_status 00000001800269c0 f   sfc_debug:sfdb_animation.obj
 0001:00025a60       sf_debug_sm_reset_state_buffer 0000000180026a60 f   sfc_debug:sfdb_animation.obj
 0001:00025b30       sf_debug_sm_store_state_buffer 0000000180026b30 f   sfc_debug:sfdb_animation.obj
 0001:00025bb0       sf_debug_sm_restore_state_buffer1 0000000180026bb0 f   sfc_debug:sfdb_animation.obj
 0001:00025c20       sf_debug_sm_restore_state_buffer2 0000000180026c20 f   sfc_debug:sfdb_animation.obj
 0001:00025c90       sf_debug_sm_chart_active   0000000180026c90 f   sfc_debug:sfdb_animation.obj
 0001:00025ce0       sf_debug_sm_select_active_objects 0000000180026ce0 f   sfc_debug:sfdb_animation.obj
 0001:000261b0       sf_debug_sm_is_chart_active 00000001800271b0 f   sfc_debug:sfdb_animation.obj
 0001:000261f0       sf_debug_sm_is_state_active 00000001800271f0 f   sfc_debug:sfdb_animation.obj
 0001:00026430       sf_debug_sm_get_active_states 0000000180027430 f   sfc_debug:sfdb_animation.obj
 0001:000269e0       sf_debug_sm_initialize_instance 00000001800279e0 f   sfc_debug:sfdb_animation.obj
 0001:00026bf0       sf_debug_sm_change_object_selection_status 0000000180027bf0 f   sfc_debug:sfdb_animation.obj
 0001:00026ec0       cv_create_interface        0000000180027ec0 f   sfc_debug:cv_sfinterface.obj
 0001:000271d0       cv_init_trans              00000001800281d0 f   sfc_debug:cv_sfinterface.obj
 0001:00027220       cv_init_saturation         0000000180028220 f   sfc_debug:cv_sfinterface.obj
 0001:00027260       cv_init_testobjective      0000000180028260 f   sfc_debug:cv_sfinterface.obj
 0001:000272a0       cv_init_state              00000001800282a0 f   sfc_debug:cv_sfinterface.obj
 0001:00027310       cv_init_chart              0000000180028310 f   sfc_debug:cv_sfinterface.obj
 0001:00027360       cv_dec_update_call         0000000180028360 f   sfc_debug:cv_sfinterface.obj
 0001:000273a0       cv_cond_update_call        00000001800283a0 f   sfc_debug:cv_sfinterface.obj
 0001:000273e0       cv_saturation_update_call  00000001800283e0 f   sfc_debug:cv_sfinterface.obj
 0001:00027420       cv_saturation_update_accum 0000000180028420 f   sfc_debug:cv_sfinterface.obj
 0001:00027460       cv_testobjective_update_call 0000000180028460 f   sfc_debug:cv_sfinterface.obj
 0001:000274a0       cv_sigrange_update         00000001800284a0 f   sfc_debug:cv_sfinterface.obj
 0001:000274e0       cvsf_eml_eval              00000001800284e0 f   sfc_debug:cv_sfinterface.obj
 0001:000275c0       cvsf_eml_init_script       00000001800285c0 f   sfc_debug:cv_sfinterface.obj
 0001:00027650       cvsf_eml_init_fcn          0000000180028650 f   sfc_debug:cv_sfinterface.obj
 0001:000276b0       cvsf_eml_init_testobjective 00000001800286b0 f   sfc_debug:cv_sfinterface.obj
 0001:00027710       cvsf_eml_init_saturation   0000000180028710 f   sfc_debug:cv_sfinterface.obj
 0001:00027760       cvsf_eml_init_if           0000000180028760 f   sfc_debug:cv_sfinterface.obj
 0001:000277c0       cvsf_eml_init_for          00000001800287c0 f   sfc_debug:cv_sfinterface.obj
 0001:00027810       cvsf_eml_init_while        0000000180028810 f   sfc_debug:cv_sfinterface.obj
 0001:00027860       cvsf_eml_init_mcdc         0000000180028860 f   sfc_debug:cv_sfinterface.obj
 0001:000278f0       cvsf_eml_init_switch       00000001800288f0 f   sfc_debug:cv_sfinterface.obj
 0001:00027960       cvsf_script_eval           0000000180028960 f   sfc_debug:cv_sfinterface.obj
 0001:00027a40       cvsf_script_init_script    0000000180028a40 f   sfc_debug:cv_sfinterface.obj
 0001:00027ad0       cvsf_script_init_fcn       0000000180028ad0 f   sfc_debug:cv_sfinterface.obj
 0001:00027b30       cvsf_script_init_testobjective 0000000180028b30 f   sfc_debug:cv_sfinterface.obj
 0001:00027b90       cvsf_script_init_saturation 0000000180028b90 f   sfc_debug:cv_sfinterface.obj
 0001:00027be0       cvsf_script_init_if        0000000180028be0 f   sfc_debug:cv_sfinterface.obj
 0001:00027c40       cvsf_script_init_for       0000000180028c40 f   sfc_debug:cv_sfinterface.obj
 0001:00027c90       cvsf_script_init_while     0000000180028c90 f   sfc_debug:cv_sfinterface.obj
 0001:00027ce0       cvsf_script_init_mcdc      0000000180028ce0 f   sfc_debug:cv_sfinterface.obj
 0001:00027d70       cvsf_script_init_switch    0000000180028d70 f   sfc_debug:cv_sfinterface.obj
 0001:00027de0       cv_destroy_interface       0000000180028de0 f   sfc_debug:cv_sfinterface.obj
 0001:00027e00       cv_create_instance_objects 0000000180028e00 f   sfc_debug:cv_sfinterface.obj
 0001:00028270       cv_is_enabled              0000000180029270 f   sfc_debug:cv_sfinterface.obj
 0001:00028280       sf_debug_cv_initialize_script 0000000180029280 f   sfc_debug:cv_sfinterface.obj
 0001:00028410       sf_debug_cv_initialize_instance 0000000180029410 f   sfc_debug:cv_sfinterface.obj
 0001:000287a0       sf_debug_cv_terminate_chart 00000001800297a0 f   sfc_debug:cv_sfinterface.obj
 0001:000288c0       cv_call_trans_test         00000001800298c0 f   sfc_debug:cv_sfinterface.obj
 0001:000288d0       cv_call_sub_cond_test      00000001800298d0 f   sfc_debug:cv_sfinterface.obj
 0001:00028910       sf_debug_st_initialize_machine 0000000180029910 f   sfc_debug:sfdb_data_browse.obj
 0001:000289c0       sf_debug_st_initialize_instance 00000001800299c0 f   sfc_debug:sfdb_data_browse.obj
 0001:00028bd0       sf_debug_st_terminate      0000000180029bd0 f   sfc_debug:sfdb_data_browse.obj
 0001:00028f70       sf_debug_st_set_data_value_ptr_in_machine 0000000180029f70 f   sfc_debug:sfdb_data_browse.obj
 0001:00029000       sf_debug_st_set_data_value_ptr_in_instance 000000018002a000 f   sfc_debug:sfdb_data_browse.obj
 0001:000290e0       sf_debug_st_unset_data_value_ptr_in_machine 000000018002a0e0 f   sfc_debug:sfdb_data_browse.obj
 0001:00029150       sf_debug_st_unset_data_value_ptr_in_instance 000000018002a150 f   sfc_debug:sfdb_data_browse.obj
 0001:00029410       sf_debug_mx_value          000000018002a410 f   sfc_debug:sfdb_data_browse.obj
 0001:00029470       sf_debug_mx_packed_vector  000000018002a470 f   sfc_debug:sfdb_data_browse.obj
 0001:00029550       sf_debug_mx_uint_vector    000000018002a550 f   sfc_debug:sfdb_data_browse.obj
 0001:00029600       sf_debug_st_get_double_value_from_void_ptr_vector 000000018002a600 f   sfc_debug:sfdb_data_browse.obj
 0001:0002a0e0       sf_debug_st_browse_data    000000018002b0e0 f   sfc_debug:sfdb_data_browse.obj
 0001:0002a920       sf_debug_hm_initialize_instance 000000018002b920 f   sfc_debug:sfdb_handle_management.obj
 0001:0002ae00       sf_debug_hm_get_object_id  000000018002be00 f   sfc_debug:sfdb_handle_management.obj
 0001:0002b9b0       sf_debug_hm_update_chart_visibility 000000018002c9b0 f   sfc_debug:sfdb_handle_management.obj
 0001:0002cba0       sf_debug_object_is_eml_function 000000018002dba0 f   sfc_debug:sfdb_handle_management.obj
 0001:0002cc10       sf_debug_hm_initialize_ids_in_machine 000000018002dc10 f   sfc_debug:sfdb_handle_management.obj
 0001:0002cd80       sf_debug_hm_initialize_ids_in_chart 000000018002dd80 f   sfc_debug:sfdb_handle_management.obj
 0001:0002ce80       sf_debug_hm_initialize_chart 000000018002de80 f   sfc_debug:sfdb_handle_management.obj
 0001:0002d580       sf_debug_hm_terminate      000000018002e580 f   sfc_debug:sfdb_handle_management.obj
 0001:0002d5e0       sf_debug_hm_initialize_machine 000000018002e5e0 f   sfc_debug:sfdb_handle_management.obj
 0001:0002dd00       sf_debug_ss_initialize     000000018002ed00 f   sfc_debug:sfdb_symbol_scope.obj
 0001:0002dd20       sf_debug_ss_terminate      000000018002ed20 f   sfc_debug:sfdb_symbol_scope.obj
 0001:0002ddb0       sf_debug_ss_push_symbol_scope 000000018002edb0 f   sfc_debug:sfdb_symbol_scope.obj
 0001:0002deb0       sf_debug_ss_push_symbol_scope_eml 000000018002eeb0 f   sfc_debug:sfdb_symbol_scope.obj
 0001:0002df10       sf_debug_ss_pop_symbol_scope 000000018002ef10 f   sfc_debug:sfdb_symbol_scope.obj
 0001:0002dfc0       sf_debug_ss_add_symbol     000000018002efc0 f   sfc_debug:sfdb_symbol_scope.obj
 0001:0002e130       sf_debug_ss_add_symbol_eml 000000018002f130 f   sfc_debug:sfdb_symbol_scope.obj
 0001:0002f030       sf_debug_ss_set_data_value 0000000180030030 f   sfc_debug:sfdb_symbol_scope.obj
 0001:0002f480       getInstanceNumber          0000000180030480 f   sfc_debug:sfdb_symbol_scope.obj
 0001:0002f550       sf_debug_ss_watch_data     0000000180030550 f   sfc_debug:sfdb_symbol_scope.obj
 0001:0002f740       sf_debug_ss_assign_data    0000000180030740 f   sfc_debug:sfdb_symbol_scope.obj
 0001:00030150       get_data_entry_name        0000000180031150 f   sfc_debug:sfdb_symbol_scope.obj
 0001:000301a0       sf_debug_ss_whos           00000001800311a0 f   sfc_debug:sfdb_symbol_scope.obj
 0001:000307f0       sf_debug_cc_initialize_chart 00000001800317f0 f   sfc_debug:sfdb_coverage.obj
 0001:000311e0       sf_debug_cc_initialize_instance 00000001800321e0 f   sfc_debug:sfdb_coverage.obj
 0001:00031f20       sf_debug_cc_terminate      0000000180032f20 f   sfc_debug:sfdb_coverage.obj
 0001:00032010       sf_debug_cc_set_transition_maps 0000000180033010 f   sfc_debug:sfdb_coverage.obj
 0001:00032140       sf_debug_cc_set_state_maps 0000000180033140 f   sfc_debug:sfdb_coverage.obj
 0001:00032220       sf_debug_cc_set_transition_weights 0000000180033220 f   sfc_debug:sfdb_coverage.obj
 0001:000324e0       sf_debug_cc_set_state_weights 00000001800334e0 f   sfc_debug:sfdb_coverage.obj
 0001:000327b0       sf_debug_cc_mark_transition_guard 00000001800337b0 f   sfc_debug:sfdb_coverage.obj
 0001:00032840       sf_debug_cc_mark_transition_trigger 0000000180033840 f   sfc_debug:sfdb_coverage.obj
 0001:000328d0       sf_debug_cc_mark_transition_decision 00000001800338d0 f   sfc_debug:sfdb_coverage.obj
 0001:00032940       sf_debug_cc_mark_transition_condition_action 0000000180033940 f   sfc_debug:sfdb_coverage.obj
 0001:00032990       sf_debug_cc_mark_transition_transition_action 0000000180033990 f   sfc_debug:sfdb_coverage.obj
 0001:000329e0       sf_debug_cc_mark_state_entry 00000001800339e0 f   sfc_debug:sfdb_coverage.obj
 0001:00032a30       sf_debug_cc_mark_state_during 0000000180033a30 f   sfc_debug:sfdb_coverage.obj
 0001:00032a80       sf_debug_cc_mark_state_exit 0000000180033a80 f   sfc_debug:sfdb_coverage.obj
 0001:00032ad0       sf_debug_bm_clear_script_breakpoints 0000000180033ad0 f   sfc_debug:sfdb_breakpoints.obj
 0001:00032b00       sf_debug_bm_set_script_breakpoint 0000000180033b00 f   sfc_debug:sfdb_breakpoints.obj
 0001:00032b80       sf_debug_bm_clear_single_script_breakpoint 0000000180033b80 f   sfc_debug:sfdb_breakpoints.obj
 0001:00032c00       sf_debug_bm_query_script_breakpoint 0000000180033c00 f   sfc_debug:sfdb_breakpoints.obj
 0001:00032c50       sf_debug_bm_initialize_scripts 0000000180033c50 f   sfc_debug:sfdb_breakpoints.obj
 0001:000332e0       sf_debug_bm_terminate      00000001800342e0 f   sfc_debug:sfdb_breakpoints.obj
 0001:000335c0       sf_debug_bm_remove_all_breakpoints_in_machine 00000001800345c0 f   sfc_debug:sfdb_breakpoints.obj
 0001:00033620       sf_debug_bm_remove_all_breakpoints_in_chart 0000000180034620 f   sfc_debug:sfdb_breakpoints.obj
 0001:00033770       sf_debug_bm_initialize_global_breakpoints 0000000180034770 f   sfc_debug:sfdb_breakpoints.obj
 0001:000338f0       sf_debug_bm_set_breakpoint 00000001800348f0 f   sfc_debug:sfdb_breakpoints.obj
 0001:00033eb0       sf_debug_bm_set_eml_breakpoint 0000000180034eb0 f   sfc_debug:sfdb_breakpoints.obj
 0001:00033f40       sf_debug_bm_initialize_machine_breakpoint_map 0000000180034f40 f   sfc_debug:sfdb_breakpoints.obj
 0001:00034360       sf_debug_bm_is_a_breakpoint 0000000180035360 f   sfc_debug:sfdb_breakpoints.obj
 0001:00034880       sf_debug_bm_get_all_breakpoints_in_machine 0000000180035880 f   sfc_debug:sfdb_breakpoints.obj
 0001:00034b80       sf_debug_bm_get_all_breakpoints_in_chart 0000000180035b80 f   sfc_debug:sfdb_breakpoints.obj
 0001:00035710       sf_debug_bm_initialize_machine 0000000180036710 f   sfc_debug:sfdb_breakpoints.obj
 0001:000357e0       sf_debug_bm_initialize_chart 00000001800367e0 f   sfc_debug:sfdb_breakpoints.obj
 0001:00035bd0       sf_debug_sc_terminate      0000000180036bd0 f   sfc_debug:sfdb_state_consistency.obj
 0001:00035ef0       sf_debug_sc_is_chart_consistent 0000000180036ef0 f   sfc_debug:sfdb_state_consistency.obj
 0001:000361a0       sf_debug_sc_get_consistency_error_info 00000001800371a0 f   sfc_debug:sfdb_state_consistency.obj
 0001:000365b0       sf_debug_tm_terminate      00000001800375b0 f   sfc_debug:sfdb_call_stack.obj
 0001:00036660       sf_debug_tm_push_chart_instance 0000000180037660 f   sfc_debug:sfdb_call_stack.obj
 0001:000367a0       sf_debug_tm_pop_chart_instance 00000001800377a0 f   sfc_debug:sfdb_call_stack.obj
 0001:00036800       sf_debug_tm_push_trace_node 0000000180037800 f   sfc_debug:sfdb_call_stack.obj
 0001:00036980       sf_debug_tm_pop_trace_node 0000000180037980 f   sfc_debug:sfdb_call_stack.obj
 0001:00036a00       sf_debug_tm_get_current_global_trace_index 0000000180037a00 f   sfc_debug:sfdb_call_stack.obj
 0001:00036a10       sf_debug_tm_get_current_local_trace_index 0000000180037a10 f   sfc_debug:sfdb_call_stack.obj
 0001:00036a40       sf_debug_tm_set_cycle_detected_flag 0000000180037a40 f   sfc_debug:sfdb_call_stack.obj
 0001:00036a80       sf_debug_tm_set_cycle_started_flag 0000000180037a80 f   sfc_debug:sfdb_call_stack.obj
 0001:00036ac0       sf_debug_tm_get_chart_number_from_stack 0000000180037ac0 f   sfc_debug:sfdb_call_stack.obj
 0001:00036cc0       sf_debug_tm_browse_trace   0000000180037cc0 f   sfc_debug:sfdb_call_stack.obj
 0001:00036fd0       sf_debug_cd_initialize_instance 0000000180037fd0 f   sfc_debug:sfdb_cycle_detection.obj
 0001:00037280       sf_debug_cd_mark_processed_transition_in_instance 0000000180038280 f   sfc_debug:sfdb_cycle_detection.obj
 0001:00037320       sf_debug_cd_checksum_push  0000000180038320 f   sfc_debug:sfdb_cycle_detection.obj
 0001:000375d0       sf_debug_cd_checksum_pop   00000001800385d0 f   sfc_debug:sfdb_cycle_detection.obj
 0001:00037640       sf_debug_cd_turn_off_cycle_detection 0000000180038640 f   sfc_debug:sfdb_cycle_detection.obj
 0001:00037690       sf_debug_cd_terminate      0000000180038690 f   sfc_debug:sfdb_cycle_detection.obj
 0001:000378c0       md5_initialize_state       00000001800388c0 f   sfc_debug:ckmd5.obj
 0001:00038350       md5_update_state           0000000180039350 f   sfc_debug:ckmd5.obj
 0001:00038370       md5_get_hash               0000000180039370 f   sfc_debug:ckmd5.obj
 0001:000383a0       md5_get_hash_for_a_single_string 00000001800393a0 f   sfc_debug:ckmd5.obj
 0001:00038400       mxGetPr                    0000000180039400 f   libmx:libmx.dll
 0001:00038406       mxCreateDoubleScalar       0000000180039406 f   libmx:libmx.dll
 0001:0003840c       mxCreateDoubleMatrix_730   000000018003940c f   libmx:libmx.dll
 0001:00038412       mxSetField_730             0000000180039412 f   libmx:libmx.dll
 0001:00038418       mxCreateString             0000000180039418 f   libmx:libmx.dll
 0001:0003841e       mxCreateStructMatrix_730   000000018003941e f   libmx:libmx.dll
 0001:00038424       mxCreateCellMatrix_730     0000000180039424 f   libmx:libmx.dll
 0001:0003842a       mxDestroyArray             000000018003942a f   libmx:libmx.dll
 0001:00038430       mxDuplicateArray           0000000180039430 f   libmx:libmx.dll
 0001:00038436       mxGetString_730            0000000180039436 f   libmx:libmx.dll
 0001:0003843c       mxIsChar                   000000018003943c f   libmx:libmx.dll
 0001:00038442       mxGetClassID               0000000180039442 f   libmx:libmx.dll
 0001:00038448       mxIsNumeric                0000000180039448 f   libmx:libmx.dll
 0001:0003844e       mxIsComplex                000000018003944e f   libmx:libmx.dll
 0001:00038454       mxGetN                     0000000180039454 f   libmx:libmx.dll
 0001:0003845a       mxGetM                     000000018003945a f   libmx:libmx.dll
 0001:00038460       mxCalloc                   0000000180039460 f   libmx:libmx.dll
 0001:00038466       mxGetScalar                0000000180039466 f   libmx:libmx.dll
 0001:0003846c       mxIsLogical                000000018003946c f   libmx:libmx.dll
 0001:00038472       mxCreateDoubleMatrix_700   0000000180039472 f   libmx:libmx.dll
 0001:00038478       mxFree                     0000000180039478 f   libmx:libmx.dll
 0001:0003847e       mxArrayToString            000000018003947e f   libmx:libmx.dll
 0001:00038484       mxCreateCellMatrix_700     0000000180039484 f   libmx:libmx.dll
 0001:0003848a       mxSetCell_700              000000018003948a f   libmx:libmx.dll
 0001:00038490       mxGetCell_700              0000000180039490 f   libmx:libmx.dll
 0001:00038496       mxGetClassName             0000000180039496 f   libmx:libmx.dll
 0001:0003849c       mxSetField_700             000000018003949c f   libmx:libmx.dll
 0001:000384a2       mxAddField                 00000001800394a2 f   libmx:libmx.dll
 0001:000384a8       mxGetField_700             00000001800394a8 f   libmx:libmx.dll
 0001:000384ae       mxGetNumberOfElements      00000001800394ae f   libmx:libmx.dll
 0001:000384b4       mxIsStruct                 00000001800394b4 f   libmx:libmx.dll
 0001:000384ba       mxIsA                      00000001800394ba f   libmx:libmx.dll
 0001:000384c0       mxIsClass                  00000001800394c0 f   libmx:libmx.dll
 0001:000384c6       mxGetLogicals              00000001800394c6 f   libmx:libmx.dll
 0001:000384cc       mxIsSparse                 00000001800394cc f   libmx:libmx.dll
 0001:000384d2       mxSetFieldByNumber_700     00000001800394d2 f   libmx:libmx.dll
 0001:000384d8       mxGetFieldByNumber_700     00000001800394d8 f   libmx:libmx.dll
 0001:000384de       mxGetFieldNameByNumber     00000001800394de f   libmx:libmx.dll
 0001:000384e4       mxGetNumberOfFields        00000001800394e4 f   libmx:libmx.dll
 0001:000384ea       mxCreateStructMatrix_700   00000001800394ea f   libmx:libmx.dll
 0001:000384f0       mxGetFieldNumber           00000001800394f0 f   libmx:libmx.dll
 0001:000384f6       mxIsNaN                    00000001800394f6 f   libmx:libmx.dll
 0001:000384fc       mxIsEmpty                  00000001800394fc f   libmx:libmx.dll
 0001:00038502       mxGetData                  0000000180039502 f   libmx:libmx.dll
 0001:00038508       mxGetImagData              0000000180039508 f   libmx:libmx.dll
 0001:0003850e       mxArrayClassIDName         000000018003950e f   libmx:libmx.dll
 0001:00038514       mxCreateNumericMatrix_700  0000000180039514 f   libmx:libmx.dll
 0001:0003851a       mxCreateStructArray_700    000000018003951a f   libmx:libmx.dll
 0001:00038520       mxCalcSingleSubscript_700  0000000180039520 f   libmx:libmx.dll
 0001:00038526       mxGetDimensions_700        0000000180039526 f   libmx:libmx.dll
 0001:0003852c       mxGetNumberOfDimensions_700 000000018003952c f   libmx:libmx.dll
 0001:00038532       mxCreateNumericArray_700   0000000180039532 f   libmx:libmx.dll
 0001:00038538       mxGetElementSize           0000000180039538 f   libmx:libmx.dll
 0001:0003853e       mxCreateStringFromNChars_700 000000018003953e f   libmx:libmx.dll
 0001:00038544       mxGetString_700            0000000180039544 f   libmx:libmx.dll
 0001:0003854a       mxIsLogicalScalarTrue      000000018003954a f   libmx:libmx.dll
 0001:00038550       mxCreateLogicalScalar      0000000180039550 f   libmx:libmx.dll
 0001:00038556       mexUnlock                  0000000180039556 f   libmex:libmex.dll
 0001:0003855c       mexIsLocked                000000018003955c f   libmex:libmex.dll
 0001:00038562       mexWarnMsgTxt              0000000180039562 f   libmex:libmex.dll
 0001:00038568       mexCallMATLAB              0000000180039568 f   libmex:libmex.dll
 0001:0003856e       mexErrMsgTxt               000000018003956e f   libmex:libmex.dll
 0001:00038574       mexMakeArrayPersistent     0000000180039574 f   libmex:libmex.dll
 0001:0003857a       mexSetTrapFlag             000000018003957a f   libmex:libmex.dll
 0001:00038580       mexPutVariable             0000000180039580 f   libmex:libmex.dll
 0001:00038586       mexGetVariable             0000000180039586 f   libmex:libmex.dll
 0001:0003858c       mexLock                    000000018003958c f   libmex:libmex.dll
 0001:00038592       mexMakeMemoryPersistent    0000000180039592 f   libmex:libmex.dll
 0001:00038598       mexFunctionName            0000000180039598 f   libmex:libmex.dll
 0001:0003859e       ssRegisterDataTypeFxpFSlopeFixExpBias 000000018003959e f   libfixedpoint:libfixedpoint.dll
 0001:000385a4       ssRegisterDataTypeFxpScaledDouble 00000001800395a4 f   libfixedpoint:libfixedpoint.dll
 0001:000385aa       utMalloc                   00000001800395aa f   libut:libut.dll
 0001:000385b0       utFree                     00000001800395b0 f   libut:libut.dll
 0001:000385b6       utVSNprintf                00000001800395b6 f   libut:libut.dll
 0001:000385bc       utCPUtime                  00000001800395bc f   libut:libut.dll
 0001:000385c2       utCalloc                   00000001800395c2 f   libut:libut.dll
 0001:000385c8       utRealloc                  00000001800395c8 f   libut:libut.dll
 0001:000385ce       emlrtCreateRootTLS         00000001800395ce f   libemlrt:libemlrt.dll
 0001:000385d4       emlrtDestroyRootTLS        00000001800395d4 f   libemlrt:libemlrt.dll
 0001:000385da       emlrtCheckBuiltInR2012b    00000001800395da f   libemlrt:libemlrt.dll
 0001:000385e0       emlrtCheckVsBuiltInR2012b  00000001800395e0 f   libemlrt:libemlrt.dll
 0001:000385e6       emlrtCheckEnumR2012b       00000001800395e6 f   libemlrt:libemlrt.dll
 0001:000385ec       emlrtCreateEnumR2012b      00000001800395ec f   libemlrt:libemlrt.dll
 0001:000385f2       emlrtGetEnumElementR2009a  00000001800395f2 f   libemlrt:libemlrt.dll
 0001:000385f8       emlrtCreateReference       00000001800395f8 f   libemlrt:libemlrt.dll
 0001:000385fe       emlrtImportVsFiArrayR2009b 00000001800395fe f   libemlrt:libemlrt.dll
 0001:00038604       emlrtNameCapturePostProcessR2012a 0000000180039604 f   libemlrt:libemlrt.dll
 0001:0003860a       emlrtExtractMessageId      000000018003960a f   libemlrt:libemlrt.dll
 0001:00038610       emlrtTranslateMessageIDtoLCPstring 0000000180039610 f   libemlrt:libemlrt.dll
 0001:00038616       emlrtForLoopVectorIsValidR2011b 0000000180039616 f   libemlrt:libemlrt.dll
 0001:0003861c       emlrtTranslateUTF16MessagetoLCPstring 000000018003961c f   libemlrt:libemlrt.dll
 0001:00038622       emlrtGetEnumUnderlyingArrayR2009a 0000000180039622 f   libemlrt:libemlrt.dll
 0001:00038628       emlrtIsEnumR2009a          0000000180039628 f   libemlrt:libemlrt.dll
 0001:0003862e       memset                     000000018003962e f   MSVCRT:MSVCR100.dll
 0001:00038634       __GSHandlerCheckCommon     0000000180039634 f   MSVCRT:gshandler.obj
 0001:00038698       __GSHandlerCheck           0000000180039698 f   MSVCRT:gshandler.obj
 0001:000386d0       __security_check_cookie    00000001800396d0 f   MSVCRT:amdsecgs.obj
 0001:000386f0       strcmp                     00000001800396f0 f   MSVCRT:MSVCR100.dll
 0001:000386f6       free                       00000001800396f6 f   MSVCRT:MSVCR100.dll
 0001:000386fc       sprintf                    00000001800396fc f   MSVCRT:MSVCR100.dll
 0001:00038702       malloc                     0000000180039702 f   MSVCRT:MSVCR100.dll
 0001:00038708       strlen                     0000000180039708 f   MSVCRT:MSVCR100.dll
 0001:0003870e       strcat                     000000018003970e f   MSVCRT:MSVCR100.dll
 0001:00038714       memcpy                     0000000180039714 f   MSVCRT:MSVCR100.dll
 0001:0003871c       NtCurrentTeb               000000018003971c f i MSVCRT:crtdll.obj
 0001:00038788       _CRT_INIT                  0000000180039788 f   MSVCRT:crtdll.obj
 0001:00038b20       _DllMainCRTStartup         0000000180039b20 f   MSVCRT:crtdll.obj
 0001:00038b5e       strncpy                    0000000180039b5e f   MSVCRT:MSVCR100.dll
 0001:00038b80       __chkstk                   0000000180039b80 f   MSVCRT:chkstk.obj
 0001:00038b80       _alloca_probe              0000000180039b80     MSVCRT:chkstk.obj
 0001:00038bce       longjmp                    0000000180039bce f   MSVCRT:MSVCR100.dll
 0001:00038bd4       strncmp                    0000000180039bd4 f   MSVCRT:MSVCR100.dll
 0001:00038bda       ceil                       0000000180039bda f   MSVCRT:MSVCR100.dll
 0001:00038be0       strrchr                    0000000180039be0 f   MSVCRT:MSVCR100.dll
 0001:00038be6       _setjmp                    0000000180039be6 f   MSVCRT:MSVCR100.dll
 0001:00038bec       ldexp                      0000000180039bec f   MSVCRT:MSVCR100.dll
 0001:00038bf4       __report_gsfailure         0000000180039bf4 f   MSVCRT:gs_report.obj
 0001:00038d40       __clean_type_info_names    0000000180039d40 f   MSVCRT:tncleanup.obj
 0001:00038d4c       _onexit                    0000000180039d4c f   MSVCRT:atonexit.obj
 0001:00038dfc       atexit                     0000000180039dfc f   MSVCRT:atonexit.obj
 0001:00038e14       _RTC_Initialize            0000000180039e14 f   MSVCRT:_initsect_.obj
 0001:00038e4c       _RTC_Terminate             0000000180039e4c f   MSVCRT:_initsect_.obj
 0001:00038e84       _malloc_crt                0000000180039e84 f   MSVCRT:MSVCR100.dll
 0001:00038e90       _ValidateImageBase         0000000180039e90 f   MSVCRT:pesect.obj
 0001:00038ec0       _FindPESection             0000000180039ec0 f   MSVCRT:pesect.obj
 0001:00038f10       _IsNonwritableInCurrentImage 0000000180039f10 f   MSVCRT:pesect.obj
 0001:00038f52       _initterm                  0000000180039f52 f   MSVCRT:MSVCR100.dll
 0001:00038f58       _initterm_e                0000000180039f58 f   MSVCRT:MSVCR100.dll
 0001:00038f5e       _encoded_null              0000000180039f5e f   MSVCRT:MSVCR100.dll
 0001:00038f64       _amsg_exit                 0000000180039f64 f   MSVCRT:MSVCR100.dll
 0001:00038f6a       __C_specific_handler       0000000180039f6a f   MSVCRT:MSVCR100.dll
 0001:00038f70       __CppXcptFilter            0000000180039f70 f   MSVCRT:MSVCR100.dll
 0001:00038f78       DllMain                    0000000180039f78 f   MSVCRT:dllmain.obj
 0001:00038f9c       __security_init_cookie     0000000180039f9c f   MSVCRT:gs_support.obj
 0001:00039050       __crt_debugger_hook        000000018003a050 f   MSVCRT:MSVCR100.dll
 0001:00039056       __clean_type_info_names_internal 000000018003a056 f   MSVCRT:MSVCR100.dll
 0001:0003905c       _unlock                    000000018003a05c f   MSVCRT:MSVCR100.dll
 0001:00039062       __dllonexit                000000018003a062 f   MSVCRT:MSVCR100.dll
 0001:00039068       _lock                      000000018003a068 f   MSVCRT:MSVCR100.dll
 0001:0003906e       EncodePointer              000000018003a06e f   kernel32:KERNEL32.dll
 0001:00039074       DecodePointer              000000018003a074 f   kernel32:KERNEL32.dll
 0001:0003907a       Sleep                      000000018003a07a f   kernel32:KERNEL32.dll
 0001:00039080       TerminateProcess           000000018003a080 f   kernel32:KERNEL32.dll
 0001:00039086       GetCurrentProcess          000000018003a086 f   kernel32:KERNEL32.dll
 0001:0003908c       UnhandledExceptionFilter   000000018003a08c f   kernel32:KERNEL32.dll
 0001:00039092       SetUnhandledExceptionFilter 000000018003a092 f   kernel32:KERNEL32.dll
 0001:00039098       IsDebuggerPresent          000000018003a098 f   kernel32:KERNEL32.dll
 0001:0003909e       RtlVirtualUnwind           000000018003a09e f   kernel32:KERNEL32.dll
 0001:000390a4       RtlLookupFunctionEntry     000000018003a0a4 f   kernel32:KERNEL32.dll
 0001:000390aa       RtlCaptureContext          000000018003a0aa f   kernel32:KERNEL32.dll
 0001:000390b0       DisableThreadLibraryCalls  000000018003a0b0 f   kernel32:KERNEL32.dll
 0001:000390b6       QueryPerformanceCounter    000000018003a0b6 f   kernel32:KERNEL32.dll
 0001:000390bc       GetTickCount               000000018003a0bc f   kernel32:KERNEL32.dll
 0001:000390c2       GetCurrentThreadId         000000018003a0c2 f   kernel32:KERNEL32.dll
 0001:000390c8       GetCurrentProcessId        000000018003a0c8 f   kernel32:KERNEL32.dll
 0001:000390ce       GetSystemTimeAsFileTime    000000018003a0ce f   kernel32:KERNEL32.dll
 0002:00000000       __imp_GetSystemTimeAsFileTime 000000018003b000     kernel32:KERNEL32.dll
 0002:00000008       __imp_GetCurrentProcessId  000000018003b008     kernel32:KERNEL32.dll
 0002:00000010       __imp_GetCurrentThreadId   000000018003b010     kernel32:KERNEL32.dll
 0002:00000018       __imp_GetTickCount         000000018003b018     kernel32:KERNEL32.dll
 0002:00000020       __imp_QueryPerformanceCounter 000000018003b020     kernel32:KERNEL32.dll
 0002:00000028       __imp_DisableThreadLibraryCalls 000000018003b028     kernel32:KERNEL32.dll
 0002:00000030       __imp_RtlCaptureContext    000000018003b030     kernel32:KERNEL32.dll
 0002:00000038       __imp_RtlLookupFunctionEntry 000000018003b038     kernel32:KERNEL32.dll
 0002:00000040       __imp_RtlVirtualUnwind     000000018003b040     kernel32:KERNEL32.dll
 0002:00000048       __imp_IsDebuggerPresent    000000018003b048     kernel32:KERNEL32.dll
 0002:00000050       __imp_SetUnhandledExceptionFilter 000000018003b050     kernel32:KERNEL32.dll
 0002:00000058       __imp_UnhandledExceptionFilter 000000018003b058     kernel32:KERNEL32.dll
 0002:00000060       __imp_GetCurrentProcess    000000018003b060     kernel32:KERNEL32.dll
 0002:00000068       __imp_TerminateProcess     000000018003b068     kernel32:KERNEL32.dll
 0002:00000070       __imp_Sleep                000000018003b070     kernel32:KERNEL32.dll
 0002:00000078       __imp_DecodePointer        000000018003b078     kernel32:KERNEL32.dll
 0002:00000080       __imp_EncodePointer        000000018003b080     kernel32:KERNEL32.dll
 0002:00000088       \177KERNEL32_NULL_THUNK_DATA 000000018003b088     kernel32:KERNEL32.dll
 0002:00000090       __imp__onexit              000000018003b090     MSVCRT:MSVCR100.dll
 0002:00000098       __imp__lock                000000018003b098     MSVCRT:MSVCR100.dll
 0002:000000a0       __imp___dllonexit          000000018003b0a0     MSVCRT:MSVCR100.dll
 0002:000000a8       __imp__unlock              000000018003b0a8     MSVCRT:MSVCR100.dll
 0002:000000b0       __imp___clean_type_info_names_internal 000000018003b0b0     MSVCRT:MSVCR100.dll
 0002:000000b8       __imp___crt_debugger_hook  000000018003b0b8     MSVCRT:MSVCR100.dll
 0002:000000c0       __imp___CppXcptFilter      000000018003b0c0     MSVCRT:MSVCR100.dll
 0002:000000c8       __imp___C_specific_handler 000000018003b0c8     MSVCRT:MSVCR100.dll
 0002:000000d0       __imp__amsg_exit           000000018003b0d0     MSVCRT:MSVCR100.dll
 0002:000000d8       __imp__encoded_null        000000018003b0d8     MSVCRT:MSVCR100.dll
 0002:000000e0       __imp__initterm_e          000000018003b0e0     MSVCRT:MSVCR100.dll
 0002:000000e8       __imp__initterm            000000018003b0e8     MSVCRT:MSVCR100.dll
 0002:000000f0       __imp__malloc_crt          000000018003b0f0     MSVCRT:MSVCR100.dll
 0002:000000f8       __imp_ldexp                000000018003b0f8     MSVCRT:MSVCR100.dll
 0002:00000100       __imp__setjmp              000000018003b100     MSVCRT:MSVCR100.dll
 0002:00000108       __imp_strrchr              000000018003b108     MSVCRT:MSVCR100.dll
 0002:00000110       __imp_ceil                 000000018003b110     MSVCRT:MSVCR100.dll
 0002:00000118       __imp_strncmp              000000018003b118     MSVCRT:MSVCR100.dll
 0002:00000120       __imp_longjmp              000000018003b120     MSVCRT:MSVCR100.dll
 0002:00000128       __imp_strncpy              000000018003b128     MSVCRT:MSVCR100.dll
 0002:00000130       __imp_memcpy               000000018003b130     MSVCRT:MSVCR100.dll
 0002:00000138       __imp_strcat               000000018003b138     MSVCRT:MSVCR100.dll
 0002:00000140       __imp_strlen               000000018003b140     MSVCRT:MSVCR100.dll
 0002:00000148       __imp_malloc               000000018003b148     MSVCRT:MSVCR100.dll
 0002:00000150       __imp_sprintf              000000018003b150     MSVCRT:MSVCR100.dll
 0002:00000158       __imp_free                 000000018003b158     MSVCRT:MSVCR100.dll
 0002:00000160       __imp_strcmp               000000018003b160     MSVCRT:MSVCR100.dll
 0002:00000168       __imp_memset               000000018003b168     MSVCRT:MSVCR100.dll
 0002:00000170       \177MSVCR100_NULL_THUNK_DATA 000000018003b170     MSVCRT:MSVCR100.dll
 0002:00000178       __imp_emlrtIsEnumR2009a    000000018003b178     libemlrt:libemlrt.dll
 0002:00000180       __imp_emlrtGetEnumUnderlyingArrayR2009a 000000018003b180     libemlrt:libemlrt.dll
 0002:00000188       __imp_emlrtTranslateUTF16MessagetoLCPstring 000000018003b188     libemlrt:libemlrt.dll
 0002:00000190       __imp_emlrtForLoopVectorIsValidR2011b 000000018003b190     libemlrt:libemlrt.dll
 0002:00000198       __imp_emlrtTranslateMessageIDtoLCPstring 000000018003b198     libemlrt:libemlrt.dll
 0002:000001a0       __imp_emlrtExtractMessageId 000000018003b1a0     libemlrt:libemlrt.dll
 0002:000001a8       __imp_emlrtNameCapturePostProcessR2012a 000000018003b1a8     libemlrt:libemlrt.dll
 0002:000001b0       __imp_emlrtImportVsFiArrayR2009b 000000018003b1b0     libemlrt:libemlrt.dll
 0002:000001b8       __imp_emlrtCreateReference 000000018003b1b8     libemlrt:libemlrt.dll
 0002:000001c0       __imp_emlrtGetEnumElementR2009a 000000018003b1c0     libemlrt:libemlrt.dll
 0002:000001c8       __imp_emlrtCreateEnumR2012b 000000018003b1c8     libemlrt:libemlrt.dll
 0002:000001d0       __imp_emlrtCheckEnumR2012b 000000018003b1d0     libemlrt:libemlrt.dll
 0002:000001d8       __imp_emlrtCheckVsBuiltInR2012b 000000018003b1d8     libemlrt:libemlrt.dll
 0002:000001e0       __imp_emlrtCheckBuiltInR2012b 000000018003b1e0     libemlrt:libemlrt.dll
 0002:000001e8       __imp_emlrtDestroyRootTLS  000000018003b1e8     libemlrt:libemlrt.dll
 0002:000001f0       __imp_emlrtCreateRootTLS   000000018003b1f0     libemlrt:libemlrt.dll
 0002:000001f8       \177libemlrt_NULL_THUNK_DATA 000000018003b1f8     libemlrt:libemlrt.dll
 0002:00000200       __imp_ssRegisterDataTypeFxpScaledDouble 000000018003b200     libfixedpoint:libfixedpoint.dll
 0002:00000208       __imp_ssRegisterDataTypeFxpFSlopeFixExpBias 000000018003b208     libfixedpoint:libfixedpoint.dll
 0002:00000210       \177libfixedpoint_NULL_THUNK_DATA 000000018003b210     libfixedpoint:libfixedpoint.dll
 0002:00000218       __imp_mexLock              000000018003b218     libmex:libmex.dll
 0002:00000220       __imp_mexMakeMemoryPersistent 000000018003b220     libmex:libmex.dll
 0002:00000228       __imp_mexFunctionName      000000018003b228     libmex:libmex.dll
 0002:00000230       __imp_mexGetVariable       000000018003b230     libmex:libmex.dll
 0002:00000238       __imp_mexPutVariable       000000018003b238     libmex:libmex.dll
[...]
 0001:0000ed90       sf_mex_check_complex       000000018000fd90 f   sfc_mex:sfc_mex.obj
 0001:0000ee20       sf_mex_check_sparse        000000018000fe20 f   sfc_mex:sfc_mex.obj
 0001:0000ee80       sf_mex_check_numerictype   000000018000fe80 f   sfc_mex:sfc_mex.obj
 0001:0000f010       sf_mex_check_fimath        0000000180010010 f   sfc_mex:sfc_mex.obj
 0001:0000fb70       size_mismatch_error        0000000180010b70 f   sfc_mex:sfc_mex.obj
 0001:000105e0       check_array_dimensions     00000001800115e0 f   sfc_mex:sfc_mex.obj
 0001:00010650       check_input_mxarray        0000000180011650 f   sfc_mex:sfc_mex.obj
 0001:00010d90       sf_numeric_value_to_double 0000000180011d90 f   sfc_mex:sfc_mex.obj
 0001:00010de0       ml_generic_out_of_bounds_check 0000000180011de0 f   sfc_mex:sfc_mex.obj
 0001:00010fa0       ml_get_element_value_from_array 0000000180011fa0 f   sfc_mex:sfc_mex.obj
 0001:00011340       _ml_generic_castability_check 0000000180012340 f   sfc_mex:sfc_mex.obj
 0001:00011a90       ml_generic_castability_check 0000000180012a90 f   sfc_mex:sfc_mex.obj
 0001:00011b30       ml_check_mx_array_for_single_castability 0000000180012b30 f   sfc_mex:sfc_mex.obj
 0001:00011bd0       ml_check_mx_array_for_logical_castability 0000000180012bd0 f   sfc_mex:sfc_mex.obj
 0001:00011c70       ml_check_mx_array_for_int8_castability 0000000180012c70 f   sfc_mex:sfc_mex.obj
 0001:00011d20       ml_check_mx_array_for_uint8_castability 0000000180012d20 f   sfc_mex:sfc_mex.obj
 0001:00011d80       ml_check_mx_array_for_int16_castability 0000000180012d80 f   sfc_mex:sfc_mex.obj
 0001:00011de0       ml_check_mx_array_for_uint16_castability 0000000180012de0 f   sfc_mex:sfc_mex.obj
 0001:00011e40       ml_check_mx_array_for_int32_castability 0000000180012e40 f   sfc_mex:sfc_mex.obj
 0001:00011ea0       ml_check_mx_array_for_uint32_castability 0000000180012ea0 f   sfc_mex:sfc_mex.obj
 0001:00011f00       ml_check_mx_array_for_castability 0000000180012f00 f   sfc_mex:sfc_mex.obj
 0001:00012720       set_data_value             0000000180013720 f   sfc_mex:sfc_mex.obj
 0001:00012a90       get_data_value             0000000180013a90 f   sfc_mex:sfc_mex.obj
 0001:00012ba0       get_next_element_address   0000000180013ba0 f   sfc_mex:sfc_mex.obj
 0001:00012c70       sf_normalize_index         0000000180013c70 f   sfc_mex:sfc_mex.obj
 0001:00013020       ml_array_index_bound_check 0000000180014020 f   sfc_mex:sfc_mex.obj
 0001:00013ba0       mx_value                   0000000180014ba0 f   sfc_mex:sfc_mex.obj
 0001:00013bf0       sf_create_numeric_array    0000000180014bf0 f   sfc_mex:sfc_mex.obj
 0001:00013c90       sf_mex_assign_to_mx_array  0000000180014c90 f   sfc_mex:sfc_mex.obj
 0001:00014000       assign_from_mx_array       0000000180015000 f   sfc_mex:sfc_mex.obj
 0001:00014760       sf_mex_import_v            0000000180015760 f   sfc_mex:sfc_mex.obj
 0001:00014e70       get_machine_and_chart_file_number 0000000180015e70 f   sfc_mex:sfc_sf.obj
 0001:00014f60       get_sfun_block_specialization 0000000180015f60 f   sfc_mex:sfc_sf.obj
 0001:00015010       call_sf_machine_global_method_dispatcher 0000000180016010 f   sfc_mex:sfc_sf.obj
 0001:00015260       mdl_zeroCrossings_processing 0000000180016260 f   sfc_mex:sfc_sf.obj
 0001:00015340       mdl_derivatives_processing 0000000180016340 f   sfc_mex:sfc_sf.obj
 0001:00015620       mdl_outputs_continuous_legacy 0000000180016620 f   sfc_mex:sfc_sf.obj
 0001:000156a0       mdl_outputs_processing     00000001800166a0 f   sfc_mex:sfc_sf.obj
 0001:00015910       mdl_enable_processing      0000000180016910 f   sfc_mex:sfc_sf.obj
 0001:000159f0       mdl_disable_processing     00000001800169f0 f   sfc_mex:sfc_sf.obj
 0001:00016880       sf_call_output_fcn_enable_disable 0000000180017880 f   sfc_mex:sfc_sf.obj
 0001:00016b00       set_dwork_information_from_mx_array 0000000180017b00 f   sfc_mex:sfc_sf.obj
 0001:000173f0       ptr2mxStruct               00000001800183f0 f   sfc_mex:sfc_sf.obj
 0001:00017700       SNPRINTF_WRAPPER           0000000180018700 f   sfc_debug:sfcdebug.obj
 0001:00017730       sf_debug_chart_instance_initialized 0000000180018730 f   sfc_debug:sfcdebug.obj
 0001:000178d0       sfrtAddSize                00000001800188d0 f   sfc_debug:sfcdebug.obj
 0001:00017990       sfrtGenSizeString          0000000180018990 f   sfc_debug:sfcdebug.obj
 0001:000180e0       fill_single_message_info   00000001800190e0 f   sfc_debug:sfcdebug.obj
 0001:00018360       sf_debug_sim_status_listener 0000000180019360 f   sfc_debug:sfcdebug.obj
 0001:000188f0       sf_debug_form_mask_bits    00000001800198f0 f   sfc_debug:sfcdebug.obj
 0001:00018910       sf_debug_form_sf_data_type_offsets 0000000180019910 f   sfc_debug:sfcdebug.obj
 0001:000189d0       sf_debug_free_all          00000001800199d0 f   sfc_debug:sfcdebug.obj
 0001:00018b60       sf_debug_append_debugger_context 0000000180019b60 f   sfc_debug:sfcdebug.obj
 0001:00018ed0       local_strdup               0000000180019ed0 f   sfc_debug:sfcdebug.obj
 0001:00019e50       sf_debug_em_terminate      000000018001ae50 f   sfc_debug:sfcdebug.obj
 0001:00019e90       sf_debug_push_eml_function 000000018001ae90 f   sfc_debug:sfcdebug.obj
 0001:00019f30       sf_debug_pop_eml_function  000000018001af30 f   sfc_debug:sfcdebug.obj
 0001:0001abd0       sf_debug_get_machine_number_from_id_or_name 000000018001bbd0 f   sfc_debug:sfcdebug.obj
 0001:0001ad20       sf_debug_get_chart_number_from_id 000000018001bd20 f   sfc_debug:sfcdebug.obj
 0001:0001bb00       sf_debug_transfer_control_to_debugger_GUI 000000018001cb00 f   sfc_debug:sfcdebug.obj
 0001:0001ca70       sf_debug_scripts_rehash    000000018001da70 f   sfc_debug:sfcdebug.obj
 0001:0001cc80       sf_debug_get_script_line_count 000000018001dc80 f   sfc_debug:sfcdebug.obj
 0001:0001d6d0       cv_eml_state_cvId          000000018001e6d0 f   sfc_debug:sfcdebug.obj
 0001:0001d740       cv_eml_trans_cvId          000000018001e740 f   sfc_debug:sfcdebug.obj
 0001:0001ebc0       sf_debug_data_array_bounds_error 000000018001fbc0 f   sfc_debug:sfcdebug.obj
 0001:0001ef70       eml_debug_runtime_error_doclink 000000018001ff70 f   sfc_debug:sfcdebug.obj
 0001:0001f0e0       sf_debug_runtime_error     00000001800200e0 f   sfc_debug:sfcdebug.obj
 0001:0001f150       sf_debug_matlab_error      0000000180020150 f   sfc_debug:sfcdebug.obj
 0001:0001fac0       sf_debug_data_value_error  0000000180020ac0 f   sfc_debug:sfcdebug.obj
 0001:00020390       sf_debug_data_loss_error   0000000180021390 f   sfc_debug:sfcdebug.obj
 0001:000212b0       call_cv_range_check        00000001800222b0 f   sfc_debug:sfcdebug.obj
 0001:00021b10       sf_debug_invoke_cycle_detection_code 0000000180022b10 f   sfc_debug:sfcdebug.obj
 0001:00022680       sf_reset_debug_info_struct 0000000180023680 f   sfc_debug:sfcdebug.obj
 0001:00022e70       cv_script_cvId             0000000180023e70 f   sfc_debug:sfcdebug.obj
 0001:00024030       sfc_api_chart_visible      0000000180025030 f   sfc_debug:sfc_api.obj
 0001:000240c0       sfc_api_active_instance    00000001800250c0 f   sfc_debug:sfc_api.obj
 0001:00024150       sfc_api_machine_load       0000000180025150 f   sfc_debug:sfc_api.obj
 0001:00024240       sfc_api_debugger_alive     0000000180025240 f   sfc_debug:sfc_api.obj
 0001:00024250       sfc_api_go                 0000000180025250 f   sfc_debug:sfc_api.obj
 0001:00024260       sfc_api_step_over          0000000180025260 f   sfc_debug:sfc_api.obj
 0001:00024270       sfc_api_step_out           0000000180025270 f   sfc_debug:sfc_api.obj
 0001:00024280       sfc_api_resume             0000000180025280 f   sfc_debug:sfc_api.obj
 0001:00024290       sfc_api_break              0000000180025290 f   sfc_debug:sfc_api.obj
 0001:000242a0       sfc_api_stop_debugging     00000001800252a0 f   sfc_debug:sfc_api.obj
 0001:00024300       sfc_api_is_cycle_detected  0000000180025300 f   sfc_debug:sfc_api.obj
 0001:00024360       sfc_api_is_array_bounds_detected 0000000180025360 f   sfc_debug:sfc_api.obj
 0001:000243c0       sfc_api_set_disable_all_breakpoints 00000001800253c0 f   sfc_debug:sfc_api.obj
 0001:00024440       sfc_api_disable_all_breakpoints_and_go 0000000180025440 f   sfc_debug:sfc_api.obj
 0001:00024450       sfc_api_close              0000000180025450 f   sfc_debug:sfc_api.obj
 0001:00024460       sfc_api_browse_data        0000000180025460 f   sfc_debug:sfc_api.obj
 0001:000244e0       sfc_api_watch_data         00000001800254e0 f   sfc_debug:sfc_api.obj
 0001:000245f0       sfc_api_extract_message_post_receive_info 00000001800255f0 f   sfc_debug:sfc_api.obj
 0001:00024610       sfc_api_assign_data        0000000180025610 f   sfc_debug:sfc_api.obj
 0001:000246c0       sfc_api_whos               00000001800256c0 f   sfc_debug:sfc_api.obj
 0001:00024750       sfc_api_get_consistency_info 0000000180025750 f   sfc_debug:sfc_api.obj
 0001:00024760       sfc_api_browse_trace       0000000180025760 f   sfc_debug:sfc_api.obj
 0001:00024770       sfc_api_break_on_chart_entry 0000000180025770 f   sfc_debug:sfc_api.obj
 0001:000247a0       sfc_api_break_on_event_broadcast 00000001800257a0 f   sfc_debug:sfc_api.obj
 0001:000247d0       sfc_api_break_on_state_entry 00000001800257d0 f   sfc_debug:sfc_api.obj
 0001:00024800       sfc_api_set_watch          0000000180025800 f   sfc_debug:sfc_api.obj
 0001:000248b0       sfc_api_set_breakpoints    00000001800258b0 f   sfc_debug:sfc_api.obj
 0001:00024970       sfc_api_set_eml_breakpoints 0000000180025970 f   sfc_debug:sfc_api.obj
 0001:00024a10       sfc_api_set_script_breakpoints 0000000180025a10 f   sfc_debug:sfc_api.obj
 0001:00024a70       sfc_api_add_script_breakpoints 0000000180025a70 f   sfc_debug:sfc_api.obj
 0001:00024ad0       sfc_api_clear_script_breakpoints 0000000180025ad0 f   sfc_debug:sfc_api.obj
 0001:00024b30       sfc_api_query_script_breakpoints 0000000180025b30 f   sfc_debug:sfc_api.obj
 0001:00024ba0       sfc_api_get_script_id      0000000180025ba0 f   sfc_debug:sfc_api.obj
 0001:00024c60       sfc_api_get_active_states  0000000180025c60 f   sfc_debug:sfc_api.obj
 0001:00024cf0       sfc_api_break_between_times 0000000180025cf0 f   sfc_debug:sfc_api.obj
 0001:00024d60       sfc_api_get_instance_handle 0000000180025d60 f   sfc_debug:sfc_api.obj
 0001:00024e30       sfc_api_set_animation      0000000180025e30 f   sfc_debug:sfc_api.obj
 0001:00024e80       sfc_api_select_chart       0000000180025e80 f   sfc_debug:sfc_api.obj
 0001:00024ef0       sfc_api_select_charts      0000000180025ef0 f   sfc_debug:sfc_api.obj
 0001:00024f20       sfc_api_cycle_detection_check 0000000180025f20 f   sfc_debug:sfc_api.obj
 0001:00024f70       sfc_api_data_range_check   0000000180025f70 f   sfc_debug:sfc_api.obj
 0001:00024fc0       sfc_api_transition_conflict_check 0000000180025fc0 f   sfc_debug:sfc_api.obj
 0001:00025010       sfc_api_state_consistency_check 0000000180026010 f   sfc_debug:sfc_api.obj
 0001:00025060       sfc_api_set_instance_cv_ids 0000000180026060 f   sfc_debug:sfc_api.obj
 0001:00025190       sfc_api_set_script_cv_ids  0000000180026190 f   sfc_debug:sfc_api.obj
 0001:00025260       sfc_api_get_current_machine_id 0000000180026260 f   sfc_debug:sfc_api.obj
 0001:00025290       sfc_api_get_current_machine_number 0000000180026290 f   sfc_debug:sfc_api.obj
 0001:000252c0       sfc_api_get_current_chart_number 00000001800262c0 f   sfc_debug:sfc_api.obj
 0001:000252f0       sfc_api_get_current_instance_number 00000001800262f0 f   sfc_debug:sfc_api.obj
 0001:00025320       sfc_api_get_current_instance_handle 0000000180026320 f   sfc_debug:sfc_api.obj
 0001:00025340       sfc_api_get_current_is_minor_time_step 0000000180026340 f   sfc_debug:sfc_api.obj
 0001:00025370       sfc_api_get_current_machine_name 0000000180026370 f   sfc_debug:sfc_api.obj
 0001:00025390       sfc_api_get_current_chart_id 0000000180026390 f   sfc_debug:sfc_api.obj
 0001:000253c0       sfc_api_get_current_object_type 00000001800263c0 f   sfc_debug:sfc_api.obj
 0001:000253f0       sfc_api_get_current_event_type 00000001800263f0 f   sfc_debug:sfc_api.obj
 0001:00025420       sfc_api_get_current_object_id 0000000180026420 f   sfc_debug:sfc_api.obj
 0001:00025450       sfc_get_current_active_event_type 0000000180026450 f   sfc_debug:sfc_api.obj
 0001:00025480       sfc_api_get_current_active_event_id 0000000180026480 f   sfc_debug:sfc_api.obj
 0001:000254b0       sfc_api_get_current_simulation_time 00000001800264b0 f   sfc_debug:sfc_api.obj
 0001:000254d0       sfc_get_current_tag_type   00000001800264d0 f   sfc_debug:sfc_api.obj
 0001:00025500       sfc_get_current_coverage_percentage 0000000180026500 f   sfc_debug:sfc_api.obj
 0001:00025520       sfc_get_current_statement_context 0000000180026520 f   sfc_debug:sfc_api.obj
 0001:00025540       sfc_get_current_optional_integer 0000000180026540 f   sfc_debug:sfc_api.obj
 0001:00025570       sfc_get_current_statement_info 0000000180026570 f   sfc_debug:sfc_api.obj
 0001:00025610       sfc_api_get                0000000180026610 f   sfc_debug:sfc_api.obj
 0001:00026270       sf_debug_sm_fill_state_activity_data 0000000180027270 f   sfc_debug:sfdb_animation.obj
 0001:00028ab0       void_ptr_stack_vector_free_total 0000000180029ab0 f   sfc_debug:sfdb_data_browse.obj
 0001:00028b30       sf_debug_st_terminate_machine 0000000180029b30 f   sfc_debug:sfdb_data_browse.obj
 0001:00028b70       sf_debug_st_terminate_instance 0000000180029b70 f   sfc_debug:sfdb_data_browse.obj
 0001:00028f20       push_on_to_void_ptr_stack  0000000180029f20 f   sfc_debug:sfdb_data_browse.obj
 0001:000290b0       pop_from_void_ptr_stack    000000018002a0b0 f   sfc_debug:sfdb_data_browse.obj
 0001:000291e0       sf_debug_st_get_data_value 000000018002a1e0 f   sfc_debug:sfdb_data_browse.obj
 0001:00029710       mx_value                   000000018002a710 f   sfc_debug:sfdb_data_browse.obj
 0001:00029750       sf_debug_st_fill_data_struct 000000018002a750 f   sfc_debug:sfdb_data_browse.obj
 0001:00029a90       data_type_format_strings   000000018002aa90 f   sfc_debug:sfdb_data_browse.obj
 0001:00029b40       sf_debug_st_fill_data      000000018002ab40 f   sfc_debug:sfdb_data_browse.obj
 0001:0002a830       sf_debug_hm_get_simulink_handle 000000018002b830 f   sfc_debug:sfdb_handle_management.obj
 0001:0002b2e0       sf_debug_hm_initialize_globals 000000018002c2e0 f   sfc_debug:sfdb_handle_management.obj
 0001:0002b3e0       sf_debug_hm_get_machine_debug_flag 000000018002c3e0 f   sfc_debug:sfdb_handle_management.obj
 0001:0002b550       sf_debug_hm_get_machine_id 000000018002c550 f   sfc_debug:sfdb_handle_management.obj
 0001:0002b670       sf_debug_hm_get_chart_id   000000018002c670 f   sfc_debug:sfdb_handle_management.obj
 0001:0002b810       sf_debug_hm_register_executing_SFunction 000000018002c810 f   sfc_debug:sfdb_handle_management.obj
 0001:0002bba0       sf_debug_hm_form_object_boolean_properties 000000018002cba0 f   sfc_debug:sfdb_handle_management.obj
 0001:0002be70       sf_debug_hm_form_object_properties 000000018002ce70 f   sfc_debug:sfdb_handle_management.obj
 0001:0002c0b0       sf_debug_hm_terminate_charts 000000018002d0b0 f   sfc_debug:sfdb_handle_management.obj
 0001:0002c790       sf_debug_hm_terminate_machines 000000018002d790 f   sfc_debug:sfdb_handle_management.obj
 0001:0002e200       sf_debug_ss_copy_dimension 000000018002f200 f   sfc_debug:sfdb_symbol_scope.obj
 0001:0002e2c0       sf_debug_ss_get_number_elements 000000018002f2c0 f   sfc_debug:sfdb_symbol_scope.obj
 0001:0002e2e0       sf_debug_ss_fill_data_struct 000000018002f2e0 f   sfc_debug:sfdb_symbol_scope.obj
 0001:0002e630       sf_debug_ss_reset_data_info 000000018002f630 f   sfc_debug:sfdb_symbol_scope.obj
 0001:0002e690       sf_debug_fill_data_info_by_symbol_scope_entry 000000018002f690 f   sfc_debug:sfdb_symbol_scope.obj
 0001:0002e750       sf_debug_fill_data_info_by_data_vector 000000018002f750 f   sfc_debug:sfdb_symbol_scope.obj
 0001:0002e9a0       get_data_info_helper       000000018002f9a0 f   sfc_debug:sfdb_symbol_scope.obj
 0001:0002ec90       sf_debug_ss_get_data_info  000000018002fc90 f   sfc_debug:sfdb_symbol_scope.obj
 0001:0002eeb0       sf_debug_select_mex_function 000000018002feb0 f   sfc_debug:sfdb_symbol_scope.obj
 0001:0002eee0       sf_debug_is_dyn_matrix_initialized 000000018002fee0 f   sfc_debug:sfdb_symbol_scope.obj
 0001:0002ef00       sf_debug_ss_set_data_value_try 000000018002ff00 f   sfc_debug:sfdb_symbol_scope.obj
 0001:0002f0f0       sf_debug_ss_get_data_value 00000001800300f0 f   sfc_debug:sfdb_symbol_scope.obj
 0001:0002f850       sf_debug_ss_data_bytes_string 0000000180030850 f   sfc_debug:sfdb_symbol_scope.obj
 0001:0002f8e0       sf_debug_ss_data_class_string 00000001800308e0 f   sfc_debug:sfdb_symbol_scope.obj
 0001:0002fc60       sf_debug_ss_data_size_string 0000000180030c60 f   sfc_debug:sfdb_symbol_scope.obj
 0001:0002fd40       sf_debug_ss_data_create_data_info_struct 0000000180030d40 f   sfc_debug:sfdb_symbol_scope.obj
 0001:0002fff0       sf_debug_ss_data_create_name_value_pair 0000000180030ff0 f   sfc_debug:sfdb_symbol_scope.obj
 0001:00030090       sf_debug_ss_data_get_whos_info 0000000180031090 f   sfc_debug:sfdb_symbol_scope.obj
 0001:000300a0       same_named_data_in_data_array 00000001800310a0 f   sfc_debug:sfdb_symbol_scope.obj
 0001:00031830       sf_debug_cc_terminate_chart 0000000180032830 f   sfc_debug:sfdb_coverage.obj
 0001:00031b40       sf_debug_cc_terminate_instance 0000000180032b40 f   sfc_debug:sfdb_coverage.obj
 0001:00032710       sf_debug_cc_mark_object_if_needed 0000000180033710 f   sfc_debug:sfdb_coverage.obj
 0001:00032f90       sf_debug_bm_initialize_eml 0000000180033f90 f   sfc_debug:sfdb_breakpoints.obj
 0001:00034050       sf_debug_bm_map_debug_tag_to_breakpoint_tag 0000000180035050 f   sfc_debug:sfdb_breakpoints.obj
 0001:00034130       sf_debug_bm_is_a_eml_breakpoint_impl 0000000180035130 f   sfc_debug:sfdb_breakpoints.obj
 0001:00035a60       sf_debug_sc_push_on_error_stack 0000000180036a60 f   sfc_debug:sfdb_state_consistency.obj
 0001:00035b80       sf_debug_sc_reset_error_stack 0000000180036b80 f   sfc_debug:sfdb_state_consistency.obj
 0001:00035d10       sf_debug_sc_is_state_inconsistent 0000000180036d10 f   sfc_debug:sfdb_state_consistency.obj
 0001:00036000       sf_debug_sc_fill_consistency_info 0000000180037000 f   sfc_debug:sfdb_state_consistency.obj
 0001:000365a0       void_assertion_fcn         00000001800375a0 f   sfc_debug:sfdb_call_stack.obj
 0001:00036af0       sf_debug_tm_fill_local_trace 0000000180037af0 f   sfc_debug:sfdb_call_stack.obj
 0001:00037090       sf_debug_cd_terminate_instance 0000000180038090 f   sfc_debug:sfdb_cycle_detection.obj
 0001:000370f0       sf_debug_cd_free_checksum_stack 00000001800380f0 f   sfc_debug:sfdb_cycle_detection.obj
 0001:00037140       sf_debug_cd_reset_pack_strings 0000000180038140 f   sfc_debug:sfdb_cycle_detection.obj
 0001:000377e0       md5file_clear              00000001800387e0 f   sfc_debug:ckmd5.obj
 0001:00037810       Encode                     0000000180038810 f   sfc_debug:ckmd5.obj
 0001:00037860       Decode                     0000000180038860 f   sfc_debug:ckmd5.obj
 0001:00037900       MD5Transform               0000000180038900 f   sfc_debug:ckmd5.obj
 0001:00038160       md5file_addn               0000000180039160 f   sfc_debug:ckmd5.obj
 0001:00038230       md5file_hash               0000000180039230 f   sfc_debug:ckmd5.obj
 0001:00038728       pre_c_init                 0000000180039728 f   MSVCRT:crtdll.obj
 0001:000389e4       __DllMainCRTStartup        00000001800399e4 f   MSVCRT:crtdll.obj
 0001:000390e0       __DllMainCRTStartup$filt$0 000000018003a0e0 f   MSVCRT:crtdll.obj
 0001:00039110       __DllMainCRTStartup$fin$1  000000018003a110 f   MSVCRT:crtdll.obj
 0001:0003912a       _onexit$fin$0              000000018003a12a f   MSVCRT:atonexit.obj
 0001:00039150       _IsNonwritableInCurrentImage$filt$0 000000018003a150 f   MSVCRT:pesect.obj
